============================= test session starts =============================
platform win32 -- Python 3.12.5, pytest-8.3.3, pluggy-1.5.0 -- C:\Users\rchiodo\AppData\Local\anaconda3\envs\py312_64\python.exe
PYDEVD_USE_CYTHON: False
PYDEVD_TEST_VM: None
Number of processors: 16
Relevant system paths:
sys.executable: C:\Users\rchiodo\AppData\Local\anaconda3\envs\py312_64\python.exe
sys.prefix: C:\Users\rchiodo\AppData\Local\anaconda3\envs\py312_64
sys.base_prefix: C:\Users\rchiodo\AppData\Local\anaconda3\envs\py312_64
site.getusersitepackages(): C:\Users\rchiodo\AppData\Roaming\Python\Python312\site-packages
site.getsitepackages(): ['C:\\Users\\rchiodo\\AppData\\Local\\anaconda3\\envs\\py312_64', 'C:\\Users\\rchiodo\\AppData\\Local\\anaconda3\\envs\\py312_64\\Lib\\site-packages']
Folder with "site-packages" in sys.path: C:\Users\rchiodo\AppData\Local\anaconda3\envs\py312_64\Lib\site-packages
cachedir: .pytest_cache
rootdir: C:\Users\rchiodo\source\repos\PyDev.Debugger
configfile: pytest.ini
plugins: cov-5.0.0, retry-1.6.3, timeout-2.3.1, xdist-3.6.1
collecting ... collected 1 item

tests_python/test_debugger_json.py::test_case_sys_exit_multiple_exception_attach[1-zero-uncaught-raised] --- Connecting to 64 bits target (current process is: 64) ---

--- Injecting attach dll: attach_amd64.dll into pid: 35932 ---
Running executable to inject dll.
OpenProcess with pid: 35932
VirtualAllocEx in pid: 35932
WriteProcessMemory in pid: 35932
loadLibraryAddress: 35932
Waiting for LoadLibraryA to complete.
Ok, finished dll injection.

--- Injecting run code dll: run_code_on_dllmain_amd64.dll into pid: 35932 ---
Running executable to inject dll.
OpenProcess with pid: 35932
VirtualAllocEx in pid: 35932
WriteProcessMemory in pid: 35932
loadLibraryAddress: 35932
Waiting for LoadLibraryA to complete.
Ok, finished dll injection.
--- Finished dll injection ---

start_socket
executing: C:\Users\rchiodo\AppData\Local\anaconda3\envs\py312_64\python.exe -u C:\Users\rchiodo\source\repos\PyDev.Debugger\tests_python\resources\_debugger_case_sysexit_unhandled_launcher.py 1
Logging to: C:\Users\rchiodo\AppData\Local\Temp\pytest-of-rchiodo\pytest-240\test_case_sys_exit_multiple_ex0\pydevd_debug_file_19800.txt
Waiting in socket.accept()
Both processes started
Test Writer Thread Socket: <socket.socket fd=2108, family=2, type=1, proto=0, laddr=('127.0.0.1', 50578), raddr=('127.0.0.1', 50579)> ('127.0.0.1', 50579)
Test Writer Thread Written CMD_VERSION: 501	1	1.0	WINDOWS	ID
Test Writer Thread Written {"type": "request", "command": "setDebuggerProperty", "arguments": {"dontTraceStartPatterns": [], "dontTraceEndPatterns": ["_debugger_case_sysexit_unhandled_launcher.py"]}, "seq": 3}
Test Reader Thread Received Content-Length: 133

Test Reader Thread Received 

Test Reader Thread Received {"type": "response", "request_seq": 3, "success": true, "command": "setDebuggerProperty", "seq": 2, "body": {}, "pydevd_cmd_id": 502}
Message returned in get_next_message(): {"type": "response", "request_seq": 3, "success": true, "command": "setDebuggerProperty", "seq": 2, "body": {}, "pydevd_cmd_id": 502} --  ctx: wait_for_message, asked at:
 --  File "C:\Users\rchiodo\source\repos\PyDev.Debugger\tests_python\test_debugger_json.py", line 1405, in test_case_sys_exit_multiple_exception_attach

Test Writer Thread Written {"type": "request", "command": "launch", "arguments": {"breakpointOnSystemExit": true, "debugOptions": ["BreakOnSystemExitZero", "ShowReturnValue"], "noDebug": false}, "seq": 5}
Test Reader Thread Received Content-Length: 286

Test Reader Thread Received 

Test Reader Thread Received {"type": "event", "event": "process", "body": {"name": "C:\\Users\\rchiodo\\source\\repos\\PyDev.Debugger\\tests_python\\resources\\_debugger_case_sysexit_unhandled_launcher.py", "systemProcessId": 35932, "isLocalProcess": true, "startMethod": "launch"}, "seq": 4, "pydevd_cmd_id": 204}
Message returned in get_next_message(): {"type": "event", "event": "process", "body": {"name": "C:\\Users\\rchiodo\\source\\repos\\PyDev.Debugger\\tests_python\\resources\\_debugger_case_sysexit_unhandled_launcher.py", "systemProcessId": 35932, "isLocalProcess": true, "startMethod": "launch"}, "seq": 4, "pydevd_cmd_id": 204} --  ctx: wait_for_message, asked at:
 --  File "C:\Users\rchiodo\source\repos\PyDev.Debugger\tests_python\test_debugger_json.py", line 1424, in test_case_sys_exit_multiple_exception_attach

Test Reader Thread Received Content-Length: 73

Test Reader Thread Received 

Test Reader Thread Received {"type": "event", "event": "initialized", "seq": 6, "pydevd_cmd_id": 502}
Test Reader Thread Received Content-Length: 108

Test Reader Thread Received 

Message returned in get_next_message(): {"type": "event", "event": "initialized", "seq": 6, "pydevd_cmd_id": 502} --  ctx: wait_for_message, asked at:
 --  File "C:\Users\rchiodo\source\repos\PyDev.Debugger\tests_python\test_debugger_json.py", line 1424, in test_case_sys_exit_multiple_exception_attach

Test Reader Thread Received {"type": "response", "request_seq": 5, "success": true, "command": "launch", "seq": 8, "pydevd_cmd_id": 502}
Message returned in get_next_message(): {"type": "response", "request_seq": 5, "success": true, "command": "launch", "seq": 8, "pydevd_cmd_id": 502} --  ctx: wait_for_message, asked at:
 --  File "C:\Users\rchiodo\source\repos\PyDev.Debugger\tests_python\test_debugger_json.py", line 1424, in test_case_sys_exit_multiple_exception_attach

Test Writer Thread Written {"type": "request", "command": "setExceptionBreakpoints", "arguments": {"filters": ["raised", "uncaught"], "exceptionOptions": []}, "seq": 7}
Test Reader Thread Received Content-Length: 138

Test Reader Thread Received 

Test Reader Thread Received {"type": "response", "request_seq": 7, "success": true, "command": "setExceptionBreakpoints", "seq": 10, "body": {}, "pydevd_cmd_id": 502}
Message returned in get_next_message(): {"type": "response", "request_seq": 7, "success": true, "command": "setExceptionBreakpoints", "seq": 10, "body": {}, "pydevd_cmd_id": 502} --  ctx: wait_for_message, asked at:
 --  File "C:\Users\rchiodo\source\repos\PyDev.Debugger\tests_python\test_debugger_json.py", line 1429, in test_case_sys_exit_multiple_exception_attach

Test Writer Thread Written {"type": "request", "command": "setBreakpoints", "arguments": {"source": {"path": "C:\\Users\\rchiodo\\source\\repos\\PyDev.Debugger\\tests_python\\resources\\_debugger_case_sysexit_unhandled_break.py"}, "breakpoints": [{"line": 5}]}, "seq": 9}
Test Reader Thread Received Content-Length: 325

Test Reader Thread Received 

Test Reader Thread Received {"type": "response", "request_seq": 9, "success": true, "command": "setBreakpoints", "body": {"breakpoints": [{"verified": true, "id": 0, "source": {"path": "C:\\Users\\rchiodo\\source\\repos\\PyDev.Debugger\\tests_python\\resources\\_debugger_case_sysexit_unhandled_break.py"}, "line": 5}]}, "seq": 12, "pydevd_cmd_id": 502}
Message returned in get_next_message(): {"type": "response", "request_seq": 9, "success": true, "command": "setBreakpoints", "body": {"breakpoints": [{"verified": true, "id": 0, "source": {"path": "C:\\Users\\rchiodo\\source\\repos\\PyDev.Debugger\\tests_python\\resources\\_debugger_case_sysexit_unhandled_break.py"}, "line": 5}]}, "seq": 12, "pydevd_cmd_id": 502} --  ctx: wait_for_message, asked at:
 --  File "C:\Users\rchiodo\source\repos\PyDev.Debugger\tests_python\test_debugger_json.py", line 1430, in test_case_sys_exit_multiple_exception_attach

Test Writer Thread Written {"type": "request", "command": "configurationDone", "seq": 11, "arguments": {}}
Test Reader Thread Received Content-Length: 121

Test Reader Thread Received 

Test Reader Thread Received {"type": "response", "request_seq": 11, "success": true, "command": "configurationDone", "seq": 14, "pydevd_cmd_id": 502}
Message returned in get_next_message(): {"type": "response", "request_seq": 11, "success": true, "command": "configurationDone", "seq": 14, "pydevd_cmd_id": 502} --  ctx: wait_for_message, asked at:
 --  File "C:\Users\rchiodo\source\repos\PyDev.Debugger\tests_python\test_debugger_json.py", line 1431, in test_case_sys_exit_multiple_exception_attach

Test Reader Thread Received Content-Length: 115

Test Reader Thread Received 

Test Reader Thread Received {"type": "event", "event": "thread", "body": {"reason": "started", "threadId": 1}, "seq": 16, "pydevd_cmd_id": 103}
Message returned in get_next_message(): {"type": "event", "event": "thread", "body": {"reason": "started", "threadId": 1}, "seq": 16, "pydevd_cmd_id": 103} --  ctx: wait_for_message, asked at:
 --  File "C:\Users\rchiodo\source\repos\PyDev.Debugger\tests_python\test_debugger_json.py", line 1432, in test_case_sys_exit_multiple_exception_attach

Test Reader Thread Received Content-Length: 115

Test Reader Thread Received 

Test Reader Thread Received {"type": "event", "event": "thread", "body": {"reason": "started", "threadId": 2}, "seq": 18, "pydevd_cmd_id": 103}
Message returned in get_next_message(): {"type": "event", "event": "thread", "body": {"reason": "started", "threadId": 2}, "seq": 18, "pydevd_cmd_id": 103} --  ctx: wait_for_message, asked at:
 --  File "C:\Users\rchiodo\source\repos\PyDev.Debugger\tests_python\test_debugger_json.py", line 1432, in test_case_sys_exit_multiple_exception_attach

Test Reader Thread Received Content-Length: 114

Test Reader Thread Received 

Test Reader Thread Received {"type": "event", "event": "thread", "body": {"reason": "exited", "threadId": 2}, "seq": 20, "pydevd_cmd_id": 104}
Message returned in get_next_message(): {"type": "event", "event": "thread", "body": {"reason": "exited", "threadId": 2}, "seq": 20, "pydevd_cmd_id": 104} --  ctx: wait_for_message, asked at:
 --  File "C:\Users\rchiodo\source\repos\PyDev.Debugger\tests_python\test_debugger_json.py", line 1432, in test_case_sys_exit_multiple_exception_attach

Test Reader Thread Received Content-Length: 174

Test Reader Thread Received 

Test Reader Thread Received {"type": "event", "event": "stopped", "body": {"reason": "breakpoint", "threadId": 1, "preserveFocusHint": false, "allThreadsStopped": true}, "seq": 22, "pydevd_cmd_id": 157}
Message returned in get_next_message(): {"type": "event", "event": "stopped", "body": {"reason": "breakpoint", "threadId": 1, "preserveFocusHint": false, "allThreadsStopped": true}, "seq": 22, "pydevd_cmd_id": 157} --  ctx: wait_for_message, asked at:
 --  File "C:\Users\rchiodo\source\repos\PyDev.Debugger\tests_python\test_debugger_json.py", line 1432, in test_case_sys_exit_multiple_exception_attach

Test Writer Thread Written {"type": "request", "command": "stackTrace", "arguments": {"threadId": 1, "format": {}}, "seq": 13}
Test Reader Thread Received Content-Length: 296

Test Reader Thread Received 

Test Reader Thread Received {"type": "event", "event": "module", "body": {"reason": "new", "module": {"id": 0, "name": "_debugger_case_sysexit_unhandled_break", "path": "C:\\Users\\rchiodo\\source\\repos\\PyDev.Debugger\\tests_python\\resources\\_debugger_case_sysexit_unhandled_break.py"}}, "seq": 24, "pydevd_cmd_id": 203}
Message returned in get_next_message(): {"type": "event", "event": "module", "body": {"reason": "new", "module": {"id": 0, "name": "_debugger_case_sysexit_unhandled_break", "path": "C:\\Users\\rchiodo\\source\\repos\\PyDev.Debugger\\tests_python\\resources\\_debugger_case_sysexit_unhandled_break.py"}}, "seq": 24, "pydevd_cmd_id": 203} --  ctx: wait_for_message, asked at:
 --  File "C:\Users\rchiodo\source\repos\PyDev.Debugger\tests_python\test_debugger_json.py", line 1432, in test_case_sys_exit_multiple_exception_attach

Test Reader Thread Received Content-Length: 377

Test Reader Thread Received 

Test Reader Thread Received {"type": "response", "request_seq": 13, "success": true, "command": "stackTrace", "body": {"stackFrames": [{"id": 3, "name": "<module>", "line": 5, "column": 1, "source": {"path": "C:\\Users\\rchiodo\\source\\repos\\PyDev.Debugger\\tests_python\\resources\\_debugger_case_sysexit_unhandled_break.py", "sourceReference": 0}}], "totalFrames": 1}, "seq": 26, "pydevd_cmd_id": 502}
Message returned in get_next_message(): {"type": "response", "request_seq": 13, "success": true, "command": "stackTrace", "body": {"stackFrames": [{"id": 3, "name": "<module>", "line": 5, "column": 1, "source": {"path": "C:\\Users\\rchiodo\\source\\repos\\PyDev.Debugger\\tests_python\\resources\\_debugger_case_sysexit_unhandled_break.py", "sourceReference": 0}}], "totalFrames": 1}, "seq": 26, "pydevd_cmd_id": 502} --  ctx: wait_for_message, asked at:
 --  File "C:\Users\rchiodo\source\repos\PyDev.Debugger\tests_python\test_debugger_json.py", line 1432, in test_case_sys_exit_multiple_exception_attach

Test Writer Thread Written {"type": "request", "command": "scopes", "arguments": {"frameId": 3}, "seq": 15}
Test Reader Thread Received Content-Length: 321

Test Reader Thread Received 

Test Reader Thread Received {"type": "response", "request_seq": 15, "success": true, "command": "scopes", "body": {"scopes": [{"name": "Locals", "variablesReference": 4, "expensive": false, "presentationHint": "locals", "source": {}}, {"name": "Globals", "variablesReference": 5, "expensive": false, "source": {}}]}, "seq": 28, "pydevd_cmd_id": 502}
Message returned in get_next_message(): {"type": "response", "request_seq": 15, "success": true, "command": "scopes", "body": {"scopes": [{"name": "Locals", "variablesReference": 4, "expensive": false, "presentationHint": "locals", "source": {}}, {"name": "Globals", "variablesReference": 5, "expensive": false, "source": {}}]}, "seq": 28, "pydevd_cmd_id": 502} --  ctx: wait_for_message, asked at:
 --  File "C:\Users\rchiodo\source\repos\PyDev.Debugger\tests_python\test_debugger_json.py", line 1435, in test_case_sys_exit_multiple_exception_attach

Test Writer Thread Written {"type": "request", "command": "variables", "arguments": {"variablesReference": 5, "format": {}}, "seq": 17}
Test Reader Thread Received Content-Length: 480

Test Reader Thread Received 

Test Reader Thread Received {"type": "response", "request_seq": 17, "success": true, "command": "variables", "body": {"variables": [{"name": "special variables", "value": "", "type": "", "evaluateName": "special variables", "variablesReference": 6}, {"name": "time", "value": "<module 'time' (built-in)>", "type": "module", "evaluateName": "time", "variablesReference": 7}, {"name": "wait", "value": "True", "type": "bool", "evaluateName": "wait", "variablesReference": 0}]}, "seq": 30, "pydevd_cmd_id": 502}
Message returned in get_next_message(): {"type": "response", "request_seq": 17, "success": true, "command": "variables", "body": {"variables": [{"name": "special variables", "value": "", "type": "", "evaluateName": "special variables", "variablesReference": 6}, {"name": "time", "value": "<module 'time' (built-in)>", "type": "module", "evaluateName": "time", "variablesReference": 7}, {"name": "wait", "value": "True", "type": "bool", "evaluateName": "wait", "variablesReference": 0}]}, "seq": 30, "pydevd_cmd_id": 502} --  ctx: wait_for_message, asked at:
 --  File "C:\Users\rchiodo\source\repos\PyDev.Debugger\tests_python\test_debugger_json.py", line 1435, in test_case_sys_exit_multiple_exception_attach

Test Writer Thread Written {"type": "request", "command": "setVariable", "arguments": {"variablesReference": 3, "name": "wait", "value": "False", "format": {}}, "seq": 19}
Test Reader Thread Received Content-Length: 184

Test Reader Thread Received 

Test Reader Thread Received {"type": "response", "request_seq": 19, "success": true, "command": "setVariable", "body": {"value": "False", "type": "bool", "variablesReference": 0}, "seq": 32, "pydevd_cmd_id": 502}
Message returned in get_next_message(): {"type": "response", "request_seq": 19, "success": true, "command": "setVariable", "body": {"value": "False", "type": "bool", "variablesReference": 0}, "seq": 32, "pydevd_cmd_id": 502} --  ctx: wait_for_message, asked at:
 --  File "C:\Users\rchiodo\source\repos\PyDev.Debugger\tests_python\test_debugger_json.py", line 1436, in test_case_sys_exit_multiple_exception_attach

Test Writer Thread Written {"type": "request", "command": "setBreakpoints", "arguments": {"source": {"path": "C:\\Users\\rchiodo\\source\\repos\\PyDev.Debugger\\tests_python\\resources\\_debugger_case_sysexit_unhandled_launcher.py"}, "breakpoints": []}, "seq": 21}
Test Reader Thread Received Content-Length: 147

Test Reader Thread Received 

Test Reader Thread Received {"type": "response", "request_seq": 21, "success": true, "command": "setBreakpoints", "body": {"breakpoints": []}, "seq": 34, "pydevd_cmd_id": 502}
Message returned in get_next_message(): {"type": "response", "request_seq": 21, "success": true, "command": "setBreakpoints", "body": {"breakpoints": []}, "seq": 34, "pydevd_cmd_id": 502} --  ctx: wait_for_message, asked at:
 --  File "C:\Users\rchiodo\source\repos\PyDev.Debugger\tests_python\test_debugger_json.py", line 1437, in test_case_sys_exit_multiple_exception_attach

Test Writer Thread Written {"type": "request", "command": "continue", "arguments": {"threadId": "*"}, "seq": 23}
Test Reader Thread Received Content-Length: 126

Test Reader Thread Received 

Test Reader Thread Received {"type": "event", "event": "continued", "body": {"threadId": 1, "allThreadsContinued": true}, "seq": 36, "pydevd_cmd_id": 158}
Message returned in get_next_message(): {"type": "event", "event": "continued", "body": {"threadId": 1, "allThreadsContinued": true}, "seq": 36, "pydevd_cmd_id": 158} --  ctx: wait_for_message, asked at:
 --  File "C:\Users\rchiodo\source\repos\PyDev.Debugger\tests_python\test_debugger_json.py", line 1438, in test_case_sys_exit_multiple_exception_attach

Test Reader Thread Received Content-Length: 151

Test Reader Thread Received 

Test Reader Thread Received {"type": "response", "request_seq": 23, "success": true, "command": "continue", "body": {"allThreadsContinued": true}, "seq": 38, "pydevd_cmd_id": 502}
Message returned in get_next_message(): {"type": "response", "request_seq": 23, "success": true, "command": "continue", "body": {"allThreadsContinued": true}, "seq": 38, "pydevd_cmd_id": 502} --  ctx: wait_for_message, asked at:
 --  File "C:\Users\rchiodo\source\repos\PyDev.Debugger\tests_python\test_debugger_json.py", line 1438, in test_case_sys_exit_multiple_exception_attach

stdout: attached
Test Reader Thread Received Content-Length: 137

Test Reader Thread Received 

Test Reader Thread Received {"type": "event", "event": "output", "body": {"output": "attached", "category": "stdout", "source": {}}, "seq": 40, "pydevd_cmd_id": 116}
Message returned in get_next_message(): {"type": "event", "event": "output", "body": {"output": "attached", "category": "stdout", "source": {}}, "seq": 40, "pydevd_cmd_id": 116} --  ctx: wait_for_message, asked at:
 --  File "C:\Users\rchiodo\source\repos\PyDev.Debugger\tests_python\test_debugger_json.py", line 1443, in test_case_sys_exit_multiple_exception_attach

Test Reader Thread Received Content-Length: 131

Test Reader Thread Received 

Test Reader Thread Received {"type": "event", "event": "output", "body": {"output": "\n", "category": "stdout", "source": {}}, "seq": 42, "pydevd_cmd_id": 116}
Message returned in get_next_message(): {"type": "event", "event": "output", "body": {"output": "\n", "category": "stdout", "source": {}}, "seq": 42, "pydevd_cmd_id": 116} --  ctx: wait_for_message, asked at:
 --  File "C:\Users\rchiodo\source\repos\PyDev.Debugger\tests_python\test_debugger_json.py", line 1443, in test_case_sys_exit_multiple_exception_attach

stdout: Installed packages:
stdout: 
Test Reader Thread Received Content-Length: 150

Test Reader Thread Received 

Test Reader Thread Received {"type": "event", "event": "output", "body": {"output": "Installed packages:\n", "category": "stdout", "source": {}}, "seq": 44, "pydevd_cmd_id": 116}
Message returned in get_next_message(): {"type": "event", "event": "output", "body": {"output": "Installed packages:\n", "category": "stdout", "source": {}}, "seq": 44, "pydevd_cmd_id": 116} --  ctx: wait_for_message, asked at:
 --  File "C:\Users\rchiodo\source\repos\PyDev.Debugger\tests_python\test_debugger_json.py", line 1443, in test_case_sys_exit_multiple_exception_attach

Test Reader Thread Received Content-Length: 131

Test Reader Thread Received 

Test Reader Thread Received {"type": "event", "event": "output", "body": {"output": "\n", "category": "stdout", "source": {}}, "seq": 46, "pydevd_cmd_id": 116}
Message returned in get_next_message(): {"type": "event", "event": "output", "body": {"output": "\n", "category": "stdout", "source": {}}, "seq": 46, "pydevd_cmd_id": 116} --  ctx: wait_for_message, asked at:
 --  File "C:\Users\rchiodo\source\repos\PyDev.Debugger\tests_python\test_debugger_json.py", line 1443, in test_case_sys_exit_multiple_exception_attach

stdout:     {0}=={1}
Test Reader Thread Received Content-Length: 143

Test Reader Thread Received 

Test Reader Thread Received {"type": "event", "event": "output", "body": {"output": "    {0}=={1}\n", "category": "stdout", "source": {}}, "seq": 48, "pydevd_cmd_id": 116}
Message returned in get_next_message(): {"type": "event", "event": "output", "body": {"output": "    {0}=={1}\n", "category": "stdout", "source": {}}, "seq": 48, "pydevd_cmd_id": 116} --  ctx: wait_for_message, asked at:
 --  File "C:\Users\rchiodo\source\repos\PyDev.Debugger\tests_python\test_debugger_json.py", line 1443, in test_case_sys_exit_multiple_exception_attach

Test Reader Thread Received Content-Length: 130

Test Reader Thread Received 

stdout:  asgiref 3.8.1
Test Reader Thread Received {"type": "event", "event": "output", "body": {"output": " ", "category": "stdout", "source": {}}, "seq": 50, "pydevd_cmd_id": 116}
Test Reader Thread Received Content-Length: 136

Test Reader Thread Received 

Message returned in get_next_message(): {"type": "event", "event": "output", "body": {"output": " ", "category": "stdout", "source": {}}, "seq": 50, "pydevd_cmd_id": 116} --  ctx: wait_for_message, asked at:
 --  File "C:\Users\rchiodo\source\repos\PyDev.Debugger\tests_python\test_debugger_json.py", line 1443, in test_case_sys_exit_multiple_exception_attach

Test Reader Thread Received {"type": "event", "event": "output", "body": {"output": "asgiref", "category": "stdout", "source": {}}, "seq": 52, "pydevd_cmd_id": 116}
Message returned in get_next_message(): {"type": "event", "event": "output", "body": {"output": "asgiref", "category": "stdout", "source": {}}, "seq": 52, "pydevd_cmd_id": 116} --  ctx: wait_for_message, asked at:
 --  File "C:\Users\rchiodo\source\repos\PyDev.Debugger\tests_python\test_debugger_json.py", line 1443, in test_case_sys_exit_multiple_exception_attach

Test Reader Thread Received Content-Length: 130

Test Reader Thread Received 

Test Reader Thread Received {"type": "event", "event": "output", "body": {"output": " ", "category": "stdout", "source": {}}, "seq": 54, "pydevd_cmd_id": 116}
Test Reader Thread Received Content-Length: 134

Test Reader Thread Received 

Test Reader Thread Received {"type": "event", "event": "output", "body": {"output": "3.8.1", "category": "stdout", "source": {}}, "seq": 56, "pydevd_cmd_id": 116}
Test Reader Thread Received Content-Length: 131

Test Reader Thread Received 

Test Reader Thread Received {"type": "event", "event": "output", "body": {"output": "\n", "category": "stdout", "source": {}}, "seq": 58, "pydevd_cmd_id": 116}
Message returned in get_next_message(): {"type": "event", "event": "output", "body": {"output": " ", "category": "stdout", "source": {}}, "seq": 54, "pydevd_cmd_id": 116} --  ctx: wait_for_message, asked at:
 --  File "C:\Users\rchiodo\source\repos\PyDev.Debugger\tests_python\test_debugger_json.py", line 1443, in test_case_sys_exit_multiple_exception_attach

Message returned in get_next_message(): {"type": "event", "event": "output", "body": {"output": "3.8.1", "category": "stdout", "source": {}}, "seq": 56, "pydevd_cmd_id": 116} --  ctx: wait_for_message, asked at:
 --  File "C:\Users\rchiodo\source\repos\PyDev.Debugger\tests_python\test_debugger_json.py", line 1443, in test_case_sys_exit_multiple_exception_attach

Message returned in get_next_message(): {"type": "event", "event": "output", "body": {"output": "\n", "category": "stdout", "source": {}}, "seq": 58, "pydevd_cmd_id": 116} --  ctx: wait_for_message, asked at:
 --  File "C:\Users\rchiodo\source\repos\PyDev.Debugger\tests_python\test_debugger_json.py", line 1443, in test_case_sys_exit_multiple_exception_attach

stdout:     {0}=={1}
Test Reader Thread Received Content-Length: 143

Test Reader Thread Received 

Test Reader Thread Received {"type": "event", "event": "output", "body": {"output": "    {0}=={1}\n", "category": "stdout", "source": {}}, "seq": 60, "pydevd_cmd_id": 116}
Message returned in get_next_message(): {"type": "event", "event": "output", "body": {"output": "    {0}=={1}\n", "category": "stdout", "source": {}}, "seq": 60, "pydevd_cmd_id": 116} --  ctx: wait_for_message, asked at:
 --  File "C:\Users\rchiodo\source\repos\PyDev.Debugger\tests_python\test_debugger_json.py", line 1443, in test_case_sys_exit_multiple_exception_attach

Test Reader Thread Received Content-Length: 130

Test Reader Thread Received 

Test Reader Thread Received {"type": "event", "event": "output", "body": {"output": " ", "category": "stdout", "source": {}}, "seq": 62, "pydevd_cmd_id": 116}
Message returned in get_next_message(): {"type": "event", "event": "output", "body": {"output": " ", "category": "stdout", "source": {}}, "seq": 62, "pydevd_cmd_id": 116} --  ctx: wait_for_message, asked at:
 --  File "C:\Users\rchiodo\source\repos\PyDev.Debugger\tests_python\test_debugger_json.py", line 1443, in test_case_sys_exit_multiple_exception_attach

stdout:  asttokens 2.4.1
Test Reader Thread Received Content-Length: 138

Test Reader Thread Received 

Test Reader Thread Received {"type": "event", "event": "output", "body": {"output": "asttokens", "category": "stdout", "source": {}}, "seq": 64, "pydevd_cmd_id": 116}
Message returned in get_next_message(): {"type": "event", "event": "output", "body": {"output": "asttokens", "category": "stdout", "source": {}}, "seq": 64, "pydevd_cmd_id": 116} --  ctx: wait_for_message, asked at:
 --  File "C:\Users\rchiodo\source\repos\PyDev.Debugger\tests_python\test_debugger_json.py", line 1443, in test_case_sys_exit_multiple_exception_attach

Test Reader Thread Received Content-Length: 130

Test Reader Thread Received 

Test Reader Thread Received {"type": "event", "event": "output", "body": {"output": " ", "category": "stdout", "source": {}}, "seq": 66, "pydevd_cmd_id": 116}
Message returned in get_next_message(): {"type": "event", "event": "output", "body": {"output": " ", "category": "stdout", "source": {}}, "seq": 66, "pydevd_cmd_id": 116} --  ctx: wait_for_message, asked at:
 --  File "C:\Users\rchiodo\source\repos\PyDev.Debugger\tests_python\test_debugger_json.py", line 1443, in test_case_sys_exit_multiple_exception_attach

Test Reader Thread Received Content-Length: 134

Test Reader Thread Received 

Test Reader Thread Received {"type": "event", "event": "output", "body": {"output": "2.4.1", "category": "stdout", "source": {}}, "seq": 68, "pydevd_cmd_id": 116}
Test Reader Thread Received Content-Length: 131

Test Reader Thread Received 

Test Reader Thread Received {"type": "event", "event": "output", "body": {"output": "\n", "category": "stdout", "source": {}}, "seq": 70, "pydevd_cmd_id": 116}
Message returned in get_next_message(): {"type": "event", "event": "output", "body": {"output": "2.4.1", "category": "stdout", "source": {}}, "seq": 68, "pydevd_cmd_id": 116} --  ctx: wait_for_message, asked at:
 --  File "C:\Users\rchiodo\source\repos\PyDev.Debugger\tests_python\test_debugger_json.py", line 1443, in test_case_sys_exit_multiple_exception_attach

Message returned in get_next_message(): {"type": "event", "event": "output", "body": {"output": "\n", "category": "stdout", "source": {}}, "seq": 70, "pydevd_cmd_id": 116} --  ctx: wait_for_message, asked at:
 --  File "C:\Users\rchiodo\source\repos\PyDev.Debugger\tests_python\test_debugger_json.py", line 1443, in test_case_sys_exit_multiple_exception_attach

stdout:     {0}=={1}
Test Reader Thread Received Content-Length: 143

Test Reader Thread Received 

Test Reader Thread Received {"type": "event", "event": "output", "body": {"output": "    {0}=={1}\n", "category": "stdout", "source": {}}, "seq": 72, "pydevd_cmd_id": 116}
Message returned in get_next_message(): {"type": "event", "event": "output", "body": {"output": "    {0}=={1}\n", "category": "stdout", "source": {}}, "seq": 72, "pydevd_cmd_id": 116} --  ctx: wait_for_message, asked at:
 --  File "C:\Users\rchiodo\source\repos\PyDev.Debugger\tests_python\test_debugger_json.py", line 1443, in test_case_sys_exit_multiple_exception_attach

Test Reader Thread Received Content-Length: 130

Test Reader Thread Received 

Test Reader Thread Received {"type": "event", "event": "output", "body": {"output": " ", "category": "stdout", "source": {}}, "seq": 74, "pydevd_cmd_id": 116}
Message returned in get_next_message(): {"type": "event", "event": "output", "body": {"output": " ", "category": "stdout", "source": {}}, "seq": 74, "pydevd_cmd_id": 116} --  ctx: wait_for_message, asked at:
 --  File "C:\Users\rchiodo\source\repos\PyDev.Debugger\tests_python\test_debugger_json.py", line 1443, in test_case_sys_exit_multiple_exception_attach

Test Reader Thread Received Content-Length: 134

Test Reader Thread Received 

stdout:  attrs 24.2.0
Test Reader Thread Received {"type": "event", "event": "output", "body": {"output": "attrs", "category": "stdout", "source": {}}, "seq": 76, "pydevd_cmd_id": 116}
Test Reader Thread Received Content-Length: 130

Test Reader Thread Received 

Message returned in get_next_message(): {"type": "event", "event": "output", "body": {"output": "attrs", "category": "stdout", "source": {}}, "seq": 76, "pydevd_cmd_id": 116} --  ctx: wait_for_message, asked at:
 --  File "C:\Users\rchiodo\source\repos\PyDev.Debugger\tests_python\test_debugger_json.py", line 1443, in test_case_sys_exit_multiple_exception_attach

Test Reader Thread Received {"type": "event", "event": "output", "body": {"output": " ", "category": "stdout", "source": {}}, "seq": 78, "pydevd_cmd_id": 116}
Message returned in get_next_message(): {"type": "event", "event": "output", "body": {"output": " ", "category": "stdout", "source": {}}, "seq": 78, "pydevd_cmd_id": 116} --  ctx: wait_for_message, asked at:
 --  File "C:\Users\rchiodo\source\repos\PyDev.Debugger\tests_python\test_debugger_json.py", line 1443, in test_case_sys_exit_multiple_exception_attach

Test Reader Thread Received Content-Length: 135

Test Reader Thread Received 

Test Reader Thread Received {"type": "event", "event": "output", "body": {"output": "24.2.0", "category": "stdout", "source": {}}, "seq": 80, "pydevd_cmd_id": 116}
Test Reader Thread Received Content-Length: 131

Test Reader Thread Received 

Test Reader Thread Received {"type": "event", "event": "output", "body": {"output": "\n", "category": "stdout", "source": {}}, "seq": 82, "pydevd_cmd_id": 116}
Message returned in get_next_message(): {"type": "event", "event": "output", "body": {"output": "24.2.0", "category": "stdout", "source": {}}, "seq": 80, "pydevd_cmd_id": 116} --  ctx: wait_for_message, asked at:
 --  File "C:\Users\rchiodo\source\repos\PyDev.Debugger\tests_python\test_debugger_json.py", line 1443, in test_case_sys_exit_multiple_exception_attach

Message returned in get_next_message(): {"type": "event", "event": "output", "body": {"output": "\n", "category": "stdout", "source": {}}, "seq": 82, "pydevd_cmd_id": 116} --  ctx: wait_for_message, asked at:
 --  File "C:\Users\rchiodo\source\repos\PyDev.Debugger\tests_python\test_debugger_json.py", line 1443, in test_case_sys_exit_multiple_exception_attach

stdout:     {0}=={1}
Test Reader Thread Received Content-Length: 143

Test Reader Thread Received 

Test Reader Thread Received {"type": "event", "event": "output", "body": {"output": "    {0}=={1}\n", "category": "stdout", "source": {}}, "seq": 84, "pydevd_cmd_id": 116}
Message returned in get_next_message(): {"type": "event", "event": "output", "body": {"output": "    {0}=={1}\n", "category": "stdout", "source": {}}, "seq": 84, "pydevd_cmd_id": 116} --  ctx: wait_for_message, asked at:
 --  File "C:\Users\rchiodo\source\repos\PyDev.Debugger\tests_python\test_debugger_json.py", line 1443, in test_case_sys_exit_multiple_exception_attach

Test Reader Thread Received Content-Length: 130

Test Reader Thread Received 

Test Reader Thread Received {"type": "event", "event": "output", "body": {"output": " ", "category": "stdout", "source": {}}, "seq": 86, "pydevd_cmd_id": 116}
Message returned in get_next_message(): {"type": "event", "event": "output", "body": {"output": " ", "category": "stdout", "source": {}}, "seq": 86, "pydevd_cmd_id": 116} --  ctx: wait_for_message, asked at:
 --  File "C:\Users\rchiodo\source\repos\PyDev.Debugger\tests_python\test_debugger_json.py", line 1443, in test_case_sys_exit_multiple_exception_attach

Test Reader Thread Received Content-Length: 140

Test Reader Thread Received 

stdout:  autocommand 2.2.2
Test Reader Thread Received {"type": "event", "event": "output", "body": {"output": "autocommand", "category": "stdout", "source": {}}, "seq": 88, "pydevd_cmd_id": 116}
Message returned in get_next_message(): {"type": "event", "event": "output", "body": {"output": "autocommand", "category": "stdout", "source": {}}, "seq": 88, "pydevd_cmd_id": 116} --  ctx: wait_for_message, asked at:
 --  File "C:\Users\rchiodo\source\repos\PyDev.Debugger\tests_python\test_debugger_json.py", line 1443, in test_case_sys_exit_multiple_exception_attach

Test Reader Thread Received Content-Length: 130

Test Reader Thread Received 

Test Reader Thread Received {"type": "event", "event": "output", "body": {"output": " ", "category": "stdout", "source": {}}, "seq": 90, "pydevd_cmd_id": 116}
Message returned in get_next_message(): {"type": "event", "event": "output", "body": {"output": " ", "category": "stdout", "source": {}}, "seq": 90, "pydevd_cmd_id": 116} --  ctx: wait_for_message, asked at:
 --  File "C:\Users\rchiodo\source\repos\PyDev.Debugger\tests_python\test_debugger_json.py", line 1443, in test_case_sys_exit_multiple_exception_attach

Test Reader Thread Received Content-Length: 134

Test Reader Thread Received 

Test Reader Thread Received {"type": "event", "event": "output", "body": {"output": "2.2.2", "category": "stdout", "source": {}}, "seq": 92, "pydevd_cmd_id": 116}
Test Reader Thread Received Content-Length: 131

Test Reader Thread Received 

Test Reader Thread Received {"type": "event", "event": "output", "body": {"output": "\n", "category": "stdout", "source": {}}, "seq": 94, "pydevd_cmd_id": 116}
Message returned in get_next_message(): {"type": "event", "event": "output", "body": {"output": "2.2.2", "category": "stdout", "source": {}}, "seq": 92, "pydevd_cmd_id": 116} --  ctx: wait_for_message, asked at:
 --  File "C:\Users\rchiodo\source\repos\PyDev.Debugger\tests_python\test_debugger_json.py", line 1443, in test_case_sys_exit_multiple_exception_attach

Message returned in get_next_message(): {"type": "event", "event": "output", "body": {"output": "\n", "category": "stdout", "source": {}}, "seq": 94, "pydevd_cmd_id": 116} --  ctx: wait_for_message, asked at:
 --  File "C:\Users\rchiodo\source\repos\PyDev.Debugger\tests_python\test_debugger_json.py", line 1443, in test_case_sys_exit_multiple_exception_attach

stdout:     {0}=={1}
Test Reader Thread Received Content-Length: 143

Test Reader Thread Received 

Test Reader Thread Received {"type": "event", "event": "output", "body": {"output": "    {0}=={1}\n", "category": "stdout", "source": {}}, "seq": 96, "pydevd_cmd_id": 116}
Message returned in get_next_message(): {"type": "event", "event": "output", "body": {"output": "    {0}=={1}\n", "category": "stdout", "source": {}}, "seq": 96, "pydevd_cmd_id": 116} --  ctx: wait_for_message, asked at:
 --  File "C:\Users\rchiodo\source\repos\PyDev.Debugger\tests_python\test_debugger_json.py", line 1443, in test_case_sys_exit_multiple_exception_attach

Test Reader Thread Received Content-Length: 130

Test Reader Thread Received 

Test Reader Thread Received {"type": "event", "event": "output", "body": {"output": " ", "category": "stdout", "source": {}}, "seq": 98, "pydevd_cmd_id": 116}
Test Reader Thread Received Content-Length: 137

Test Reader Thread Received 

Message returned in get_next_message(): {"type": "event", "event": "output", "body": {"output": " ", "category": "stdout", "source": {}}, "seq": 98, "pydevd_cmd_id": 116} --  ctx: wait_for_message, asked at:
 --  File "C:\Users\rchiodo\source\repos\PyDev.Debugger\tests_python\test_debugger_json.py", line 1443, in test_case_sys_exit_multiple_exception_attach

Test Reader Thread Received {"type": "event", "event": "output", "body": {"output": "blinker", "category": "stdout", "source": {}}, "seq": 100, "pydevd_cmd_id": 116}
stdout:  blinker 1.8.2
Test Reader Thread Received Content-Length: 131

Test Reader Thread Received 

Test Reader Thread Received {"type": "event", "event": "output", "body": {"output": " ", "category": "stdout", "source": {}}, "seq": 102, "pydevd_cmd_id": 116}
Test Reader Thread Received Content-Length: 135

Test Reader Thread Received 

Test Reader Thread Received {"type": "event", "event": "output", "body": {"output": "1.8.2", "category": "stdout", "source": {}}, "seq": 104, "pydevd_cmd_id": 116}
Message returned in get_next_message(): {"type": "event", "event": "output", "body": {"output": "blinker", "category": "stdout", "source": {}}, "seq": 100, "pydevd_cmd_id": 116} --  ctx: wait_for_message, asked at:
 --  File "C:\Users\rchiodo\source\repos\PyDev.Debugger\tests_python\test_debugger_json.py", line 1443, in test_case_sys_exit_multiple_exception_attach

Test Reader Thread Received Content-Length: 132

Test Reader Thread Received 

Test Reader Thread Received {"type": "event", "event": "output", "body": {"output": "\n", "category": "stdout", "source": {}}, "seq": 106, "pydevd_cmd_id": 116}
Message returned in get_next_message(): {"type": "event", "event": "output", "body": {"output": " ", "category": "stdout", "source": {}}, "seq": 102, "pydevd_cmd_id": 116} --  ctx: wait_for_message, asked at:
 --  File "C:\Users\rchiodo\source\repos\PyDev.Debugger\tests_python\test_debugger_json.py", line 1443, in test_case_sys_exit_multiple_exception_attach

Message returned in get_next_message(): {"type": "event", "event": "output", "body": {"output": "1.8.2", "category": "stdout", "source": {}}, "seq": 104, "pydevd_cmd_id": 116} --  ctx: wait_for_message, asked at:
 --  File "C:\Users\rchiodo\source\repos\PyDev.Debugger\tests_python\test_debugger_json.py", line 1443, in test_case_sys_exit_multiple_exception_attach

Message returned in get_next_message(): {"type": "event", "event": "output", "body": {"output": "\n", "category": "stdout", "source": {}}, "seq": 106, "pydevd_cmd_id": 116} --  ctx: wait_for_message, asked at:
 --  File "C:\Users\rchiodo\source\repos\PyDev.Debugger\tests_python\test_debugger_json.py", line 1443, in test_case_sys_exit_multiple_exception_attach

stdout:     {0}=={1}
Test Reader Thread Received Content-Length: 144

Test Reader Thread Received 

Test Reader Thread Received {"type": "event", "event": "output", "body": {"output": "    {0}=={1}\n", "category": "stdout", "source": {}}, "seq": 108, "pydevd_cmd_id": 116}
Message returned in get_next_message(): {"type": "event", "event": "output", "body": {"output": "    {0}=={1}\n", "category": "stdout", "source": {}}, "seq": 108, "pydevd_cmd_id": 116} --  ctx: wait_for_message, asked at:
 --  File "C:\Users\rchiodo\source\repos\PyDev.Debugger\tests_python\test_debugger_json.py", line 1443, in test_case_sys_exit_multiple_exception_attach

Test Reader Thread Received Content-Length: 131

Test Reader Thread Received 

Test Reader Thread Received {"type": "event", "event": "output", "body": {"output": " ", "category": "stdout", "source": {}}, "seq": 110, "pydevd_cmd_id": 116}
Message returned in get_next_message(): {"type": "event", "event": "output", "body": {"output": " ", "category": "stdout", "source": {}}, "seq": 110, "pydevd_cmd_id": 116} --  ctx: wait_for_message, asked at:
 --  File "C:\Users\rchiodo\source\repos\PyDev.Debugger\tests_python\test_debugger_json.py", line 1443, in test_case_sys_exit_multiple_exception_attach

Test Reader Thread Received Content-Length: 140

Test Reader Thread Received 

Test Reader Thread Received {"type": "event", "event": "output", "body": {"output": "cachetools", "category": "stdout", "source": {}}, "seq": 112, "pydevd_cmd_id": 116}
Message returned in get_next_message(): {"type": "event", "event": "output", "body": {"output": "cachetools", "category": "stdout", "source": {}}, "seq": 112, "pydevd_cmd_id": 116} --  ctx: wait_for_message, asked at:
 --  File "C:\Users\rchiodo\source\repos\PyDev.Debugger\tests_python\test_debugger_json.py", line 1443, in test_case_sys_exit_multiple_exception_attach

Test Reader Thread Received Content-Length: 131

Test Reader Thread Received 

Test Reader Thread Received {"type": "event", "event": "output", "body": {"output": " ", "category": "stdout", "source": {}}, "seq": 114, "pydevd_cmd_id": 116}
Test Reader Thread Received Content-Length: 135

Test Reader Thread Received 

stdout:  cachetools 5.5.0
Message returned in get_next_message(): {"type": "event", "event": "output", "body": {"output": " ", "category": "stdout", "source": {}}, "seq": 114, "pydevd_cmd_id": 116} --  ctx: wait_for_message, asked at:
 --  File "C:\Users\rchiodo\source\repos\PyDev.Debugger\tests_python\test_debugger_json.py", line 1443, in test_case_sys_exit_multiple_exception_attach

Test Reader Thread Received {"type": "event", "event": "output", "body": {"output": "5.5.0", "category": "stdout", "source": {}}, "seq": 116, "pydevd_cmd_id": 116}
Message returned in get_next_message(): {"type": "event", "event": "output", "body": {"output": "5.5.0", "category": "stdout", "source": {}}, "seq": 116, "pydevd_cmd_id": 116} --  ctx: wait_for_message, asked at:
 --  File "C:\Users\rchiodo\source\repos\PyDev.Debugger\tests_python\test_debugger_json.py", line 1443, in test_case_sys_exit_multiple_exception_attach

Test Reader Thread Received Content-Length: 132

Test Reader Thread Received 

Test Reader Thread Received {"type": "event", "event": "output", "body": {"output": "\n", "category": "stdout", "source": {}}, "seq": 118, "pydevd_cmd_id": 116}
Message returned in get_next_message(): {"type": "event", "event": "output", "body": {"output": "\n", "category": "stdout", "source": {}}, "seq": 118, "pydevd_cmd_id": 116} --  ctx: wait_for_message, asked at:
 --  File "C:\Users\rchiodo\source\repos\PyDev.Debugger\tests_python\test_debugger_json.py", line 1443, in test_case_sys_exit_multiple_exception_attach

stdout:     {0}=={1}
Test Reader Thread Received Content-Length: 144

Test Reader Thread Received 

Test Reader Thread Received {"type": "event", "event": "output", "body": {"output": "    {0}=={1}\n", "category": "stdout", "source": {}}, "seq": 120, "pydevd_cmd_id": 116}
Message returned in get_next_message(): {"type": "event", "event": "output", "body": {"output": "    {0}=={1}\n", "category": "stdout", "source": {}}, "seq": 120, "pydevd_cmd_id": 116} --  ctx: wait_for_message, asked at:
 --  File "C:\Users\rchiodo\source\repos\PyDev.Debugger\tests_python\test_debugger_json.py", line 1443, in test_case_sys_exit_multiple_exception_attach

Test Reader Thread Received Content-Length: 131

Test Reader Thread Received 

Test Reader Thread Received {"type": "event", "event": "output", "body": {"output": " ", "category": "stdout", "source": {}}, "seq": 122, "pydevd_cmd_id": 116}
Message returned in get_next_message(): {"type": "event", "event": "output", "body": {"output": " ", "category": "stdout", "source": {}}, "seq": 122, "pydevd_cmd_id": 116} --  ctx: wait_for_message, asked at:
 --  File "C:\Users\rchiodo\source\repos\PyDev.Debugger\tests_python\test_debugger_json.py", line 1443, in test_case_sys_exit_multiple_exception_attach

Test Reader Thread Received Content-Length: 137

Test Reader Thread Received 

Test Reader Thread Received {"type": "event", "event": "output", "body": {"output": "certifi", "category": "stdout", "source": {}}, "seq": 124, "pydevd_cmd_id": 116}
Message returned in get_next_message(): {"type": "event", "event": "output", "body": {"output": "certifi", "category": "stdout", "source": {}}, "seq": 124, "pydevd_cmd_id": 116} --  ctx: wait_for_message, asked at:
 --  File "C:\Users\rchiodo\source\repos\PyDev.Debugger\tests_python\test_debugger_json.py", line 1443, in test_case_sys_exit_multiple_exception_attach

Test Reader Thread Received Content-Length: 131

Test Reader Thread Received 

stdout:  certifi 2024.8.30
Test Reader Thread Received {"type": "event", "event": "output", "body": {"output": " ", "category": "stdout", "source": {}}, "seq": 126, "pydevd_cmd_id": 116}
Message returned in get_next_message(): {"type": "event", "event": "output", "body": {"output": " ", "category": "stdout", "source": {}}, "seq": 126, "pydevd_cmd_id": 116} --  ctx: wait_for_message, asked at:
 --  File "C:\Users\rchiodo\source\repos\PyDev.Debugger\tests_python\test_debugger_json.py", line 1443, in test_case_sys_exit_multiple_exception_attach

Test Reader Thread Received Content-Length: 139

Test Reader Thread Received 

Test Reader Thread Received {"type": "event", "event": "output", "body": {"output": "2024.8.30", "category": "stdout", "source": {}}, "seq": 128, "pydevd_cmd_id": 116}
Message returned in get_next_message(): {"type": "event", "event": "output", "body": {"output": "2024.8.30", "category": "stdout", "source": {}}, "seq": 128, "pydevd_cmd_id": 116} --  ctx: wait_for_message, asked at:
 --  File "C:\Users\rchiodo\source\repos\PyDev.Debugger\tests_python\test_debugger_json.py", line 1443, in test_case_sys_exit_multiple_exception_attach

Test Reader Thread Received Content-Length: 132

Test Reader Thread Received 

Test Reader Thread Received {"type": "event", "event": "output", "body": {"output": "\n", "category": "stdout", "source": {}}, "seq": 130, "pydevd_cmd_id": 116}
Message returned in get_next_message(): {"type": "event", "event": "output", "body": {"output": "\n", "category": "stdout", "source": {}}, "seq": 130, "pydevd_cmd_id": 116} --  ctx: wait_for_message, asked at:
 --  File "C:\Users\rchiodo\source\repos\PyDev.Debugger\tests_python\test_debugger_json.py", line 1443, in test_case_sys_exit_multiple_exception_attach

stdout:     {0}=={1}
Test Reader Thread Received Content-Length: 144

Test Reader Thread Received 

Test Reader Thread Received {"type": "event", "event": "output", "body": {"output": "    {0}=={1}\n", "category": "stdout", "source": {}}, "seq": 132, "pydevd_cmd_id": 116}
Message returned in get_next_message(): {"type": "event", "event": "output", "body": {"output": "    {0}=={1}\n", "category": "stdout", "source": {}}, "seq": 132, "pydevd_cmd_id": 116} --  ctx: wait_for_message, asked at:
 --  File "C:\Users\rchiodo\source\repos\PyDev.Debugger\tests_python\test_debugger_json.py", line 1443, in test_case_sys_exit_multiple_exception_attach

Test Reader Thread Received Content-Length: 131

Test Reader Thread Received 

stdout:  cffi 1.17.1
Test Reader Thread Received {"type": "event", "event": "output", "body": {"output": " ", "category": "stdout", "source": {}}, "seq": 134, "pydevd_cmd_id": 116}
Message returned in get_next_message(): {"type": "event", "event": "output", "body": {"output": " ", "category": "stdout", "source": {}}, "seq": 134, "pydevd_cmd_id": 116} --  ctx: wait_for_message, asked at:
 --  File "C:\Users\rchiodo\source\repos\PyDev.Debugger\tests_python\test_debugger_json.py", line 1443, in test_case_sys_exit_multiple_exception_attach

Test Reader Thread Received Content-Length: 134

Test Reader Thread Received 

Test Reader Thread Received {"type": "event", "event": "output", "body": {"output": "cffi", "category": "stdout", "source": {}}, "seq": 136, "pydevd_cmd_id": 116}
Message returned in get_next_message(): {"type": "event", "event": "output", "body": {"output": "cffi", "category": "stdout", "source": {}}, "seq": 136, "pydevd_cmd_id": 116} --  ctx: wait_for_message, asked at:
 --  File "C:\Users\rchiodo\source\repos\PyDev.Debugger\tests_python\test_debugger_json.py", line 1443, in test_case_sys_exit_multiple_exception_attach

Test Reader Thread Received Content-Length: 131

Test Reader Thread Received 

Test Reader Thread Received {"type": "event", "event": "output", "body": {"output": " ", "category": "stdout", "source": {}}, "seq": 138, "pydevd_cmd_id": 116}
Message returned in get_next_message(): {"type": "event", "event": "output", "body": {"output": " ", "category": "stdout", "source": {}}, "seq": 138, "pydevd_cmd_id": 116} --  ctx: wait_for_message, asked at:
 --  File "C:\Users\rchiodo\source\repos\PyDev.Debugger\tests_python\test_debugger_json.py", line 1443, in test_case_sys_exit_multiple_exception_attach

Test Reader Thread Received Content-Length: 136

Test Reader Thread Received 

Test Reader Thread Received {"type": "event", "event": "output", "body": {"output": "1.17.1", "category": "stdout", "source": {}}, "seq": 140, "pydevd_cmd_id": 116}
Test Reader Thread Received Content-Length: 132

Test Reader Thread Received 

Test Reader Thread Received {"type": "event", "event": "output", "body": {"output": "\n", "category": "stdout", "source": {}}, "seq": 142, "pydevd_cmd_id": 116}
Message returned in get_next_message(): {"type": "event", "event": "output", "body": {"output": "1.17.1", "category": "stdout", "source": {}}, "seq": 140, "pydevd_cmd_id": 116} --  ctx: wait_for_message, asked at:
 --  File "C:\Users\rchiodo\source\repos\PyDev.Debugger\tests_python\test_debugger_json.py", line 1443, in test_case_sys_exit_multiple_exception_attach

Message returned in get_next_message(): {"type": "event", "event": "output", "body": {"output": "\n", "category": "stdout", "source": {}}, "seq": 142, "pydevd_cmd_id": 116} --  ctx: wait_for_message, asked at:
 --  File "C:\Users\rchiodo\source\repos\PyDev.Debugger\tests_python\test_debugger_json.py", line 1443, in test_case_sys_exit_multiple_exception_attach

stdout:     {0}=={1}
Test Reader Thread Received Content-Length: 144

Test Reader Thread Received 

Test Reader Thread Received {"type": "event", "event": "output", "body": {"output": "    {0}=={1}\n", "category": "stdout", "source": {}}, "seq": 144, "pydevd_cmd_id": 116}
Message returned in get_next_message(): {"type": "event", "event": "output", "body": {"output": "    {0}=={1}\n", "category": "stdout", "source": {}}, "seq": 144, "pydevd_cmd_id": 116} --  ctx: wait_for_message, asked at:
 --  File "C:\Users\rchiodo\source\repos\PyDev.Debugger\tests_python\test_debugger_json.py", line 1443, in test_case_sys_exit_multiple_exception_attach

Test Reader Thread Received Content-Length: 131

Test Reader Thread Received 

Test Reader Thread Received {"type": "event", "event": "output", "body": {"output": " ", "category": "stdout", "source": {}}, "seq": 146, "pydevd_cmd_id": 116}
Message returned in get_next_message(): {"type": "event", "event": "output", "body": {"output": " ", "category": "stdout", "source": {}}, "seq": 146, "pydevd_cmd_id": 116} --  ctx: wait_for_message, asked at:
 --  File "C:\Users\rchiodo\source\repos\PyDev.Debugger\tests_python\test_debugger_json.py", line 1443, in test_case_sys_exit_multiple_exception_attach

Test Reader Thread Received Content-Length: 137

Test Reader Thread Received 

stdout:  chardet 5.2.0
Test Reader Thread Received {"type": "event", "event": "output", "body": {"output": "chardet", "category": "stdout", "source": {}}, "seq": 148, "pydevd_cmd_id": 116}
Message returned in get_next_message(): {"type": "event", "event": "output", "body": {"output": "chardet", "category": "stdout", "source": {}}, "seq": 148, "pydevd_cmd_id": 116} --  ctx: wait_for_message, asked at:
 --  File "C:\Users\rchiodo\source\repos\PyDev.Debugger\tests_python\test_debugger_json.py", line 1443, in test_case_sys_exit_multiple_exception_attach

Test Reader Thread Received Content-Length: 131

Test Reader Thread Received 

Test Reader Thread Received {"type": "event", "event": "output", "body": {"output": " ", "category": "stdout", "source": {}}, "seq": 150, "pydevd_cmd_id": 116}
Message returned in get_next_message(): {"type": "event", "event": "output", "body": {"output": " ", "category": "stdout", "source": {}}, "seq": 150, "pydevd_cmd_id": 116} --  ctx: wait_for_message, asked at:
 --  File "C:\Users\rchiodo\source\repos\PyDev.Debugger\tests_python\test_debugger_json.py", line 1443, in test_case_sys_exit_multiple_exception_attach

Test Reader Thread Received Content-Length: 135

Test Reader Thread Received 

Test Reader Thread Received {"type": "event", "event": "output", "body": {"output": "5.2.0", "category": "stdout", "source": {}}, "seq": 152, "pydevd_cmd_id": 116}
Test Reader Thread Received Content-Length: 132

Test Reader Thread Received 

Test Reader Thread Received {"type": "event", "event": "output", "body": {"output": "\n", "category": "stdout", "source": {}}, "seq": 154, "pydevd_cmd_id": 116}
Message returned in get_next_message(): {"type": "event", "event": "output", "body": {"output": "5.2.0", "category": "stdout", "source": {}}, "seq": 152, "pydevd_cmd_id": 116} --  ctx: wait_for_message, asked at:
 --  File "C:\Users\rchiodo\source\repos\PyDev.Debugger\tests_python\test_debugger_json.py", line 1443, in test_case_sys_exit_multiple_exception_attach

Message returned in get_next_message(): {"type": "event", "event": "output", "body": {"output": "\n", "category": "stdout", "source": {}}, "seq": 154, "pydevd_cmd_id": 116} --  ctx: wait_for_message, asked at:
 --  File "C:\Users\rchiodo\source\repos\PyDev.Debugger\tests_python\test_debugger_json.py", line 1443, in test_case_sys_exit_multiple_exception_attach

stdout:     {0}=={1}
Test Reader Thread Received Content-Length: 144

Test Reader Thread Received 

Test Reader Thread Received {"type": "event", "event": "output", "body": {"output": "    {0}=={1}\n", "category": "stdout", "source": {}}, "seq": 156, "pydevd_cmd_id": 116}
Message returned in get_next_message(): {"type": "event", "event": "output", "body": {"output": "    {0}=={1}\n", "category": "stdout", "source": {}}, "seq": 156, "pydevd_cmd_id": 116} --  ctx: wait_for_message, asked at:
 --  File "C:\Users\rchiodo\source\repos\PyDev.Debugger\tests_python\test_debugger_json.py", line 1443, in test_case_sys_exit_multiple_exception_attach

Test Reader Thread Received Content-Length: 131

Test Reader Thread Received 

Test Reader Thread Received {"type": "event", "event": "output", "body": {"output": " ", "category": "stdout", "source": {}}, "seq": 158, "pydevd_cmd_id": 116}
Test Reader Thread Received Content-Length: 148

Test Reader Thread Received 

Message returned in get_next_message(): {"type": "event", "event": "output", "body": {"output": " ", "category": "stdout", "source": {}}, "seq": 158, "pydevd_cmd_id": 116} --  ctx: wait_for_message, asked at:
 --  File "C:\Users\rchiodo\source\repos\PyDev.Debugger\tests_python\test_debugger_json.py", line 1443, in test_case_sys_exit_multiple_exception_attach

Test Reader Thread Received {"type": "event", "event": "output", "body": {"output": "charset-normalizer", "category": "stdout", "source": {}}, "seq": 160, "pydevd_cmd_id": 116}
stdout:  charset-normalizer 3.3.2
Test Reader Thread Received Content-Length: 131

Test Reader Thread Received 

Message returned in get_next_message(): {"type": "event", "event": "output", "body": {"output": "charset-normalizer", "category": "stdout", "source": {}}, "seq": 160, "pydevd_cmd_id": 116} --  ctx: wait_for_message, asked at:
 --  File "C:\Users\rchiodo\source\repos\PyDev.Debugger\tests_python\test_debugger_json.py", line 1443, in test_case_sys_exit_multiple_exception_attach

Test Reader Thread Received {"type": "event", "event": "output", "body": {"output": " ", "category": "stdout", "source": {}}, "seq": 162, "pydevd_cmd_id": 116}
Test Reader Thread Received Content-Length: 135

Test Reader Thread Received 

Message returned in get_next_message(): {"type": "event", "event": "output", "body": {"output": " ", "category": "stdout", "source": {}}, "seq": 162, "pydevd_cmd_id": 116} --  ctx: wait_for_message, asked at:
 --  File "C:\Users\rchiodo\source\repos\PyDev.Debugger\tests_python\test_debugger_json.py", line 1443, in test_case_sys_exit_multiple_exception_attach

Test Reader Thread Received {"type": "event", "event": "output", "body": {"output": "3.3.2", "category": "stdout", "source": {}}, "seq": 164, "pydevd_cmd_id": 116}
Test Reader Thread Received Content-Length: 132

Test Reader Thread Received 

Test Reader Thread Received {"type": "event", "event": "output", "body": {"output": "\n", "category": "stdout", "source": {}}, "seq": 166, "pydevd_cmd_id": 116}
Message returned in get_next_message(): {"type": "event", "event": "output", "body": {"output": "3.3.2", "category": "stdout", "source": {}}, "seq": 164, "pydevd_cmd_id": 116} --  ctx: wait_for_message, asked at:
 --  File "C:\Users\rchiodo\source\repos\PyDev.Debugger\tests_python\test_debugger_json.py", line 1443, in test_case_sys_exit_multiple_exception_attach

Message returned in get_next_message(): {"type": "event", "event": "output", "body": {"output": "\n", "category": "stdout", "source": {}}, "seq": 166, "pydevd_cmd_id": 116} --  ctx: wait_for_message, asked at:
 --  File "C:\Users\rchiodo\source\repos\PyDev.Debugger\tests_python\test_debugger_json.py", line 1443, in test_case_sys_exit_multiple_exception_attach

stdout:     {0}=={1}
Test Reader Thread Received Content-Length: 144

Test Reader Thread Received 

Test Reader Thread Received {"type": "event", "event": "output", "body": {"output": "    {0}=={1}\n", "category": "stdout", "source": {}}, "seq": 168, "pydevd_cmd_id": 116}
Message returned in get_next_message(): {"type": "event", "event": "output", "body": {"output": "    {0}=={1}\n", "category": "stdout", "source": {}}, "seq": 168, "pydevd_cmd_id": 116} --  ctx: wait_for_message, asked at:
 --  File "C:\Users\rchiodo\source\repos\PyDev.Debugger\tests_python\test_debugger_json.py", line 1443, in test_case_sys_exit_multiple_exception_attach

Test Reader Thread Received Content-Length: 131

Test Reader Thread Received 

Test Reader Thread Received {"type": "event", "event": "output", "body": {"output": " ", "category": "stdout", "source": {}}, "seq": 170, "pydevd_cmd_id": 116}
Message returned in get_next_message(): {"type": "event", "event": "output", "body": {"output": " ", "category": "stdout", "source": {}}, "seq": 170, "pydevd_cmd_id": 116} --  ctx: wait_for_message, asked at:
 --  File "C:\Users\rchiodo\source\repos\PyDev.Debugger\tests_python\test_debugger_json.py", line 1443, in test_case_sys_exit_multiple_exception_attach

stdout:  cheroot 10.0.1
Test Reader Thread Received Content-Length: 137

Test Reader Thread Received 

Test Reader Thread Received {"type": "event", "event": "output", "body": {"output": "cheroot", "category": "stdout", "source": {}}, "seq": 172, "pydevd_cmd_id": 116}
Test Reader Thread Received Content-Length: 131

Test Reader Thread Received 

Test Reader Thread Received {"type": "event", "event": "output", "body": {"output": " ", "category": "stdout", "source": {}}, "seq": 174, "pydevd_cmd_id": 116}
Message returned in get_next_message(): {"type": "event", "event": "output", "body": {"output": "cheroot", "category": "stdout", "source": {}}, "seq": 172, "pydevd_cmd_id": 116} --  ctx: wait_for_message, asked at:
 --  File "C:\Users\rchiodo\source\repos\PyDev.Debugger\tests_python\test_debugger_json.py", line 1443, in test_case_sys_exit_multiple_exception_attach

Test Reader Thread Received Content-Length: 136

Test Reader Thread Received 

Test Reader Thread Received {"type": "event", "event": "output", "body": {"output": "10.0.1", "category": "stdout", "source": {}}, "seq": 176, "pydevd_cmd_id": 116}
Message returned in get_next_message(): {"type": "event", "event": "output", "body": {"output": " ", "category": "stdout", "source": {}}, "seq": 174, "pydevd_cmd_id": 116} --  ctx: wait_for_message, asked at:
 --  File "C:\Users\rchiodo\source\repos\PyDev.Debugger\tests_python\test_debugger_json.py", line 1443, in test_case_sys_exit_multiple_exception_attach

Test Reader Thread Received Content-Length: 132

Test Reader Thread Received 

Test Reader Thread Received {"type": "event", "event": "output", "body": {"output": "\n", "category": "stdout", "source": {}}, "seq": 178, "pydevd_cmd_id": 116}
Message returned in get_next_message(): {"type": "event", "event": "output", "body": {"output": "10.0.1", "category": "stdout", "source": {}}, "seq": 176, "pydevd_cmd_id": 116} --  ctx: wait_for_message, asked at:
 --  File "C:\Users\rchiodo\source\repos\PyDev.Debugger\tests_python\test_debugger_json.py", line 1443, in test_case_sys_exit_multiple_exception_attach

Message returned in get_next_message(): {"type": "event", "event": "output", "body": {"output": "\n", "category": "stdout", "source": {}}, "seq": 178, "pydevd_cmd_id": 116} --  ctx: wait_for_message, asked at:
 --  File "C:\Users\rchiodo\source\repos\PyDev.Debugger\tests_python\test_debugger_json.py", line 1443, in test_case_sys_exit_multiple_exception_attach

stdout:     {0}=={1}
Test Reader Thread Received Content-Length: 144

Test Reader Thread Received 

Test Reader Thread Received {"type": "event", "event": "output", "body": {"output": "    {0}=={1}\n", "category": "stdout", "source": {}}, "seq": 180, "pydevd_cmd_id": 116}
Message returned in get_next_message(): {"type": "event", "event": "output", "body": {"output": "    {0}=={1}\n", "category": "stdout", "source": {}}, "seq": 180, "pydevd_cmd_id": 116} --  ctx: wait_for_message, asked at:
 --  File "C:\Users\rchiodo\source\repos\PyDev.Debugger\tests_python\test_debugger_json.py", line 1443, in test_case_sys_exit_multiple_exception_attach

Test Reader Thread Received Content-Length: 131

Test Reader Thread Received 

Test Reader Thread Received {"type": "event", "event": "output", "body": {"output": " ", "category": "stdout", "source": {}}, "seq": 182, "pydevd_cmd_id": 116}
Message returned in get_next_message(): {"type": "event", "event": "output", "body": {"output": " ", "category": "stdout", "source": {}}, "seq": 182, "pydevd_cmd_id": 116} --  ctx: wait_for_message, asked at:
 --  File "C:\Users\rchiodo\source\repos\PyDev.Debugger\tests_python\test_debugger_json.py", line 1443, in test_case_sys_exit_multiple_exception_attach

Test Reader Thread Received Content-Length: 138

Test Reader Thread Received 

stdout:  CherryPy 18.10.0
Test Reader Thread Received {"type": "event", "event": "output", "body": {"output": "CherryPy", "category": "stdout", "source": {}}, "seq": 184, "pydevd_cmd_id": 116}
Message returned in get_next_message(): {"type": "event", "event": "output", "body": {"output": "CherryPy", "category": "stdout", "source": {}}, "seq": 184, "pydevd_cmd_id": 116} --  ctx: wait_for_message, asked at:
 --  File "C:\Users\rchiodo\source\repos\PyDev.Debugger\tests_python\test_debugger_json.py", line 1443, in test_case_sys_exit_multiple_exception_attach

Test Reader Thread Received Content-Length: 131

Test Reader Thread Received 

Test Reader Thread Received {"type": "event", "event": "output", "body": {"output": " ", "category": "stdout", "source": {}}, "seq": 186, "pydevd_cmd_id": 116}
Message returned in get_next_message(): {"type": "event", "event": "output", "body": {"output": " ", "category": "stdout", "source": {}}, "seq": 186, "pydevd_cmd_id": 116} --  ctx: wait_for_message, asked at:
 --  File "C:\Users\rchiodo\source\repos\PyDev.Debugger\tests_python\test_debugger_json.py", line 1443, in test_case_sys_exit_multiple_exception_attach

Test Reader Thread Received Content-Length: 137

Test Reader Thread Received 

Test Reader Thread Received {"type": "event", "event": "output", "body": {"output": "18.10.0", "category": "stdout", "source": {}}, "seq": 188, "pydevd_cmd_id": 116}
Message returned in get_next_message(): {"type": "event", "event": "output", "body": {"output": "18.10.0", "category": "stdout", "source": {}}, "seq": 188, "pydevd_cmd_id": 116} --  ctx: wait_for_message, asked at:
 --  File "C:\Users\rchiodo\source\repos\PyDev.Debugger\tests_python\test_debugger_json.py", line 1443, in test_case_sys_exit_multiple_exception_attach

Test Reader Thread Received Content-Length: 132

Test Reader Thread Received 

Test Reader Thread Received {"type": "event", "event": "output", "body": {"output": "\n", "category": "stdout", "source": {}}, "seq": 190, "pydevd_cmd_id": 116}
Message returned in get_next_message(): {"type": "event", "event": "output", "body": {"output": "\n", "category": "stdout", "source": {}}, "seq": 190, "pydevd_cmd_id": 116} --  ctx: wait_for_message, asked at:
 --  File "C:\Users\rchiodo\source\repos\PyDev.Debugger\tests_python\test_debugger_json.py", line 1443, in test_case_sys_exit_multiple_exception_attach

stdout:     {0}=={1}
Test Reader Thread Received Content-Length: 144

Test Reader Thread Received 

Test Reader Thread Received {"type": "event", "event": "output", "body": {"output": "    {0}=={1}\n", "category": "stdout", "source": {}}, "seq": 192, "pydevd_cmd_id": 116}
Message returned in get_next_message(): {"type": "event", "event": "output", "body": {"output": "    {0}=={1}\n", "category": "stdout", "source": {}}, "seq": 192, "pydevd_cmd_id": 116} --  ctx: wait_for_message, asked at:
 --  File "C:\Users\rchiodo\source\repos\PyDev.Debugger\tests_python\test_debugger_json.py", line 1443, in test_case_sys_exit_multiple_exception_attach

Test Reader Thread Received Content-Length: 131

Test Reader Thread Received 

Test Reader Thread Received {"type": "event", "event": "output", "body": {"output": " ", "category": "stdout", "source": {}}, "seq": 194, "pydevd_cmd_id": 116}
Message returned in get_next_message(): {"type": "event", "event": "output", "body": {"output": " ", "category": "stdout", "source": {}}, "seq": 194, "pydevd_cmd_id": 116} --  ctx: wait_for_message, asked at:
 --  File "C:\Users\rchiodo\source\repos\PyDev.Debugger\tests_python\test_debugger_json.py", line 1443, in test_case_sys_exit_multiple_exception_attach

stdout:  click 8.1.7
Test Reader Thread Received Content-Length: 135

Test Reader Thread Received 

Test Reader Thread Received {"type": "event", "event": "output", "body": {"output": "click", "category": "stdout", "source": {}}, "seq": 196, "pydevd_cmd_id": 116}
Message returned in get_next_message(): {"type": "event", "event": "output", "body": {"output": "click", "category": "stdout", "source": {}}, "seq": 196, "pydevd_cmd_id": 116} --  ctx: wait_for_message, asked at:
 --  File "C:\Users\rchiodo\source\repos\PyDev.Debugger\tests_python\test_debugger_json.py", line 1443, in test_case_sys_exit_multiple_exception_attach

Test Reader Thread Received Content-Length: 131

Test Reader Thread Received 

Test Reader Thread Received {"type": "event", "event": "output", "body": {"output": " ", "category": "stdout", "source": {}}, "seq": 198, "pydevd_cmd_id": 116}
Test Reader Thread Received Content-Length: 135

Test Reader Thread Received 

Message returned in get_next_message(): {"type": "event", "event": "output", "body": {"output": " ", "category": "stdout", "source": {}}, "seq": 198, "pydevd_cmd_id": 116} --  ctx: wait_for_message, asked at:
 --  File "C:\Users\rchiodo\source\repos\PyDev.Debugger\tests_python\test_debugger_json.py", line 1443, in test_case_sys_exit_multiple_exception_attach

Test Reader Thread Received {"type": "event", "event": "output", "body": {"output": "8.1.7", "category": "stdout", "source": {}}, "seq": 200, "pydevd_cmd_id": 116}
Test Reader Thread Received Content-Length: 132

Test Reader Thread Received 

Test Reader Thread Received {"type": "event", "event": "output", "body": {"output": "\n", "category": "stdout", "source": {}}, "seq": 202, "pydevd_cmd_id": 116}
Message returned in get_next_message(): {"type": "event", "event": "output", "body": {"output": "8.1.7", "category": "stdout", "source": {}}, "seq": 200, "pydevd_cmd_id": 116} --  ctx: wait_for_message, asked at:
 --  File "C:\Users\rchiodo\source\repos\PyDev.Debugger\tests_python\test_debugger_json.py", line 1443, in test_case_sys_exit_multiple_exception_attach

Message returned in get_next_message(): {"type": "event", "event": "output", "body": {"output": "\n", "category": "stdout", "source": {}}, "seq": 202, "pydevd_cmd_id": 116} --  ctx: wait_for_message, asked at:
 --  File "C:\Users\rchiodo\source\repos\PyDev.Debugger\tests_python\test_debugger_json.py", line 1443, in test_case_sys_exit_multiple_exception_attach

stdout:     {0}=={1}
Test Reader Thread Received Content-Length: 144

Test Reader Thread Received 

Test Reader Thread Received {"type": "event", "event": "output", "body": {"output": "    {0}=={1}\n", "category": "stdout", "source": {}}, "seq": 204, "pydevd_cmd_id": 116}
Message returned in get_next_message(): {"type": "event", "event": "output", "body": {"output": "    {0}=={1}\n", "category": "stdout", "source": {}}, "seq": 204, "pydevd_cmd_id": 116} --  ctx: wait_for_message, asked at:
 --  File "C:\Users\rchiodo\source\repos\PyDev.Debugger\tests_python\test_debugger_json.py", line 1443, in test_case_sys_exit_multiple_exception_attach

Test Reader Thread Received Content-Length: 131

Test Reader Thread Received 

Test Reader Thread Received {"type": "event", "event": "output", "body": {"output": " ", "category": "stdout", "source": {}}, "seq": 206, "pydevd_cmd_id": 116}
Test Reader Thread Received Content-Length: 138

Test Reader Thread Received 

Test Reader Thread Received {"type": "event", "event": "output", "body": {"output": "colorama", "category": "stdout", "source": {}}, "seq": 208, "pydevd_cmd_id": 116}
stdout:  colorama 0.4.6
Message returned in get_next_message(): {"type": "event", "event": "output", "body": {"output": " ", "category": "stdout", "source": {}}, "seq": 206, "pydevd_cmd_id": 116} --  ctx: wait_for_message, asked at:
 --  File "C:\Users\rchiodo\source\repos\PyDev.Debugger\tests_python\test_debugger_json.py", line 1443, in test_case_sys_exit_multiple_exception_attach

Test Reader Thread Received Content-Length: 131

Test Reader Thread Received 

Test Reader Thread Received {"type": "event", "event": "output", "body": {"output": " ", "category": "stdout", "source": {}}, "seq": 210, "pydevd_cmd_id": 116}
Message returned in get_next_message(): {"type": "event", "event": "output", "body": {"output": "colorama", "category": "stdout", "source": {}}, "seq": 208, "pydevd_cmd_id": 116} --  ctx: wait_for_message, asked at:
 --  File "C:\Users\rchiodo\source\repos\PyDev.Debugger\tests_python\test_debugger_json.py", line 1443, in test_case_sys_exit_multiple_exception_attach

Test Reader Thread Received Content-Length: 135

Test Reader Thread Received 

Test Reader Thread Received {"type": "event", "event": "output", "body": {"output": "0.4.6", "category": "stdout", "source": {}}, "seq": 212, "pydevd_cmd_id": 116}
Test Reader Thread Received Content-Length: 132

Test Reader Thread Received 

Test Reader Thread Received {"type": "event", "event": "output", "body": {"output": "\n", "category": "stdout", "source": {}}, "seq": 214, "pydevd_cmd_id": 116}
Message returned in get_next_message(): {"type": "event", "event": "output", "body": {"output": " ", "category": "stdout", "source": {}}, "seq": 210, "pydevd_cmd_id": 116} --  ctx: wait_for_message, asked at:
 --  File "C:\Users\rchiodo\source\repos\PyDev.Debugger\tests_python\test_debugger_json.py", line 1443, in test_case_sys_exit_multiple_exception_attach

Message returned in get_next_message(): {"type": "event", "event": "output", "body": {"output": "0.4.6", "category": "stdout", "source": {}}, "seq": 212, "pydevd_cmd_id": 116} --  ctx: wait_for_message, asked at:
 --  File "C:\Users\rchiodo\source\repos\PyDev.Debugger\tests_python\test_debugger_json.py", line 1443, in test_case_sys_exit_multiple_exception_attach

Message returned in get_next_message(): {"type": "event", "event": "output", "body": {"output": "\n", "category": "stdout", "source": {}}, "seq": 214, "pydevd_cmd_id": 116} --  ctx: wait_for_message, asked at:
 --  File "C:\Users\rchiodo\source\repos\PyDev.Debugger\tests_python\test_debugger_json.py", line 1443, in test_case_sys_exit_multiple_exception_attach

stdout:     {0}=={1}
Test Reader Thread Received Content-Length: 144

Test Reader Thread Received 

Test Reader Thread Received {"type": "event", "event": "output", "body": {"output": "    {0}=={1}\n", "category": "stdout", "source": {}}, "seq": 216, "pydevd_cmd_id": 116}
Message returned in get_next_message(): {"type": "event", "event": "output", "body": {"output": "    {0}=={1}\n", "category": "stdout", "source": {}}, "seq": 216, "pydevd_cmd_id": 116} --  ctx: wait_for_message, asked at:
 --  File "C:\Users\rchiodo\source\repos\PyDev.Debugger\tests_python\test_debugger_json.py", line 1443, in test_case_sys_exit_multiple_exception_attach

Test Reader Thread Received Content-Length: 131

Test Reader Thread Received 

Test Reader Thread Received {"type": "event", "event": "output", "body": {"output": " ", "category": "stdout", "source": {}}, "seq": 218, "pydevd_cmd_id": 116}
Message returned in get_next_message(): {"type": "event", "event": "output", "body": {"output": " ", "category": "stdout", "source": {}}, "seq": 218, "pydevd_cmd_id": 116} --  ctx: wait_for_message, asked at:
 --  File "C:\Users\rchiodo\source\repos\PyDev.Debugger\tests_python\test_debugger_json.py", line 1443, in test_case_sys_exit_multiple_exception_attach

Test Reader Thread Received Content-Length: 138

Test Reader Thread Received 

stdout:  coverage 7.6.1
Test Reader Thread Received {"type": "event", "event": "output", "body": {"output": "coverage", "category": "stdout", "source": {}}, "seq": 220, "pydevd_cmd_id": 116}
Message returned in get_next_message(): {"type": "event", "event": "output", "body": {"output": "coverage", "category": "stdout", "source": {}}, "seq": 220, "pydevd_cmd_id": 116} --  ctx: wait_for_message, asked at:
 --  File "C:\Users\rchiodo\source\repos\PyDev.Debugger\tests_python\test_debugger_json.py", line 1443, in test_case_sys_exit_multiple_exception_attach

Test Reader Thread Received Content-Length: 131

Test Reader Thread Received 

Test Reader Thread Received {"type": "event", "event": "output", "body": {"output": " ", "category": "stdout", "source": {}}, "seq": 222, "pydevd_cmd_id": 116}
Test Reader Thread Received Content-Length: 135

Test Reader Thread Received 

Message returned in get_next_message(): {"type": "event", "event": "output", "body": {"output": " ", "category": "stdout", "source": {}}, "seq": 222, "pydevd_cmd_id": 116} --  ctx: wait_for_message, asked at:
 --  File "C:\Users\rchiodo\source\repos\PyDev.Debugger\tests_python\test_debugger_json.py", line 1443, in test_case_sys_exit_multiple_exception_attach

Test Reader Thread Received {"type": "event", "event": "output", "body": {"output": "7.6.1", "category": "stdout", "source": {}}, "seq": 224, "pydevd_cmd_id": 116}
Message returned in get_next_message(): {"type": "event", "event": "output", "body": {"output": "7.6.1", "category": "stdout", "source": {}}, "seq": 224, "pydevd_cmd_id": 116} --  ctx: wait_for_message, asked at:
 --  File "C:\Users\rchiodo\source\repos\PyDev.Debugger\tests_python\test_debugger_json.py", line 1443, in test_case_sys_exit_multiple_exception_attach

Test Reader Thread Received Content-Length: 132

Test Reader Thread Received 

Test Reader Thread Received {"type": "event", "event": "output", "body": {"output": "\n", "category": "stdout", "source": {}}, "seq": 226, "pydevd_cmd_id": 116}
Message returned in get_next_message(): {"type": "event", "event": "output", "body": {"output": "\n", "category": "stdout", "source": {}}, "seq": 226, "pydevd_cmd_id": 116} --  ctx: wait_for_message, asked at:
 --  File "C:\Users\rchiodo\source\repos\PyDev.Debugger\tests_python\test_debugger_json.py", line 1443, in test_case_sys_exit_multiple_exception_attach

stdout:     {0}=={1}
Test Reader Thread Received Content-Length: 144

Test Reader Thread Received 

Test Reader Thread Received {"type": "event", "event": "output", "body": {"output": "    {0}=={1}\n", "category": "stdout", "source": {}}, "seq": 228, "pydevd_cmd_id": 116}
Message returned in get_next_message(): {"type": "event", "event": "output", "body": {"output": "    {0}=={1}\n", "category": "stdout", "source": {}}, "seq": 228, "pydevd_cmd_id": 116} --  ctx: wait_for_message, asked at:
 --  File "C:\Users\rchiodo\source\repos\PyDev.Debugger\tests_python\test_debugger_json.py", line 1443, in test_case_sys_exit_multiple_exception_attach

Test Reader Thread Received Content-Length: 131

Test Reader Thread Received 

Test Reader Thread Received {"type": "event", "event": "output", "body": {"output": " ", "category": "stdout", "source": {}}, "seq": 230, "pydevd_cmd_id": 116}
stdout:  Cython 3.0.11
Message returned in get_next_message(): {"type": "event", "event": "output", "body": {"output": " ", "category": "stdout", "source": {}}, "seq": 230, "pydevd_cmd_id": 116} --  ctx: wait_for_message, asked at:
 --  File "C:\Users\rchiodo\source\repos\PyDev.Debugger\tests_python\test_debugger_json.py", line 1443, in test_case_sys_exit_multiple_exception_attach

Test Reader Thread Received Content-Length: 136

Test Reader Thread Received 

Test Reader Thread Received {"type": "event", "event": "output", "body": {"output": "Cython", "category": "stdout", "source": {}}, "seq": 232, "pydevd_cmd_id": 116}
Message returned in get_next_message(): {"type": "event", "event": "output", "body": {"output": "Cython", "category": "stdout", "source": {}}, "seq": 232, "pydevd_cmd_id": 116} --  ctx: wait_for_message, asked at:
 --  File "C:\Users\rchiodo\source\repos\PyDev.Debugger\tests_python\test_debugger_json.py", line 1443, in test_case_sys_exit_multiple_exception_attach

Test Reader Thread Received Content-Length: 131

Test Reader Thread Received 

Test Reader Thread Received {"type": "event", "event": "output", "body": {"output": " ", "category": "stdout", "source": {}}, "seq": 234, "pydevd_cmd_id": 116}
Message returned in get_next_message(): {"type": "event", "event": "output", "body": {"output": " ", "category": "stdout", "source": {}}, "seq": 234, "pydevd_cmd_id": 116} --  ctx: wait_for_message, asked at:
 --  File "C:\Users\rchiodo\source\repos\PyDev.Debugger\tests_python\test_debugger_json.py", line 1443, in test_case_sys_exit_multiple_exception_attach

Test Reader Thread Received Content-Length: 136

Test Reader Thread Received 

Test Reader Thread Received {"type": "event", "event": "output", "body": {"output": "3.0.11", "category": "stdout", "source": {}}, "seq": 236, "pydevd_cmd_id": 116}
Test Reader Thread Received Content-Length: 132

Test Reader Thread Received 

Test Reader Thread Received {"type": "event", "event": "output", "body": {"output": "\n", "category": "stdout", "source": {}}, "seq": 238, "pydevd_cmd_id": 116}
Message returned in get_next_message(): {"type": "event", "event": "output", "body": {"output": "3.0.11", "category": "stdout", "source": {}}, "seq": 236, "pydevd_cmd_id": 116} --  ctx: wait_for_message, asked at:
 --  File "C:\Users\rchiodo\source\repos\PyDev.Debugger\tests_python\test_debugger_json.py", line 1443, in test_case_sys_exit_multiple_exception_attach

Message returned in get_next_message(): {"type": "event", "event": "output", "body": {"output": "\n", "category": "stdout", "source": {}}, "seq": 238, "pydevd_cmd_id": 116} --  ctx: wait_for_message, asked at:
 --  File "C:\Users\rchiodo\source\repos\PyDev.Debugger\tests_python\test_debugger_json.py", line 1443, in test_case_sys_exit_multiple_exception_attach

stdout:     {0}=={1}
Test Reader Thread Received Content-Length: 144

Test Reader Thread Received 

Test Reader Thread Received {"type": "event", "event": "output", "body": {"output": "    {0}=={1}\n", "category": "stdout", "source": {}}, "seq": 240, "pydevd_cmd_id": 116}
Message returned in get_next_message(): {"type": "event", "event": "output", "body": {"output": "    {0}=={1}\n", "category": "stdout", "source": {}}, "seq": 240, "pydevd_cmd_id": 116} --  ctx: wait_for_message, asked at:
 --  File "C:\Users\rchiodo\source\repos\PyDev.Debugger\tests_python\test_debugger_json.py", line 1443, in test_case_sys_exit_multiple_exception_attach

Test Reader Thread Received Content-Length: 131

Test Reader Thread Received 

Test Reader Thread Received {"type": "event", "event": "output", "body": {"output": " ", "category": "stdout", "source": {}}, "seq": 242, "pydevd_cmd_id": 116}
Message returned in get_next_message(): {"type": "event", "event": "output", "body": {"output": " ", "category": "stdout", "source": {}}, "seq": 242, "pydevd_cmd_id": 116} --  ctx: wait_for_message, asked at:
 --  File "C:\Users\rchiodo\source\repos\PyDev.Debugger\tests_python\test_debugger_json.py", line 1443, in test_case_sys_exit_multiple_exception_attach

Test Reader Thread Received Content-Length: 139

Test Reader Thread Received 

Test Reader Thread Received {"type": "event", "event": "output", "body": {"output": "decorator", "category": "stdout", "source": {}}, "seq": 244, "pydevd_cmd_id": 116}
Test Reader Thread Received Content-Length: 131

Test Reader Thread Received 

Message returned in get_next_message(): {"type": "event", "event": "output", "body": {"output": "decorator", "category": "stdout", "source": {}}, "seq": 244, "pydevd_cmd_id": 116} --  ctx: wait_for_message, asked at:
 --  File "C:\Users\rchiodo\source\repos\PyDev.Debugger\tests_python\test_debugger_json.py", line 1443, in test_case_sys_exit_multiple_exception_attach

stdout:  decorator 5.1.1
Test Reader Thread Received {"type": "event", "event": "output", "body": {"output": " ", "category": "stdout", "source": {}}, "seq": 246, "pydevd_cmd_id": 116}
Message returned in get_next_message(): {"type": "event", "event": "output", "body": {"output": " ", "category": "stdout", "source": {}}, "seq": 246, "pydevd_cmd_id": 116} --  ctx: wait_for_message, asked at:
 --  File "C:\Users\rchiodo\source\repos\PyDev.Debugger\tests_python\test_debugger_json.py", line 1443, in test_case_sys_exit_multiple_exception_attach

Test Reader Thread Received Content-Length: 135

Test Reader Thread Received 

Test Reader Thread Received {"type": "event", "event": "output", "body": {"output": "5.1.1", "category": "stdout", "source": {}}, "seq": 248, "pydevd_cmd_id": 116}
Message returned in get_next_message(): {"type": "event", "event": "output", "body": {"output": "5.1.1", "category": "stdout", "source": {}}, "seq": 248, "pydevd_cmd_id": 116} --  ctx: wait_for_message, asked at:
 --  File "C:\Users\rchiodo\source\repos\PyDev.Debugger\tests_python\test_debugger_json.py", line 1443, in test_case_sys_exit_multiple_exception_attach

Test Reader Thread Received Content-Length: 132

Test Reader Thread Received 

Test Reader Thread Received {"type": "event", "event": "output", "body": {"output": "\n", "category": "stdout", "source": {}}, "seq": 250, "pydevd_cmd_id": 116}
Message returned in get_next_message(): {"type": "event", "event": "output", "body": {"output": "\n", "category": "stdout", "source": {}}, "seq": 250, "pydevd_cmd_id": 116} --  ctx: wait_for_message, asked at:
 --  File "C:\Users\rchiodo\source\repos\PyDev.Debugger\tests_python\test_debugger_json.py", line 1443, in test_case_sys_exit_multiple_exception_attach

stdout:     {0}=={1}
Test Reader Thread Received Content-Length: 144

Test Reader Thread Received 

Test Reader Thread Received {"type": "event", "event": "output", "body": {"output": "    {0}=={1}\n", "category": "stdout", "source": {}}, "seq": 252, "pydevd_cmd_id": 116}
Message returned in get_next_message(): {"type": "event", "event": "output", "body": {"output": "    {0}=={1}\n", "category": "stdout", "source": {}}, "seq": 252, "pydevd_cmd_id": 116} --  ctx: wait_for_message, asked at:
 --  File "C:\Users\rchiodo\source\repos\PyDev.Debugger\tests_python\test_debugger_json.py", line 1443, in test_case_sys_exit_multiple_exception_attach

Test Reader Thread Received Content-Length: 131

Test Reader Thread Received 

Test Reader Thread Received {"type": "event", "event": "output", "body": {"output": " ", "category": "stdout", "source": {}}, "seq": 254, "pydevd_cmd_id": 116}
Message returned in get_next_message(): {"type": "event", "event": "output", "body": {"output": " ", "category": "stdout", "source": {}}, "seq": 254, "pydevd_cmd_id": 116} --  ctx: wait_for_message, asked at:
 --  File "C:\Users\rchiodo\source\repos\PyDev.Debugger\tests_python\test_debugger_json.py", line 1443, in test_case_sys_exit_multiple_exception_attach

Test Reader Thread Received Content-Length: 140

Test Reader Thread Received 

stdout:  defusedxml 0.7.1
Test Reader Thread Received {"type": "event", "event": "output", "body": {"output": "defusedxml", "category": "stdout", "source": {}}, "seq": 256, "pydevd_cmd_id": 116}
Message returned in get_next_message(): {"type": "event", "event": "output", "body": {"output": "defusedxml", "category": "stdout", "source": {}}, "seq": 256, "pydevd_cmd_id": 116} --  ctx: wait_for_message, asked at:
 --  File "C:\Users\rchiodo\source\repos\PyDev.Debugger\tests_python\test_debugger_json.py", line 1443, in test_case_sys_exit_multiple_exception_attach

Test Reader Thread Received Content-Length: 131

Test Reader Thread Received 

Test Reader Thread Received {"type": "event", "event": "output", "body": {"output": " ", "category": "stdout", "source": {}}, "seq": 258, "pydevd_cmd_id": 116}
Message returned in get_next_message(): {"type": "event", "event": "output", "body": {"output": " ", "category": "stdout", "source": {}}, "seq": 258, "pydevd_cmd_id": 116} --  ctx: wait_for_message, asked at:
 --  File "C:\Users\rchiodo\source\repos\PyDev.Debugger\tests_python\test_debugger_json.py", line 1443, in test_case_sys_exit_multiple_exception_attach

Test Reader Thread Received Content-Length: 135

Test Reader Thread Received 

Test Reader Thread Received {"type": "event", "event": "output", "body": {"output": "0.7.1", "category": "stdout", "source": {}}, "seq": 260, "pydevd_cmd_id": 116}
Test Reader Thread Received Content-Length: 132

Test Reader Thread Received 

Test Reader Thread Received {"type": "event", "event": "output", "body": {"output": "\n", "category": "stdout", "source": {}}, "seq": 262, "pydevd_cmd_id": 116}
Message returned in get_next_message(): {"type": "event", "event": "output", "body": {"output": "0.7.1", "category": "stdout", "source": {}}, "seq": 260, "pydevd_cmd_id": 116} --  ctx: wait_for_message, asked at:
 --  File "C:\Users\rchiodo\source\repos\PyDev.Debugger\tests_python\test_debugger_json.py", line 1443, in test_case_sys_exit_multiple_exception_attach

Message returned in get_next_message(): {"type": "event", "event": "output", "body": {"output": "\n", "category": "stdout", "source": {}}, "seq": 262, "pydevd_cmd_id": 116} --  ctx: wait_for_message, asked at:
 --  File "C:\Users\rchiodo\source\repos\PyDev.Debugger\tests_python\test_debugger_json.py", line 1443, in test_case_sys_exit_multiple_exception_attach

stdout:     {0}=={1}
Test Reader Thread Received Content-Length: 144

Test Reader Thread Received 

Test Reader Thread Received {"type": "event", "event": "output", "body": {"output": "    {0}=={1}\n", "category": "stdout", "source": {}}, "seq": 264, "pydevd_cmd_id": 116}
Message returned in get_next_message(): {"type": "event", "event": "output", "body": {"output": "    {0}=={1}\n", "category": "stdout", "source": {}}, "seq": 264, "pydevd_cmd_id": 116} --  ctx: wait_for_message, asked at:
 --  File "C:\Users\rchiodo\source\repos\PyDev.Debugger\tests_python\test_debugger_json.py", line 1443, in test_case_sys_exit_multiple_exception_attach

Test Reader Thread Received Content-Length: 131

Test Reader Thread Received 

Test Reader Thread Received {"type": "event", "event": "output", "body": {"output": " ", "category": "stdout", "source": {}}, "seq": 266, "pydevd_cmd_id": 116}
Test Reader Thread Received Content-Length: 137

Test Reader Thread Received 

Test Reader Thread Received {"type": "event", "event": "output", "body": {"output": "distlib", "category": "stdout", "source": {}}, "seq": 268, "pydevd_cmd_id": 116}
Message returned in get_next_message(): {"type": "event", "event": "output", "body": {"output": " ", "category": "stdout", "source": {}}, "seq": 266, "pydevd_cmd_id": 116} --  ctx: wait_for_message, asked at:
 --  File "C:\Users\rchiodo\source\repos\PyDev.Debugger\tests_python\test_debugger_json.py", line 1443, in test_case_sys_exit_multiple_exception_attach

Test Reader Thread Received Content-Length: 131

Test Reader Thread Received 

stdout:  distlib 0.3.8
Test Reader Thread Received {"type": "event", "event": "output", "body": {"output": " ", "category": "stdout", "source": {}}, "seq": 270, "pydevd_cmd_id": 116}
Message returned in get_next_message(): {"type": "event", "event": "output", "body": {"output": "distlib", "category": "stdout", "source": {}}, "seq": 268, "pydevd_cmd_id": 116} --  ctx: wait_for_message, asked at:
 --  File "C:\Users\rchiodo\source\repos\PyDev.Debugger\tests_python\test_debugger_json.py", line 1443, in test_case_sys_exit_multiple_exception_attach

Test Reader Thread Received Content-Length: 135

Test Reader Thread Received 

Test Reader Thread Received {"type": "event", "event": "output", "body": {"output": "0.3.8", "category": "stdout", "source": {}}, "seq": 272, "pydevd_cmd_id": 116}
Message returned in get_next_message(): {"type": "event", "event": "output", "body": {"output": " ", "category": "stdout", "source": {}}, "seq": 270, "pydevd_cmd_id": 116} --  ctx: wait_for_message, asked at:
 --  File "C:\Users\rchiodo\source\repos\PyDev.Debugger\tests_python\test_debugger_json.py", line 1443, in test_case_sys_exit_multiple_exception_attach

Test Reader Thread Received Content-Length: 132

Test Reader Thread Received 

Message returned in get_next_message(): {"type": "event", "event": "output", "body": {"output": "0.3.8", "category": "stdout", "source": {}}, "seq": 272, "pydevd_cmd_id": 116} --  ctx: wait_for_message, asked at:
 --  File "C:\Users\rchiodo\source\repos\PyDev.Debugger\tests_python\test_debugger_json.py", line 1443, in test_case_sys_exit_multiple_exception_attach

Test Reader Thread Received {"type": "event", "event": "output", "body": {"output": "\n", "category": "stdout", "source": {}}, "seq": 274, "pydevd_cmd_id": 116}
Message returned in get_next_message(): {"type": "event", "event": "output", "body": {"output": "\n", "category": "stdout", "source": {}}, "seq": 274, "pydevd_cmd_id": 116} --  ctx: wait_for_message, asked at:
 --  File "C:\Users\rchiodo\source\repos\PyDev.Debugger\tests_python\test_debugger_json.py", line 1443, in test_case_sys_exit_multiple_exception_attach

stdout:     {0}=={1}
Test Reader Thread Received Content-Length: 144

Test Reader Thread Received 

Test Reader Thread Received {"type": "event", "event": "output", "body": {"output": "    {0}=={1}\n", "category": "stdout", "source": {}}, "seq": 276, "pydevd_cmd_id": 116}
Message returned in get_next_message(): {"type": "event", "event": "output", "body": {"output": "    {0}=={1}\n", "category": "stdout", "source": {}}, "seq": 276, "pydevd_cmd_id": 116} --  ctx: wait_for_message, asked at:
 --  File "C:\Users\rchiodo\source\repos\PyDev.Debugger\tests_python\test_debugger_json.py", line 1443, in test_case_sys_exit_multiple_exception_attach

stdout:  Django 4.2
Test Reader Thread Received Content-Length: 131

Test Reader Thread Received 

Test Reader Thread Received {"type": "event", "event": "output", "body": {"output": " ", "category": "stdout", "source": {}}, "seq": 278, "pydevd_cmd_id": 116}
Message returned in get_next_message(): {"type": "event", "event": "output", "body": {"output": " ", "category": "stdout", "source": {}}, "seq": 278, "pydevd_cmd_id": 116} --  ctx: wait_for_message, asked at:
 --  File "C:\Users\rchiodo\source\repos\PyDev.Debugger\tests_python\test_debugger_json.py", line 1443, in test_case_sys_exit_multiple_exception_attach

Test Reader Thread Received Content-Length: 136

Test Reader Thread Received 

Test Reader Thread Received {"type": "event", "event": "output", "body": {"output": "Django", "category": "stdout", "source": {}}, "seq": 280, "pydevd_cmd_id": 116}
Message returned in get_next_message(): {"type": "event", "event": "output", "body": {"output": "Django", "category": "stdout", "source": {}}, "seq": 280, "pydevd_cmd_id": 116} --  ctx: wait_for_message, asked at:
 --  File "C:\Users\rchiodo\source\repos\PyDev.Debugger\tests_python\test_debugger_json.py", line 1443, in test_case_sys_exit_multiple_exception_attach

Test Reader Thread Received Content-Length: 131

Test Reader Thread Received 

Test Reader Thread Received {"type": "event", "event": "output", "body": {"output": " ", "category": "stdout", "source": {}}, "seq": 282, "pydevd_cmd_id": 116}
Test Reader Thread Received Content-Length: 133

Test Reader Thread Received 

Test Reader Thread Received {"type": "event", "event": "output", "body": {"output": "4.2", "category": "stdout", "source": {}}, "seq": 284, "pydevd_cmd_id": 116}
Message returned in get_next_message(): {"type": "event", "event": "output", "body": {"output": " ", "category": "stdout", "source": {}}, "seq": 282, "pydevd_cmd_id": 116} --  ctx: wait_for_message, asked at:
 --  File "C:\Users\rchiodo\source\repos\PyDev.Debugger\tests_python\test_debugger_json.py", line 1443, in test_case_sys_exit_multiple_exception_attach

Test Reader Thread Received Content-Length: 132

Test Reader Thread Received 

Test Reader Thread Received {"type": "event", "event": "output", "body": {"output": "\n", "category": "stdout", "source": {}}, "seq": 286, "pydevd_cmd_id": 116}
Message returned in get_next_message(): {"type": "event", "event": "output", "body": {"output": "4.2", "category": "stdout", "source": {}}, "seq": 284, "pydevd_cmd_id": 116} --  ctx: wait_for_message, asked at:
 --  File "C:\Users\rchiodo\source\repos\PyDev.Debugger\tests_python\test_debugger_json.py", line 1443, in test_case_sys_exit_multiple_exception_attach

Message returned in get_next_message(): {"type": "event", "event": "output", "body": {"output": "\n", "category": "stdout", "source": {}}, "seq": 286, "pydevd_cmd_id": 116} --  ctx: wait_for_message, asked at:
 --  File "C:\Users\rchiodo\source\repos\PyDev.Debugger\tests_python\test_debugger_json.py", line 1443, in test_case_sys_exit_multiple_exception_attach

stdout:     {0}=={1}
Test Reader Thread Received Content-Length: 144

Test Reader Thread Received 

Test Reader Thread Received {"type": "event", "event": "output", "body": {"output": "    {0}=={1}\n", "category": "stdout", "source": {}}, "seq": 288, "pydevd_cmd_id": 116}
Message returned in get_next_message(): {"type": "event", "event": "output", "body": {"output": "    {0}=={1}\n", "category": "stdout", "source": {}}, "seq": 288, "pydevd_cmd_id": 116} --  ctx: wait_for_message, asked at:
 --  File "C:\Users\rchiodo\source\repos\PyDev.Debugger\tests_python\test_debugger_json.py", line 1443, in test_case_sys_exit_multiple_exception_attach

Test Reader Thread Received Content-Length: 131

Test Reader Thread Received 

stdout:  execnet 2.1.1
Test Reader Thread Received {"type": "event", "event": "output", "body": {"output": " ", "category": "stdout", "source": {}}, "seq": 290, "pydevd_cmd_id": 116}
Message returned in get_next_message(): {"type": "event", "event": "output", "body": {"output": " ", "category": "stdout", "source": {}}, "seq": 290, "pydevd_cmd_id": 116} --  ctx: wait_for_message, asked at:
 --  File "C:\Users\rchiodo\source\repos\PyDev.Debugger\tests_python\test_debugger_json.py", line 1443, in test_case_sys_exit_multiple_exception_attach

Test Reader Thread Received Content-Length: 137

Test Reader Thread Received 

Test Reader Thread Received {"type": "event", "event": "output", "body": {"output": "execnet", "category": "stdout", "source": {}}, "seq": 292, "pydevd_cmd_id": 116}
Message returned in get_next_message(): {"type": "event", "event": "output", "body": {"output": "execnet", "category": "stdout", "source": {}}, "seq": 292, "pydevd_cmd_id": 116} --  ctx: wait_for_message, asked at:
 --  File "C:\Users\rchiodo\source\repos\PyDev.Debugger\tests_python\test_debugger_json.py", line 1443, in test_case_sys_exit_multiple_exception_attach

Test Reader Thread Received Content-Length: 131

Test Reader Thread Received 

Test Reader Thread Received {"type": "event", "event": "output", "body": {"output": " ", "category": "stdout", "source": {}}, "seq": 294, "pydevd_cmd_id": 116}
Message returned in get_next_message(): {"type": "event", "event": "output", "body": {"output": " ", "category": "stdout", "source": {}}, "seq": 294, "pydevd_cmd_id": 116} --  ctx: wait_for_message, asked at:
 --  File "C:\Users\rchiodo\source\repos\PyDev.Debugger\tests_python\test_debugger_json.py", line 1443, in test_case_sys_exit_multiple_exception_attach

Test Reader Thread Received Content-Length: 135

Test Reader Thread Received 

Test Reader Thread Received {"type": "event", "event": "output", "body": {"output": "2.1.1", "category": "stdout", "source": {}}, "seq": 296, "pydevd_cmd_id": 116}
Test Reader Thread Received Content-Length: 132

Test Reader Thread Received 

Test Reader Thread Received {"type": "event", "event": "output", "body": {"output": "\n", "category": "stdout", "source": {}}, "seq": 298, "pydevd_cmd_id": 116}
Message returned in get_next_message(): {"type": "event", "event": "output", "body": {"output": "2.1.1", "category": "stdout", "source": {}}, "seq": 296, "pydevd_cmd_id": 116} --  ctx: wait_for_message, asked at:
 --  File "C:\Users\rchiodo\source\repos\PyDev.Debugger\tests_python\test_debugger_json.py", line 1443, in test_case_sys_exit_multiple_exception_attach

Message returned in get_next_message(): {"type": "event", "event": "output", "body": {"output": "\n", "category": "stdout", "source": {}}, "seq": 298, "pydevd_cmd_id": 116} --  ctx: wait_for_message, asked at:
 --  File "C:\Users\rchiodo\source\repos\PyDev.Debugger\tests_python\test_debugger_json.py", line 1443, in test_case_sys_exit_multiple_exception_attach

stdout:     {0}=={1}
Test Reader Thread Received Content-Length: 144

Test Reader Thread Received 

Test Reader Thread Received {"type": "event", "event": "output", "body": {"output": "    {0}=={1}\n", "category": "stdout", "source": {}}, "seq": 300, "pydevd_cmd_id": 116}
Message returned in get_next_message(): {"type": "event", "event": "output", "body": {"output": "    {0}=={1}\n", "category": "stdout", "source": {}}, "seq": 300, "pydevd_cmd_id": 116} --  ctx: wait_for_message, asked at:
 --  File "C:\Users\rchiodo\source\repos\PyDev.Debugger\tests_python\test_debugger_json.py", line 1443, in test_case_sys_exit_multiple_exception_attach

Test Reader Thread Received Content-Length: 131

Test Reader Thread Received 

Test Reader Thread Received {"type": "event", "event": "output", "body": {"output": " ", "category": "stdout", "source": {}}, "seq": 302, "pydevd_cmd_id": 116}
Test Reader Thread Received Content-Length: 139

Test Reader Thread Received 

Message returned in get_next_message(): {"type": "event", "event": "output", "body": {"output": " ", "category": "stdout", "source": {}}, "seq": 302, "pydevd_cmd_id": 116} --  ctx: wait_for_message, asked at:
 --  File "C:\Users\rchiodo\source\repos\PyDev.Debugger\tests_python\test_debugger_json.py", line 1443, in test_case_sys_exit_multiple_exception_attach

Test Reader Thread Received {"type": "event", "event": "output", "body": {"output": "executing", "category": "stdout", "source": {}}, "seq": 304, "pydevd_cmd_id": 116}
stdout:  executing 2.1.0
Test Reader Thread Received Content-Length: 131

Test Reader Thread Received 

Message returned in get_next_message(): {"type": "event", "event": "output", "body": {"output": "executing", "category": "stdout", "source": {}}, "seq": 304, "pydevd_cmd_id": 116} --  ctx: wait_for_message, asked at:
 --  File "C:\Users\rchiodo\source\repos\PyDev.Debugger\tests_python\test_debugger_json.py", line 1443, in test_case_sys_exit_multiple_exception_attach

Test Reader Thread Received {"type": "event", "event": "output", "body": {"output": " ", "category": "stdout", "source": {}}, "seq": 306, "pydevd_cmd_id": 116}
Test Reader Thread Received Content-Length: 135

Test Reader Thread Received 

Test Reader Thread Received {"type": "event", "event": "output", "body": {"output": "2.1.0", "category": "stdout", "source": {}}, "seq": 308, "pydevd_cmd_id": 116}
Message returned in get_next_message(): {"type": "event", "event": "output", "body": {"output": " ", "category": "stdout", "source": {}}, "seq": 306, "pydevd_cmd_id": 116} --  ctx: wait_for_message, asked at:
 --  File "C:\Users\rchiodo\source\repos\PyDev.Debugger\tests_python\test_debugger_json.py", line 1443, in test_case_sys_exit_multiple_exception_attach

Test Reader Thread Received Content-Length: 132

Test Reader Thread Received 

Test Reader Thread Received {"type": "event", "event": "output", "body": {"output": "\n", "category": "stdout", "source": {}}, "seq": 310, "pydevd_cmd_id": 116}
Message returned in get_next_message(): {"type": "event", "event": "output", "body": {"output": "2.1.0", "category": "stdout", "source": {}}, "seq": 308, "pydevd_cmd_id": 116} --  ctx: wait_for_message, asked at:
 --  File "C:\Users\rchiodo\source\repos\PyDev.Debugger\tests_python\test_debugger_json.py", line 1443, in test_case_sys_exit_multiple_exception_attach

Message returned in get_next_message(): {"type": "event", "event": "output", "body": {"output": "\n", "category": "stdout", "source": {}}, "seq": 310, "pydevd_cmd_id": 116} --  ctx: wait_for_message, asked at:
 --  File "C:\Users\rchiodo\source\repos\PyDev.Debugger\tests_python\test_debugger_json.py", line 1443, in test_case_sys_exit_multiple_exception_attach

stdout:     {0}=={1}
Test Reader Thread Received Content-Length: 144

Test Reader Thread Received 

Test Reader Thread Received {"type": "event", "event": "output", "body": {"output": "    {0}=={1}\n", "category": "stdout", "source": {}}, "seq": 312, "pydevd_cmd_id": 116}
Test Reader Thread Received Content-Length: 131

Test Reader Thread Received 

Message returned in get_next_message(): {"type": "event", "event": "output", "body": {"output": "    {0}=={1}\n", "category": "stdout", "source": {}}, "seq": 312, "pydevd_cmd_id": 116} --  ctx: wait_for_message, asked at:
 --  File "C:\Users\rchiodo\source\repos\PyDev.Debugger\tests_python\test_debugger_json.py", line 1443, in test_case_sys_exit_multiple_exception_attach

Test Reader Thread Received {"type": "event", "event": "output", "body": {"output": " ", "category": "stdout", "source": {}}, "seq": 314, "pydevd_cmd_id": 116}
Test Reader Thread Received Content-Length: 138

Test Reader Thread Received 

Message returned in get_next_message(): {"type": "event", "event": "output", "body": {"output": " ", "category": "stdout", "source": {}}, "seq": 314, "pydevd_cmd_id": 116} --  ctx: wait_for_message, asked at:
 --  File "C:\Users\rchiodo\source\repos\PyDev.Debugger\tests_python\test_debugger_json.py", line 1443, in test_case_sys_exit_multiple_exception_attach

Test Reader Thread Received {"type": "event", "event": "output", "body": {"output": "filelock", "category": "stdout", "source": {}}, "seq": 316, "pydevd_cmd_id": 116}
Test Reader Thread Received Content-Length: 131

Test Reader Thread Received 

Message returned in get_next_message(): {"type": "event", "event": "output", "body": {"output": "filelock", "category": "stdout", "source": {}}, "seq": 316, "pydevd_cmd_id": 116} --  ctx: wait_for_message, asked at:
 --  File "C:\Users\rchiodo\source\repos\PyDev.Debugger\tests_python\test_debugger_json.py", line 1443, in test_case_sys_exit_multiple_exception_attach

stdout:  filelock 3.16.1
Test Reader Thread Received {"type": "event", "event": "output", "body": {"output": " ", "category": "stdout", "source": {}}, "seq": 318, "pydevd_cmd_id": 116}
Message returned in get_next_message(): {"type": "event", "event": "output", "body": {"output": " ", "category": "stdout", "source": {}}, "seq": 318, "pydevd_cmd_id": 116} --  ctx: wait_for_message, asked at:
 --  File "C:\Users\rchiodo\source\repos\PyDev.Debugger\tests_python\test_debugger_json.py", line 1443, in test_case_sys_exit_multiple_exception_attach

Test Reader Thread Received Content-Length: 136

Test Reader Thread Received 

Test Reader Thread Received {"type": "event", "event": "output", "body": {"output": "3.16.1", "category": "stdout", "source": {}}, "seq": 320, "pydevd_cmd_id": 116}
Message returned in get_next_message(): {"type": "event", "event": "output", "body": {"output": "3.16.1", "category": "stdout", "source": {}}, "seq": 320, "pydevd_cmd_id": 116} --  ctx: wait_for_message, asked at:
 --  File "C:\Users\rchiodo\source\repos\PyDev.Debugger\tests_python\test_debugger_json.py", line 1443, in test_case_sys_exit_multiple_exception_attach

Test Reader Thread Received Content-Length: 132

Test Reader Thread Received 

Test Reader Thread Received {"type": "event", "event": "output", "body": {"output": "\n", "category": "stdout", "source": {}}, "seq": 322, "pydevd_cmd_id": 116}
Message returned in get_next_message(): {"type": "event", "event": "output", "body": {"output": "\n", "category": "stdout", "source": {}}, "seq": 322, "pydevd_cmd_id": 116} --  ctx: wait_for_message, asked at:
 --  File "C:\Users\rchiodo\source\repos\PyDev.Debugger\tests_python\test_debugger_json.py", line 1443, in test_case_sys_exit_multiple_exception_attach

stdout:     {0}=={1}
Test Reader Thread Received Content-Length: 144

Test Reader Thread Received 

Test Reader Thread Received {"type": "event", "event": "output", "body": {"output": "    {0}=={1}\n", "category": "stdout", "source": {}}, "seq": 324, "pydevd_cmd_id": 116}
Message returned in get_next_message(): {"type": "event", "event": "output", "body": {"output": "    {0}=={1}\n", "category": "stdout", "source": {}}, "seq": 324, "pydevd_cmd_id": 116} --  ctx: wait_for_message, asked at:
 --  File "C:\Users\rchiodo\source\repos\PyDev.Debugger\tests_python\test_debugger_json.py", line 1443, in test_case_sys_exit_multiple_exception_attach

Test Reader Thread Received Content-Length: 131

Test Reader Thread Received 

Test Reader Thread Received {"type": "event", "event": "output", "body": {"output": " ", "category": "stdout", "source": {}}, "seq": 326, "pydevd_cmd_id": 116}
Test Reader Thread Received Content-Length: 135

Test Reader Thread Received 

Test Reader Thread Received {"type": "event", "event": "output", "body": {"output": "Flask", "category": "stdout", "source": {}}, "seq": 328, "pydevd_cmd_id": 116}
Test Reader Thread Received Content-Length: 131

Test Reader Thread Received 

Message returned in get_next_message(): {"type": "event", "event": "output", "body": {"output": " ", "category": "stdout", "source": {}}, "seq": 326, "pydevd_cmd_id": 116} --  ctx: wait_for_message, asked at:
 --  File "C:\Users\rchiodo\source\repos\PyDev.Debugger\tests_python\test_debugger_json.py", line 1443, in test_case_sys_exit_multiple_exception_attach

stdout:  Flask 3.0.3
Test Reader Thread Received {"type": "event", "event": "output", "body": {"output": " ", "category": "stdout", "source": {}}, "seq": 330, "pydevd_cmd_id": 116}
Message returned in get_next_message(): {"type": "event", "event": "output", "body": {"output": "Flask", "category": "stdout", "source": {}}, "seq": 328, "pydevd_cmd_id": 116} --  ctx: wait_for_message, asked at:
 --  File "C:\Users\rchiodo\source\repos\PyDev.Debugger\tests_python\test_debugger_json.py", line 1443, in test_case_sys_exit_multiple_exception_attach

Test Reader Thread Received Content-Length: 135

Test Reader Thread Received 

Test Reader Thread Received {"type": "event", "event": "output", "body": {"output": "3.0.3", "category": "stdout", "source": {}}, "seq": 332, "pydevd_cmd_id": 116}
Message returned in get_next_message(): {"type": "event", "event": "output", "body": {"output": " ", "category": "stdout", "source": {}}, "seq": 330, "pydevd_cmd_id": 116} --  ctx: wait_for_message, asked at:
 --  File "C:\Users\rchiodo\source\repos\PyDev.Debugger\tests_python\test_debugger_json.py", line 1443, in test_case_sys_exit_multiple_exception_attach

Test Reader Thread Received Content-Length: 132

Test Reader Thread Received 

Test Reader Thread Received {"type": "event", "event": "output", "body": {"output": "\n", "category": "stdout", "source": {}}, "seq": 334, "pydevd_cmd_id": 116}
Message returned in get_next_message(): {"type": "event", "event": "output", "body": {"output": "3.0.3", "category": "stdout", "source": {}}, "seq": 332, "pydevd_cmd_id": 116} --  ctx: wait_for_message, asked at:
 --  File "C:\Users\rchiodo\source\repos\PyDev.Debugger\tests_python\test_debugger_json.py", line 1443, in test_case_sys_exit_multiple_exception_attach

Message returned in get_next_message(): {"type": "event", "event": "output", "body": {"output": "\n", "category": "stdout", "source": {}}, "seq": 334, "pydevd_cmd_id": 116} --  ctx: wait_for_message, asked at:
 --  File "C:\Users\rchiodo\source\repos\PyDev.Debugger\tests_python\test_debugger_json.py", line 1443, in test_case_sys_exit_multiple_exception_attach

stdout:     {0}=={1}
Test Reader Thread Received Content-Length: 144

Test Reader Thread Received 

Test Reader Thread Received {"type": "event", "event": "output", "body": {"output": "    {0}=={1}\n", "category": "stdout", "source": {}}, "seq": 336, "pydevd_cmd_id": 116}
Message returned in get_next_message(): {"type": "event", "event": "output", "body": {"output": "    {0}=={1}\n", "category": "stdout", "source": {}}, "seq": 336, "pydevd_cmd_id": 116} --  ctx: wait_for_message, asked at:
 --  File "C:\Users\rchiodo\source\repos\PyDev.Debugger\tests_python\test_debugger_json.py", line 1443, in test_case_sys_exit_multiple_exception_attach

Test Reader Thread Received Content-Length: 131

Test Reader Thread Received 

Test Reader Thread Received {"type": "event", "event": "output", "body": {"output": " ", "category": "stdout", "source": {}}, "seq": 338, "pydevd_cmd_id": 116}
Message returned in get_next_message(): {"type": "event", "event": "output", "body": {"output": " ", "category": "stdout", "source": {}}, "seq": 338, "pydevd_cmd_id": 116} --  ctx: wait_for_message, asked at:
 --  File "C:\Users\rchiodo\source\repos\PyDev.Debugger\tests_python\test_debugger_json.py", line 1443, in test_case_sys_exit_multiple_exception_attach

Test Reader Thread Received Content-Length: 136

Test Reader Thread Received 

stdout:  gevent 23.9.1
Test Reader Thread Received {"type": "event", "event": "output", "body": {"output": "gevent", "category": "stdout", "source": {}}, "seq": 340, "pydevd_cmd_id": 116}
Test Reader Thread Received Content-Length: 131

Test Reader Thread Received 

Message returned in get_next_message(): {"type": "event", "event": "output", "body": {"output": "gevent", "category": "stdout", "source": {}}, "seq": 340, "pydevd_cmd_id": 116} --  ctx: wait_for_message, asked at:
 --  File "C:\Users\rchiodo\source\repos\PyDev.Debugger\tests_python\test_debugger_json.py", line 1443, in test_case_sys_exit_multiple_exception_attach

Test Reader Thread Received {"type": "event", "event": "output", "body": {"output": " ", "category": "stdout", "source": {}}, "seq": 342, "pydevd_cmd_id": 116}
Message returned in get_next_message(): {"type": "event", "event": "output", "body": {"output": " ", "category": "stdout", "source": {}}, "seq": 342, "pydevd_cmd_id": 116} --  ctx: wait_for_message, asked at:
 --  File "C:\Users\rchiodo\source\repos\PyDev.Debugger\tests_python\test_debugger_json.py", line 1443, in test_case_sys_exit_multiple_exception_attach

Test Reader Thread Received Content-Length: 136

Test Reader Thread Received 

Test Reader Thread Received {"type": "event", "event": "output", "body": {"output": "23.9.1", "category": "stdout", "source": {}}, "seq": 344, "pydevd_cmd_id": 116}
Message returned in get_next_message(): {"type": "event", "event": "output", "body": {"output": "23.9.1", "category": "stdout", "source": {}}, "seq": 344, "pydevd_cmd_id": 116} --  ctx: wait_for_message, asked at:
 --  File "C:\Users\rchiodo\source\repos\PyDev.Debugger\tests_python\test_debugger_json.py", line 1443, in test_case_sys_exit_multiple_exception_attach

Test Reader Thread Received Content-Length: 132

Test Reader Thread Received 

Test Reader Thread Received {"type": "event", "event": "output", "body": {"output": "\n", "category": "stdout", "source": {}}, "seq": 346, "pydevd_cmd_id": 116}
Message returned in get_next_message(): {"type": "event", "event": "output", "body": {"output": "\n", "category": "stdout", "source": {}}, "seq": 346, "pydevd_cmd_id": 116} --  ctx: wait_for_message, asked at:
 --  File "C:\Users\rchiodo\source\repos\PyDev.Debugger\tests_python\test_debugger_json.py", line 1443, in test_case_sys_exit_multiple_exception_attach

stdout:     {0}=={1}
Test Reader Thread Received Content-Length: 144

Test Reader Thread Received 

Test Reader Thread Received {"type": "event", "event": "output", "body": {"output": "    {0}=={1}\n", "category": "stdout", "source": {}}, "seq": 348, "pydevd_cmd_id": 116}
Message returned in get_next_message(): {"type": "event", "event": "output", "body": {"output": "    {0}=={1}\n", "category": "stdout", "source": {}}, "seq": 348, "pydevd_cmd_id": 116} --  ctx: wait_for_message, asked at:
 --  File "C:\Users\rchiodo\source\repos\PyDev.Debugger\tests_python\test_debugger_json.py", line 1443, in test_case_sys_exit_multiple_exception_attach

Test Reader Thread Received Content-Length: 131

Test Reader Thread Received 

Test Reader Thread Received {"type": "event", "event": "output", "body": {"output": " ", "category": "stdout", "source": {}}, "seq": 350, "pydevd_cmd_id": 116}
Message returned in get_next_message(): {"type": "event", "event": "output", "body": {"output": " ", "category": "stdout", "source": {}}, "seq": 350, "pydevd_cmd_id": 116} --  ctx: wait_for_message, asked at:
 --  File "C:\Users\rchiodo\source\repos\PyDev.Debugger\tests_python\test_debugger_json.py", line 1443, in test_case_sys_exit_multiple_exception_attach

Test Reader Thread Received Content-Length: 138

Test Reader Thread Received 

stdout:  greenlet 3.1.1
Test Reader Thread Received {"type": "event", "event": "output", "body": {"output": "greenlet", "category": "stdout", "source": {}}, "seq": 352, "pydevd_cmd_id": 116}
Message returned in get_next_message(): {"type": "event", "event": "output", "body": {"output": "greenlet", "category": "stdout", "source": {}}, "seq": 352, "pydevd_cmd_id": 116} --  ctx: wait_for_message, asked at:
 --  File "C:\Users\rchiodo\source\repos\PyDev.Debugger\tests_python\test_debugger_json.py", line 1443, in test_case_sys_exit_multiple_exception_attach

Test Reader Thread Received Content-Length: 131

Test Reader Thread Received 

Test Reader Thread Received {"type": "event", "event": "output", "body": {"output": " ", "category": "stdout", "source": {}}, "seq": 354, "pydevd_cmd_id": 116}
Message returned in get_next_message(): {"type": "event", "event": "output", "body": {"output": " ", "category": "stdout", "source": {}}, "seq": 354, "pydevd_cmd_id": 116} --  ctx: wait_for_message, asked at:
 --  File "C:\Users\rchiodo\source\repos\PyDev.Debugger\tests_python\test_debugger_json.py", line 1443, in test_case_sys_exit_multiple_exception_attach

Test Reader Thread Received Content-Length: 135

Test Reader Thread Received 

Test Reader Thread Received {"type": "event", "event": "output", "body": {"output": "3.1.1", "category": "stdout", "source": {}}, "seq": 356, "pydevd_cmd_id": 116}
Message returned in get_next_message(): {"type": "event", "event": "output", "body": {"output": "3.1.1", "category": "stdout", "source": {}}, "seq": 356, "pydevd_cmd_id": 116} --  ctx: wait_for_message, asked at:
 --  File "C:\Users\rchiodo\source\repos\PyDev.Debugger\tests_python\test_debugger_json.py", line 1443, in test_case_sys_exit_multiple_exception_attach

Test Reader Thread Received Content-Length: 132

Test Reader Thread Received 

Test Reader Thread Received {"type": "event", "event": "output", "body": {"output": "\n", "category": "stdout", "source": {}}, "seq": 358, "pydevd_cmd_id": 116}
Message returned in get_next_message(): {"type": "event", "event": "output", "body": {"output": "\n", "category": "stdout", "source": {}}, "seq": 358, "pydevd_cmd_id": 116} --  ctx: wait_for_message, asked at:
 --  File "C:\Users\rchiodo\source\repos\PyDev.Debugger\tests_python\test_debugger_json.py", line 1443, in test_case_sys_exit_multiple_exception_attach

stdout:     {0}=={1}
Test Reader Thread Received Content-Length: 144

Test Reader Thread Received 

Test Reader Thread Received {"type": "event", "event": "output", "body": {"output": "    {0}=={1}\n", "category": "stdout", "source": {}}, "seq": 360, "pydevd_cmd_id": 116}
Message returned in get_next_message(): {"type": "event", "event": "output", "body": {"output": "    {0}=={1}\n", "category": "stdout", "source": {}}, "seq": 360, "pydevd_cmd_id": 116} --  ctx: wait_for_message, asked at:
 --  File "C:\Users\rchiodo\source\repos\PyDev.Debugger\tests_python\test_debugger_json.py", line 1443, in test_case_sys_exit_multiple_exception_attach

Test Reader Thread Received Content-Length: 131

Test Reader Thread Received 

stdout:  idna 3.10
Test Reader Thread Received {"type": "event", "event": "output", "body": {"output": " ", "category": "stdout", "source": {}}, "seq": 362, "pydevd_cmd_id": 116}
Message returned in get_next_message(): {"type": "event", "event": "output", "body": {"output": " ", "category": "stdout", "source": {}}, "seq": 362, "pydevd_cmd_id": 116} --  ctx: wait_for_message, asked at:
 --  File "C:\Users\rchiodo\source\repos\PyDev.Debugger\tests_python\test_debugger_json.py", line 1443, in test_case_sys_exit_multiple_exception_attach

Test Reader Thread Received Content-Length: 134

Test Reader Thread Received 

Test Reader Thread Received {"type": "event", "event": "output", "body": {"output": "idna", "category": "stdout", "source": {}}, "seq": 364, "pydevd_cmd_id": 116}
Message returned in get_next_message(): {"type": "event", "event": "output", "body": {"output": "idna", "category": "stdout", "source": {}}, "seq": 364, "pydevd_cmd_id": 116} --  ctx: wait_for_message, asked at:
 --  File "C:\Users\rchiodo\source\repos\PyDev.Debugger\tests_python\test_debugger_json.py", line 1443, in test_case_sys_exit_multiple_exception_attach

Test Reader Thread Received Content-Length: 131

Test Reader Thread Received 

Test Reader Thread Received {"type": "event", "event": "output", "body": {"output": " ", "category": "stdout", "source": {}}, "seq": 366, "pydevd_cmd_id": 116}
Test Reader Thread Received Content-Length: 134

Test Reader Thread Received 

Test Reader Thread Received {"type": "event", "event": "output", "body": {"output": "3.10", "category": "stdout", "source": {}}, "seq": 368, "pydevd_cmd_id": 116}
Message returned in get_next_message(): {"type": "event", "event": "output", "body": {"output": " ", "category": "stdout", "source": {}}, "seq": 366, "pydevd_cmd_id": 116} --  ctx: wait_for_message, asked at:
 --  File "C:\Users\rchiodo\source\repos\PyDev.Debugger\tests_python\test_debugger_json.py", line 1443, in test_case_sys_exit_multiple_exception_attach

Test Reader Thread Received Content-Length: 132

Test Reader Thread Received 

Test Reader Thread Received {"type": "event", "event": "output", "body": {"output": "\n", "category": "stdout", "source": {}}, "seq": 370, "pydevd_cmd_id": 116}
Message returned in get_next_message(): {"type": "event", "event": "output", "body": {"output": "3.10", "category": "stdout", "source": {}}, "seq": 368, "pydevd_cmd_id": 116} --  ctx: wait_for_message, asked at:
 --  File "C:\Users\rchiodo\source\repos\PyDev.Debugger\tests_python\test_debugger_json.py", line 1443, in test_case_sys_exit_multiple_exception_attach

Message returned in get_next_message(): {"type": "event", "event": "output", "body": {"output": "\n", "category": "stdout", "source": {}}, "seq": 370, "pydevd_cmd_id": 116} --  ctx: wait_for_message, asked at:
 --  File "C:\Users\rchiodo\source\repos\PyDev.Debugger\tests_python\test_debugger_json.py", line 1443, in test_case_sys_exit_multiple_exception_attach

stdout:     {0}=={1}
Test Reader Thread Received Content-Length: 144

Test Reader Thread Received 

Test Reader Thread Received {"type": "event", "event": "output", "body": {"output": "    {0}=={1}\n", "category": "stdout", "source": {}}, "seq": 372, "pydevd_cmd_id": 116}
Message returned in get_next_message(): {"type": "event", "event": "output", "body": {"output": "    {0}=={1}\n", "category": "stdout", "source": {}}, "seq": 372, "pydevd_cmd_id": 116} --  ctx: wait_for_message, asked at:
 --  File "C:\Users\rchiodo\source\repos\PyDev.Debugger\tests_python\test_debugger_json.py", line 1443, in test_case_sys_exit_multiple_exception_attach

Test Reader Thread Received Content-Length: 131

Test Reader Thread Received 

Test Reader Thread Received {"type": "event", "event": "output", "body": {"output": " ", "category": "stdout", "source": {}}, "seq": 374, "pydevd_cmd_id": 116}
Message returned in get_next_message(): {"type": "event", "event": "output", "body": {"output": " ", "category": "stdout", "source": {}}, "seq": 374, "pydevd_cmd_id": 116} --  ctx: wait_for_message, asked at:
 --  File "C:\Users\rchiodo\source\repos\PyDev.Debugger\tests_python\test_debugger_json.py", line 1443, in test_case_sys_exit_multiple_exception_attach

Test Reader Thread Received Content-Length: 148

Test Reader Thread Received 

Test Reader Thread Received {"type": "event", "event": "output", "body": {"output": "importlib_metadata", "category": "stdout", "source": {}}, "seq": 376, "pydevd_cmd_id": 116}
Message returned in get_next_message(): {"type": "event", "event": "output", "body": {"output": "importlib_metadata", "category": "stdout", "source": {}}, "seq": 376, "pydevd_cmd_id": 116} --  ctx: wait_for_message, asked at:
 --  File "C:\Users\rchiodo\source\repos\PyDev.Debugger\tests_python\test_debugger_json.py", line 1443, in test_case_sys_exit_multiple_exception_attach

stdout:  importlib_metadata 8.5.0
Test Reader Thread Received Content-Length: 131

Test Reader Thread Received 

Test Reader Thread Received {"type": "event", "event": "output", "body": {"output": " ", "category": "stdout", "source": {}}, "seq": 378, "pydevd_cmd_id": 116}
Message returned in get_next_message(): {"type": "event", "event": "output", "body": {"output": " ", "category": "stdout", "source": {}}, "seq": 378, "pydevd_cmd_id": 116} --  ctx: wait_for_message, asked at:
 --  File "C:\Users\rchiodo\source\repos\PyDev.Debugger\tests_python\test_debugger_json.py", line 1443, in test_case_sys_exit_multiple_exception_attach

Test Reader Thread Received Content-Length: 135

Test Reader Thread Received 

Test Reader Thread Received {"type": "event", "event": "output", "body": {"output": "8.5.0", "category": "stdout", "source": {}}, "seq": 380, "pydevd_cmd_id": 116}
Message returned in get_next_message(): {"type": "event", "event": "output", "body": {"output": "8.5.0", "category": "stdout", "source": {}}, "seq": 380, "pydevd_cmd_id": 116} --  ctx: wait_for_message, asked at:
 --  File "C:\Users\rchiodo\source\repos\PyDev.Debugger\tests_python\test_debugger_json.py", line 1443, in test_case_sys_exit_multiple_exception_attach

Test Reader Thread Received Content-Length: 132

Test Reader Thread Received 

Test Reader Thread Received {"type": "event", "event": "output", "body": {"output": "\n", "category": "stdout", "source": {}}, "seq": 382, "pydevd_cmd_id": 116}
Message returned in get_next_message(): {"type": "event", "event": "output", "body": {"output": "\n", "category": "stdout", "source": {}}, "seq": 382, "pydevd_cmd_id": 116} --  ctx: wait_for_message, asked at:
 --  File "C:\Users\rchiodo\source\repos\PyDev.Debugger\tests_python\test_debugger_json.py", line 1443, in test_case_sys_exit_multiple_exception_attach

stdout:     {0}=={1}
Test Reader Thread Received Content-Length: 144

Test Reader Thread Received 

Test Reader Thread Received {"type": "event", "event": "output", "body": {"output": "    {0}=={1}\n", "category": "stdout", "source": {}}, "seq": 384, "pydevd_cmd_id": 116}
Message returned in get_next_message(): {"type": "event", "event": "output", "body": {"output": "    {0}=={1}\n", "category": "stdout", "source": {}}, "seq": 384, "pydevd_cmd_id": 116} --  ctx: wait_for_message, asked at:
 --  File "C:\Users\rchiodo\source\repos\PyDev.Debugger\tests_python\test_debugger_json.py", line 1443, in test_case_sys_exit_multiple_exception_attach

Test Reader Thread Received Content-Length: 131

Test Reader Thread Received 

Test Reader Thread Received {"type": "event", "event": "output", "body": {"output": " ", "category": "stdout", "source": {}}, "seq": 386, "pydevd_cmd_id": 116}
Message returned in get_next_message(): {"type": "event", "event": "output", "body": {"output": " ", "category": "stdout", "source": {}}, "seq": 386, "pydevd_cmd_id": 116} --  ctx: wait_for_message, asked at:
 --  File "C:\Users\rchiodo\source\repos\PyDev.Debugger\tests_python\test_debugger_json.py", line 1443, in test_case_sys_exit_multiple_exception_attach

Test Reader Thread Received Content-Length: 139

Test Reader Thread Received 

Test Reader Thread Received {"type": "event", "event": "output", "body": {"output": "iniconfig", "category": "stdout", "source": {}}, "seq": 388, "pydevd_cmd_id": 116}
Test Reader Thread Received Content-Length: 131

Test Reader Thread Received 

stdout:  iniconfig 2.0.0
Message returned in get_next_message(): {"type": "event", "event": "output", "body": {"output": "iniconfig", "category": "stdout", "source": {}}, "seq": 388, "pydevd_cmd_id": 116} --  ctx: wait_for_message, asked at:
 --  File "C:\Users\rchiodo\source\repos\PyDev.Debugger\tests_python\test_debugger_json.py", line 1443, in test_case_sys_exit_multiple_exception_attach

Test Reader Thread Received {"type": "event", "event": "output", "body": {"output": " ", "category": "stdout", "source": {}}, "seq": 390, "pydevd_cmd_id": 116}
Test Reader Thread Received Content-Length: 135

Test Reader Thread Received 

Message returned in get_next_message(): {"type": "event", "event": "output", "body": {"output": " ", "category": "stdout", "source": {}}, "seq": 390, "pydevd_cmd_id": 116} --  ctx: wait_for_message, asked at:
 --  File "C:\Users\rchiodo\source\repos\PyDev.Debugger\tests_python\test_debugger_json.py", line 1443, in test_case_sys_exit_multiple_exception_attach

Test Reader Thread Received {"type": "event", "event": "output", "body": {"output": "2.0.0", "category": "stdout", "source": {}}, "seq": 392, "pydevd_cmd_id": 116}
Test Reader Thread Received Content-Length: 132

Test Reader Thread Received 

Test Reader Thread Received {"type": "event", "event": "output", "body": {"output": "\n", "category": "stdout", "source": {}}, "seq": 394, "pydevd_cmd_id": 116}
Message returned in get_next_message(): {"type": "event", "event": "output", "body": {"output": "2.0.0", "category": "stdout", "source": {}}, "seq": 392, "pydevd_cmd_id": 116} --  ctx: wait_for_message, asked at:
 --  File "C:\Users\rchiodo\source\repos\PyDev.Debugger\tests_python\test_debugger_json.py", line 1443, in test_case_sys_exit_multiple_exception_attach

Message returned in get_next_message(): {"type": "event", "event": "output", "body": {"output": "\n", "category": "stdout", "source": {}}, "seq": 394, "pydevd_cmd_id": 116} --  ctx: wait_for_message, asked at:
 --  File "C:\Users\rchiodo\source\repos\PyDev.Debugger\tests_python\test_debugger_json.py", line 1443, in test_case_sys_exit_multiple_exception_attach

stdout:     {0}=={1}
Test Reader Thread Received Content-Length: 144

Test Reader Thread Received 

Test Reader Thread Received {"type": "event", "event": "output", "body": {"output": "    {0}=={1}\n", "category": "stdout", "source": {}}, "seq": 396, "pydevd_cmd_id": 116}
Message returned in get_next_message(): {"type": "event", "event": "output", "body": {"output": "    {0}=={1}\n", "category": "stdout", "source": {}}, "seq": 396, "pydevd_cmd_id": 116} --  ctx: wait_for_message, asked at:
 --  File "C:\Users\rchiodo\source\repos\PyDev.Debugger\tests_python\test_debugger_json.py", line 1443, in test_case_sys_exit_multiple_exception_attach

Test Reader Thread Received Content-Length: 131

Test Reader Thread Received 

Test Reader Thread Received {"type": "event", "event": "output", "body": {"output": " ", "category": "stdout", "source": {}}, "seq": 398, "pydevd_cmd_id": 116}
Message returned in get_next_message(): {"type": "event", "event": "output", "body": {"output": " ", "category": "stdout", "source": {}}, "seq": 398, "pydevd_cmd_id": 116} --  ctx: wait_for_message, asked at:
 --  File "C:\Users\rchiodo\source\repos\PyDev.Debugger\tests_python\test_debugger_json.py", line 1443, in test_case_sys_exit_multiple_exception_attach

Test Reader Thread Received Content-Length: 137

Test Reader Thread Received 

stdout:  ipython 8.27.0
Test Reader Thread Received {"type": "event", "event": "output", "body": {"output": "ipython", "category": "stdout", "source": {}}, "seq": 400, "pydevd_cmd_id": 116}
Message returned in get_next_message(): {"type": "event", "event": "output", "body": {"output": "ipython", "category": "stdout", "source": {}}, "seq": 400, "pydevd_cmd_id": 116} --  ctx: wait_for_message, asked at:
 --  File "C:\Users\rchiodo\source\repos\PyDev.Debugger\tests_python\test_debugger_json.py", line 1443, in test_case_sys_exit_multiple_exception_attach

Test Reader Thread Received Content-Length: 131

Test Reader Thread Received 

Test Reader Thread Received {"type": "event", "event": "output", "body": {"output": " ", "category": "stdout", "source": {}}, "seq": 402, "pydevd_cmd_id": 116}
Message returned in get_next_message(): {"type": "event", "event": "output", "body": {"output": " ", "category": "stdout", "source": {}}, "seq": 402, "pydevd_cmd_id": 116} --  ctx: wait_for_message, asked at:
 --  File "C:\Users\rchiodo\source\repos\PyDev.Debugger\tests_python\test_debugger_json.py", line 1443, in test_case_sys_exit_multiple_exception_attach

Test Reader Thread Received Content-Length: 136

Test Reader Thread Received 

Test Reader Thread Received {"type": "event", "event": "output", "body": {"output": "8.27.0", "category": "stdout", "source": {}}, "seq": 404, "pydevd_cmd_id": 116}
Message returned in get_next_message(): {"type": "event", "event": "output", "body": {"output": "8.27.0", "category": "stdout", "source": {}}, "seq": 404, "pydevd_cmd_id": 116} --  ctx: wait_for_message, asked at:
 --  File "C:\Users\rchiodo\source\repos\PyDev.Debugger\tests_python\test_debugger_json.py", line 1443, in test_case_sys_exit_multiple_exception_attach

Test Reader Thread Received Content-Length: 132

Test Reader Thread Received 

Test Reader Thread Received {"type": "event", "event": "output", "body": {"output": "\n", "category": "stdout", "source": {}}, "seq": 406, "pydevd_cmd_id": 116}
Message returned in get_next_message(): {"type": "event", "event": "output", "body": {"output": "\n", "category": "stdout", "source": {}}, "seq": 406, "pydevd_cmd_id": 116} --  ctx: wait_for_message, asked at:
 --  File "C:\Users\rchiodo\source\repos\PyDev.Debugger\tests_python\test_debugger_json.py", line 1443, in test_case_sys_exit_multiple_exception_attach

stdout:     {0}=={1}
Test Reader Thread Received Content-Length: 144

Test Reader Thread Received 

Test Reader Thread Received {"type": "event", "event": "output", "body": {"output": "    {0}=={1}\n", "category": "stdout", "source": {}}, "seq": 408, "pydevd_cmd_id": 116}
Message returned in get_next_message(): {"type": "event", "event": "output", "body": {"output": "    {0}=={1}\n", "category": "stdout", "source": {}}, "seq": 408, "pydevd_cmd_id": 116} --  ctx: wait_for_message, asked at:
 --  File "C:\Users\rchiodo\source\repos\PyDev.Debugger\tests_python\test_debugger_json.py", line 1443, in test_case_sys_exit_multiple_exception_attach

Test Reader Thread Received Content-Length: 131

Test Reader Thread Received 

stdout:  itsdangerous 2.2.0
Test Reader Thread Received {"type": "event", "event": "output", "body": {"output": " ", "category": "stdout", "source": {}}, "seq": 410, "pydevd_cmd_id": 116}
Message returned in get_next_message(): {"type": "event", "event": "output", "body": {"output": " ", "category": "stdout", "source": {}}, "seq": 410, "pydevd_cmd_id": 116} --  ctx: wait_for_message, asked at:
 --  File "C:\Users\rchiodo\source\repos\PyDev.Debugger\tests_python\test_debugger_json.py", line 1443, in test_case_sys_exit_multiple_exception_attach

Test Reader Thread Received Content-Length: 142

Test Reader Thread Received 

Test Reader Thread Received {"type": "event", "event": "output", "body": {"output": "itsdangerous", "category": "stdout", "source": {}}, "seq": 412, "pydevd_cmd_id": 116}
Message returned in get_next_message(): {"type": "event", "event": "output", "body": {"output": "itsdangerous", "category": "stdout", "source": {}}, "seq": 412, "pydevd_cmd_id": 116} --  ctx: wait_for_message, asked at:
 --  File "C:\Users\rchiodo\source\repos\PyDev.Debugger\tests_python\test_debugger_json.py", line 1443, in test_case_sys_exit_multiple_exception_attach

Test Reader Thread Received Content-Length: 131

Test Reader Thread Received 

Test Reader Thread Received {"type": "event", "event": "output", "body": {"output": " ", "category": "stdout", "source": {}}, "seq": 414, "pydevd_cmd_id": 116}
Test Reader Thread Received Content-Length: 135

Test Reader Thread Received 

Test Reader Thread Received {"type": "event", "event": "output", "body": {"output": "2.2.0", "category": "stdout", "source": {}}, "seq": 416, "pydevd_cmd_id": 116}
Message returned in get_next_message(): {"type": "event", "event": "output", "body": {"output": " ", "category": "stdout", "source": {}}, "seq": 414, "pydevd_cmd_id": 116} --  ctx: wait_for_message, asked at:
 --  File "C:\Users\rchiodo\source\repos\PyDev.Debugger\tests_python\test_debugger_json.py", line 1443, in test_case_sys_exit_multiple_exception_attach

Test Reader Thread Received Content-Length: 132

Test Reader Thread Received 

Test Reader Thread Received {"type": "event", "event": "output", "body": {"output": "\n", "category": "stdout", "source": {}}, "seq": 418, "pydevd_cmd_id": 116}
Message returned in get_next_message(): {"type": "event", "event": "output", "body": {"output": "2.2.0", "category": "stdout", "source": {}}, "seq": 416, "pydevd_cmd_id": 116} --  ctx: wait_for_message, asked at:
 --  File "C:\Users\rchiodo\source\repos\PyDev.Debugger\tests_python\test_debugger_json.py", line 1443, in test_case_sys_exit_multiple_exception_attach

Message returned in get_next_message(): {"type": "event", "event": "output", "body": {"output": "\n", "category": "stdout", "source": {}}, "seq": 418, "pydevd_cmd_id": 116} --  ctx: wait_for_message, asked at:
 --  File "C:\Users\rchiodo\source\repos\PyDev.Debugger\tests_python\test_debugger_json.py", line 1443, in test_case_sys_exit_multiple_exception_attach

stdout:     {0}=={1}
Test Reader Thread Received Content-Length: 144

Test Reader Thread Received 

Test Reader Thread Received {"type": "event", "event": "output", "body": {"output": "    {0}=={1}\n", "category": "stdout", "source": {}}, "seq": 420, "pydevd_cmd_id": 116}
Message returned in get_next_message(): {"type": "event", "event": "output", "body": {"output": "    {0}=={1}\n", "category": "stdout", "source": {}}, "seq": 420, "pydevd_cmd_id": 116} --  ctx: wait_for_message, asked at:
 --  File "C:\Users\rchiodo\source\repos\PyDev.Debugger\tests_python\test_debugger_json.py", line 1443, in test_case_sys_exit_multiple_exception_attach

Test Reader Thread Received Content-Length: 131

Test Reader Thread Received 

Test Reader Thread Received {"type": "event", "event": "output", "body": {"output": " ", "category": "stdout", "source": {}}, "seq": 422, "pydevd_cmd_id": 116}
Message returned in get_next_message(): {"type": "event", "event": "output", "body": {"output": " ", "category": "stdout", "source": {}}, "seq": 422, "pydevd_cmd_id": 116} --  ctx: wait_for_message, asked at:
 --  File "C:\Users\rchiodo\source\repos\PyDev.Debugger\tests_python\test_debugger_json.py", line 1443, in test_case_sys_exit_multiple_exception_attach

Test Reader Thread Received Content-Length: 148

Test Reader Thread Received 

Test Reader Thread Received {"type": "event", "event": "output", "body": {"output": "jaraco.collections", "category": "stdout", "source": {}}, "seq": 424, "pydevd_cmd_id": 116}
Test Reader Thread Received Content-Length: 131

Test Reader Thread Received 

Message returned in get_next_message(): {"type": "event", "event": "output", "body": {"output": "jaraco.collections", "category": "stdout", "source": {}}, "seq": 424, "pydevd_cmd_id": 116} --  ctx: wait_for_message, asked at:
 --  File "C:\Users\rchiodo\source\repos\PyDev.Debugger\tests_python\test_debugger_json.py", line 1443, in test_case_sys_exit_multiple_exception_attach

Test Reader Thread Received {"type": "event", "event": "output", "body": {"output": " ", "category": "stdout", "source": {}}, "seq": 426, "pydevd_cmd_id": 116}
stdout:  jaraco.collections 5.1.0
Message returned in get_next_message(): {"type": "event", "event": "output", "body": {"output": " ", "category": "stdout", "source": {}}, "seq": 426, "pydevd_cmd_id": 116} --  ctx: wait_for_message, asked at:
 --  File "C:\Users\rchiodo\source\repos\PyDev.Debugger\tests_python\test_debugger_json.py", line 1443, in test_case_sys_exit_multiple_exception_attach

Test Reader Thread Received Content-Length: 135

Test Reader Thread Received 

Test Reader Thread Received {"type": "event", "event": "output", "body": {"output": "5.1.0", "category": "stdout", "source": {}}, "seq": 428, "pydevd_cmd_id": 116}
Message returned in get_next_message(): {"type": "event", "event": "output", "body": {"output": "5.1.0", "category": "stdout", "source": {}}, "seq": 428, "pydevd_cmd_id": 116} --  ctx: wait_for_message, asked at:
 --  File "C:\Users\rchiodo\source\repos\PyDev.Debugger\tests_python\test_debugger_json.py", line 1443, in test_case_sys_exit_multiple_exception_attach

Test Reader Thread Received Content-Length: 132

Test Reader Thread Received 

Test Reader Thread Received {"type": "event", "event": "output", "body": {"output": "\n", "category": "stdout", "source": {}}, "seq": 430, "pydevd_cmd_id": 116}
Message returned in get_next_message(): {"type": "event", "event": "output", "body": {"output": "\n", "category": "stdout", "source": {}}, "seq": 430, "pydevd_cmd_id": 116} --  ctx: wait_for_message, asked at:
 --  File "C:\Users\rchiodo\source\repos\PyDev.Debugger\tests_python\test_debugger_json.py", line 1443, in test_case_sys_exit_multiple_exception_attach

stdout:     {0}=={1}
Test Reader Thread Received Content-Length: 144

Test Reader Thread Received 

Test Reader Thread Received {"type": "event", "event": "output", "body": {"output": "    {0}=={1}\n", "category": "stdout", "source": {}}, "seq": 432, "pydevd_cmd_id": 116}
Message returned in get_next_message(): {"type": "event", "event": "output", "body": {"output": "    {0}=={1}\n", "category": "stdout", "source": {}}, "seq": 432, "pydevd_cmd_id": 116} --  ctx: wait_for_message, asked at:
 --  File "C:\Users\rchiodo\source\repos\PyDev.Debugger\tests_python\test_debugger_json.py", line 1443, in test_case_sys_exit_multiple_exception_attach

Test Reader Thread Received Content-Length: 131

Test Reader Thread Received 

Test Reader Thread Received {"type": "event", "event": "output", "body": {"output": " ", "category": "stdout", "source": {}}, "seq": 434, "pydevd_cmd_id": 116}
Message returned in get_next_message(): {"type": "event", "event": "output", "body": {"output": " ", "category": "stdout", "source": {}}, "seq": 434, "pydevd_cmd_id": 116} --  ctx: wait_for_message, asked at:
 --  File "C:\Users\rchiodo\source\repos\PyDev.Debugger\tests_python\test_debugger_json.py", line 1443, in test_case_sys_exit_multiple_exception_attach

stdout:  jaraco.context 6.0.1
Test Reader Thread Received Content-Length: 144

Test Reader Thread Received 

Test Reader Thread Received {"type": "event", "event": "output", "body": {"output": "jaraco.context", "category": "stdout", "source": {}}, "seq": 436, "pydevd_cmd_id": 116}
Test Reader Thread Received Content-Length: 131

Test Reader Thread Received 

Message returned in get_next_message(): {"type": "event", "event": "output", "body": {"output": "jaraco.context", "category": "stdout", "source": {}}, "seq": 436, "pydevd_cmd_id": 116} --  ctx: wait_for_message, asked at:
 --  File "C:\Users\rchiodo\source\repos\PyDev.Debugger\tests_python\test_debugger_json.py", line 1443, in test_case_sys_exit_multiple_exception_attach

Test Reader Thread Received {"type": "event", "event": "output", "body": {"output": " ", "category": "stdout", "source": {}}, "seq": 438, "pydevd_cmd_id": 116}
Test Reader Thread Received Content-Length: 135

Test Reader Thread Received 

Test Reader Thread Received {"type": "event", "event": "output", "body": {"output": "6.0.1", "category": "stdout", "source": {}}, "seq": 440, "pydevd_cmd_id": 116}
Message returned in get_next_message(): {"type": "event", "event": "output", "body": {"output": " ", "category": "stdout", "source": {}}, "seq": 438, "pydevd_cmd_id": 116} --  ctx: wait_for_message, asked at:
 --  File "C:\Users\rchiodo\source\repos\PyDev.Debugger\tests_python\test_debugger_json.py", line 1443, in test_case_sys_exit_multiple_exception_attach

Test Reader Thread Received Content-Length: 132

Test Reader Thread Received 

Test Reader Thread Received {"type": "event", "event": "output", "body": {"output": "\n", "category": "stdout", "source": {}}, "seq": 442, "pydevd_cmd_id": 116}
Message returned in get_next_message(): {"type": "event", "event": "output", "body": {"output": "6.0.1", "category": "stdout", "source": {}}, "seq": 440, "pydevd_cmd_id": 116} --  ctx: wait_for_message, asked at:
 --  File "C:\Users\rchiodo\source\repos\PyDev.Debugger\tests_python\test_debugger_json.py", line 1443, in test_case_sys_exit_multiple_exception_attach

Message returned in get_next_message(): {"type": "event", "event": "output", "body": {"output": "\n", "category": "stdout", "source": {}}, "seq": 442, "pydevd_cmd_id": 116} --  ctx: wait_for_message, asked at:
 --  File "C:\Users\rchiodo\source\repos\PyDev.Debugger\tests_python\test_debugger_json.py", line 1443, in test_case_sys_exit_multiple_exception_attach

stdout:     {0}=={1}
Test Reader Thread Received Content-Length: 144

Test Reader Thread Received 

Test Reader Thread Received {"type": "event", "event": "output", "body": {"output": "    {0}=={1}\n", "category": "stdout", "source": {}}, "seq": 444, "pydevd_cmd_id": 116}
Message returned in get_next_message(): {"type": "event", "event": "output", "body": {"output": "    {0}=={1}\n", "category": "stdout", "source": {}}, "seq": 444, "pydevd_cmd_id": 116} --  ctx: wait_for_message, asked at:
 --  File "C:\Users\rchiodo\source\repos\PyDev.Debugger\tests_python\test_debugger_json.py", line 1443, in test_case_sys_exit_multiple_exception_attach

Test Reader Thread Received Content-Length: 131

Test Reader Thread Received 

Test Reader Thread Received {"type": "event", "event": "output", "body": {"output": " ", "category": "stdout", "source": {}}, "seq": 446, "pydevd_cmd_id": 116}
Message returned in get_next_message(): {"type": "event", "event": "output", "body": {"output": " ", "category": "stdout", "source": {}}, "seq": 446, "pydevd_cmd_id": 116} --  ctx: wait_for_message, asked at:
 --  File "C:\Users\rchiodo\source\repos\PyDev.Debugger\tests_python\test_debugger_json.py", line 1443, in test_case_sys_exit_multiple_exception_attach

stdout:  jaraco.functools 4.1.0
Test Reader Thread Received Content-Length: 146

Test Reader Thread Received 

Test Reader Thread Received {"type": "event", "event": "output", "body": {"output": "jaraco.functools", "category": "stdout", "source": {}}, "seq": 448, "pydevd_cmd_id": 116}
Message returned in get_next_message(): {"type": "event", "event": "output", "body": {"output": "jaraco.functools", "category": "stdout", "source": {}}, "seq": 448, "pydevd_cmd_id": 116} --  ctx: wait_for_message, asked at:
 --  File "C:\Users\rchiodo\source\repos\PyDev.Debugger\tests_python\test_debugger_json.py", line 1443, in test_case_sys_exit_multiple_exception_attach

Test Reader Thread Received Content-Length: 131

Test Reader Thread Received 

Test Reader Thread Received {"type": "event", "event": "output", "body": {"output": " ", "category": "stdout", "source": {}}, "seq": 450, "pydevd_cmd_id": 116}
Message returned in get_next_message(): {"type": "event", "event": "output", "body": {"output": " ", "category": "stdout", "source": {}}, "seq": 450, "pydevd_cmd_id": 116} --  ctx: wait_for_message, asked at:
 --  File "C:\Users\rchiodo\source\repos\PyDev.Debugger\tests_python\test_debugger_json.py", line 1443, in test_case_sys_exit_multiple_exception_attach

Test Reader Thread Received Content-Length: 135

Test Reader Thread Received 

Test Reader Thread Received {"type": "event", "event": "output", "body": {"output": "4.1.0", "category": "stdout", "source": {}}, "seq": 452, "pydevd_cmd_id": 116}
Test Reader Thread Received Content-Length: 132

Test Reader Thread Received 

Test Reader Thread Received {"type": "event", "event": "output", "body": {"output": "\n", "category": "stdout", "source": {}}, "seq": 454, "pydevd_cmd_id": 116}
Message returned in get_next_message(): {"type": "event", "event": "output", "body": {"output": "4.1.0", "category": "stdout", "source": {}}, "seq": 452, "pydevd_cmd_id": 116} --  ctx: wait_for_message, asked at:
 --  File "C:\Users\rchiodo\source\repos\PyDev.Debugger\tests_python\test_debugger_json.py", line 1443, in test_case_sys_exit_multiple_exception_attach

Message returned in get_next_message(): {"type": "event", "event": "output", "body": {"output": "\n", "category": "stdout", "source": {}}, "seq": 454, "pydevd_cmd_id": 116} --  ctx: wait_for_message, asked at:
 --  File "C:\Users\rchiodo\source\repos\PyDev.Debugger\tests_python\test_debugger_json.py", line 1443, in test_case_sys_exit_multiple_exception_attach

stdout:     {0}=={1}
Test Reader Thread Received Content-Length: 144

Test Reader Thread Received 

Test Reader Thread Received {"type": "event", "event": "output", "body": {"output": "    {0}=={1}\n", "category": "stdout", "source": {}}, "seq": 456, "pydevd_cmd_id": 116}
Test Reader Thread Received Content-Length: 131

Test Reader Thread Received 

Message returned in get_next_message(): {"type": "event", "event": "output", "body": {"output": "    {0}=={1}\n", "category": "stdout", "source": {}}, "seq": 456, "pydevd_cmd_id": 116} --  ctx: wait_for_message, asked at:
 --  File "C:\Users\rchiodo\source\repos\PyDev.Debugger\tests_python\test_debugger_json.py", line 1443, in test_case_sys_exit_multiple_exception_attach

Test Reader Thread Received {"type": "event", "event": "output", "body": {"output": " ", "category": "stdout", "source": {}}, "seq": 458, "pydevd_cmd_id": 116}
Message returned in get_next_message(): {"type": "event", "event": "output", "body": {"output": " ", "category": "stdout", "source": {}}, "seq": 458, "pydevd_cmd_id": 116} --  ctx: wait_for_message, asked at:
 --  File "C:\Users\rchiodo\source\repos\PyDev.Debugger\tests_python\test_debugger_json.py", line 1443, in test_case_sys_exit_multiple_exception_attach

stdout:  jaraco.text 4.0.0
Test Reader Thread Received Content-Length: 141

Test Reader Thread Received 

Test Reader Thread Received {"type": "event", "event": "output", "body": {"output": "jaraco.text", "category": "stdout", "source": {}}, "seq": 460, "pydevd_cmd_id": 116}
Message returned in get_next_message(): {"type": "event", "event": "output", "body": {"output": "jaraco.text", "category": "stdout", "source": {}}, "seq": 460, "pydevd_cmd_id": 116} --  ctx: wait_for_message, asked at:
 --  File "C:\Users\rchiodo\source\repos\PyDev.Debugger\tests_python\test_debugger_json.py", line 1443, in test_case_sys_exit_multiple_exception_attach

Test Reader Thread Received Content-Length: 131

Test Reader Thread Received 

Test Reader Thread Received {"type": "event", "event": "output", "body": {"output": " ", "category": "stdout", "source": {}}, "seq": 462, "pydevd_cmd_id": 116}
Test Reader Thread Received Content-Length: 135

Test Reader Thread Received 

Test Reader Thread Received {"type": "event", "event": "output", "body": {"output": "4.0.0", "category": "stdout", "source": {}}, "seq": 464, "pydevd_cmd_id": 116}
Message returned in get_next_message(): {"type": "event", "event": "output", "body": {"output": " ", "category": "stdout", "source": {}}, "seq": 462, "pydevd_cmd_id": 116} --  ctx: wait_for_message, asked at:
 --  File "C:\Users\rchiodo\source\repos\PyDev.Debugger\tests_python\test_debugger_json.py", line 1443, in test_case_sys_exit_multiple_exception_attach

Test Reader Thread Received Content-Length: 132

Test Reader Thread Received 

Test Reader Thread Received {"type": "event", "event": "output", "body": {"output": "\n", "category": "stdout", "source": {}}, "seq": 466, "pydevd_cmd_id": 116}
Message returned in get_next_message(): {"type": "event", "event": "output", "body": {"output": "4.0.0", "category": "stdout", "source": {}}, "seq": 464, "pydevd_cmd_id": 116} --  ctx: wait_for_message, asked at:
 --  File "C:\Users\rchiodo\source\repos\PyDev.Debugger\tests_python\test_debugger_json.py", line 1443, in test_case_sys_exit_multiple_exception_attach

Message returned in get_next_message(): {"type": "event", "event": "output", "body": {"output": "\n", "category": "stdout", "source": {}}, "seq": 466, "pydevd_cmd_id": 116} --  ctx: wait_for_message, asked at:
 --  File "C:\Users\rchiodo\source\repos\PyDev.Debugger\tests_python\test_debugger_json.py", line 1443, in test_case_sys_exit_multiple_exception_attach

stdout:     {0}=={1}
Test Reader Thread Received Content-Length: 144

Test Reader Thread Received 

Test Reader Thread Received {"type": "event", "event": "output", "body": {"output": "    {0}=={1}\n", "category": "stdout", "source": {}}, "seq": 468, "pydevd_cmd_id": 116}
Message returned in get_next_message(): {"type": "event", "event": "output", "body": {"output": "    {0}=={1}\n", "category": "stdout", "source": {}}, "seq": 468, "pydevd_cmd_id": 116} --  ctx: wait_for_message, asked at:
 --  File "C:\Users\rchiodo\source\repos\PyDev.Debugger\tests_python\test_debugger_json.py", line 1443, in test_case_sys_exit_multiple_exception_attach

Test Reader Thread Received Content-Length: 131

Test Reader Thread Received 

Test Reader Thread Received {"type": "event", "event": "output", "body": {"output": " ", "category": "stdout", "source": {}}, "seq": 470, "pydevd_cmd_id": 116}
Test Reader Thread Received Content-Length: 134

Test Reader Thread Received 

Message returned in get_next_message(): {"type": "event", "event": "output", "body": {"output": " ", "category": "stdout", "source": {}}, "seq": 470, "pydevd_cmd_id": 116} --  ctx: wait_for_message, asked at:
 --  File "C:\Users\rchiodo\source\repos\PyDev.Debugger\tests_python\test_debugger_json.py", line 1443, in test_case_sys_exit_multiple_exception_attach

stdout:  jedi 0.19.1
Test Reader Thread Received {"type": "event", "event": "output", "body": {"output": "jedi", "category": "stdout", "source": {}}, "seq": 472, "pydevd_cmd_id": 116}
Message returned in get_next_message(): {"type": "event", "event": "output", "body": {"output": "jedi", "category": "stdout", "source": {}}, "seq": 472, "pydevd_cmd_id": 116} --  ctx: wait_for_message, asked at:
 --  File "C:\Users\rchiodo\source\repos\PyDev.Debugger\tests_python\test_debugger_json.py", line 1443, in test_case_sys_exit_multiple_exception_attach

Test Reader Thread Received Content-Length: 131

Test Reader Thread Received 

Test Reader Thread Received {"type": "event", "event": "output", "body": {"output": " ", "category": "stdout", "source": {}}, "seq": 474, "pydevd_cmd_id": 116}
Message returned in get_next_message(): {"type": "event", "event": "output", "body": {"output": " ", "category": "stdout", "source": {}}, "seq": 474, "pydevd_cmd_id": 116} --  ctx: wait_for_message, asked at:
 --  File "C:\Users\rchiodo\source\repos\PyDev.Debugger\tests_python\test_debugger_json.py", line 1443, in test_case_sys_exit_multiple_exception_attach

Test Reader Thread Received Content-Length: 136

Test Reader Thread Received 

Test Reader Thread Received {"type": "event", "event": "output", "body": {"output": "0.19.1", "category": "stdout", "source": {}}, "seq": 476, "pydevd_cmd_id": 116}
Test Reader Thread Received Content-Length: 132

Test Reader Thread Received 

Test Reader Thread Received {"type": "event", "event": "output", "body": {"output": "\n", "category": "stdout", "source": {}}, "seq": 478, "pydevd_cmd_id": 116}
Message returned in get_next_message(): {"type": "event", "event": "output", "body": {"output": "0.19.1", "category": "stdout", "source": {}}, "seq": 476, "pydevd_cmd_id": 116} --  ctx: wait_for_message, asked at:
 --  File "C:\Users\rchiodo\source\repos\PyDev.Debugger\tests_python\test_debugger_json.py", line 1443, in test_case_sys_exit_multiple_exception_attach

Message returned in get_next_message(): {"type": "event", "event": "output", "body": {"output": "\n", "category": "stdout", "source": {}}, "seq": 478, "pydevd_cmd_id": 116} --  ctx: wait_for_message, asked at:
 --  File "C:\Users\rchiodo\source\repos\PyDev.Debugger\tests_python\test_debugger_json.py", line 1443, in test_case_sys_exit_multiple_exception_attach

stdout:     {0}=={1}
Test Reader Thread Received Content-Length: 144

Test Reader Thread Received 

Test Reader Thread Received {"type": "event", "event": "output", "body": {"output": "    {0}=={1}\n", "category": "stdout", "source": {}}, "seq": 480, "pydevd_cmd_id": 116}
Message returned in get_next_message(): {"type": "event", "event": "output", "body": {"output": "    {0}=={1}\n", "category": "stdout", "source": {}}, "seq": 480, "pydevd_cmd_id": 116} --  ctx: wait_for_message, asked at:
 --  File "C:\Users\rchiodo\source\repos\PyDev.Debugger\tests_python\test_debugger_json.py", line 1443, in test_case_sys_exit_multiple_exception_attach

Test Reader Thread Received Content-Length: 131

Test Reader Thread Received 

Test Reader Thread Received {"type": "event", "event": "output", "body": {"output": " ", "category": "stdout", "source": {}}, "seq": 482, "pydevd_cmd_id": 116}
Test Reader Thread Received Content-Length: 136

Test Reader Thread Received 

Test Reader Thread Received {"type": "event", "event": "output", "body": {"output": "Jinja2", "category": "stdout", "source": {}}, "seq": 484, "pydevd_cmd_id": 116}
Message returned in get_next_message(): {"type": "event", "event": "output", "body": {"output": " ", "category": "stdout", "source": {}}, "seq": 482, "pydevd_cmd_id": 116} --  ctx: wait_for_message, asked at:
 --  File "C:\Users\rchiodo\source\repos\PyDev.Debugger\tests_python\test_debugger_json.py", line 1443, in test_case_sys_exit_multiple_exception_attach

Test Reader Thread Received Content-Length: 131

Test Reader Thread Received 

stdout:  Jinja2 3.1.4
Test Reader Thread Received {"type": "event", "event": "output", "body": {"output": " ", "category": "stdout", "source": {}}, "seq": 486, "pydevd_cmd_id": 116}
Message returned in get_next_message(): {"type": "event", "event": "output", "body": {"output": "Jinja2", "category": "stdout", "source": {}}, "seq": 484, "pydevd_cmd_id": 116} --  ctx: wait_for_message, asked at:
 --  File "C:\Users\rchiodo\source\repos\PyDev.Debugger\tests_python\test_debugger_json.py", line 1443, in test_case_sys_exit_multiple_exception_attach

Test Reader Thread Received Content-Length: 135

Test Reader Thread Received 

Message returned in get_next_message(): {"type": "event", "event": "output", "body": {"output": " ", "category": "stdout", "source": {}}, "seq": 486, "pydevd_cmd_id": 116} --  ctx: wait_for_message, asked at:
 --  File "C:\Users\rchiodo\source\repos\PyDev.Debugger\tests_python\test_debugger_json.py", line 1443, in test_case_sys_exit_multiple_exception_attach

Test Reader Thread Received {"type": "event", "event": "output", "body": {"output": "3.1.4", "category": "stdout", "source": {}}, "seq": 488, "pydevd_cmd_id": 116}
Message returned in get_next_message(): {"type": "event", "event": "output", "body": {"output": "3.1.4", "category": "stdout", "source": {}}, "seq": 488, "pydevd_cmd_id": 116} --  ctx: wait_for_message, asked at:
 --  File "C:\Users\rchiodo\source\repos\PyDev.Debugger\tests_python\test_debugger_json.py", line 1443, in test_case_sys_exit_multiple_exception_attach

Test Reader Thread Received Content-Length: 132

Test Reader Thread Received 

Test Reader Thread Received {"type": "event", "event": "output", "body": {"output": "\n", "category": "stdout", "source": {}}, "seq": 490, "pydevd_cmd_id": 116}
Message returned in get_next_message(): {"type": "event", "event": "output", "body": {"output": "\n", "category": "stdout", "source": {}}, "seq": 490, "pydevd_cmd_id": 116} --  ctx: wait_for_message, asked at:
 --  File "C:\Users\rchiodo\source\repos\PyDev.Debugger\tests_python\test_debugger_json.py", line 1443, in test_case_sys_exit_multiple_exception_attach

stdout:     {0}=={1}
Test Reader Thread Received Content-Length: 144

Test Reader Thread Received 

Test Reader Thread Received {"type": "event", "event": "output", "body": {"output": "    {0}=={1}\n", "category": "stdout", "source": {}}, "seq": 492, "pydevd_cmd_id": 116}
Test Reader Thread Received Content-Length: 131

Test Reader Thread Received 

Message returned in get_next_message(): {"type": "event", "event": "output", "body": {"output": "    {0}=={1}\n", "category": "stdout", "source": {}}, "seq": 492, "pydevd_cmd_id": 116} --  ctx: wait_for_message, asked at:
 --  File "C:\Users\rchiodo\source\repos\PyDev.Debugger\tests_python\test_debugger_json.py", line 1443, in test_case_sys_exit_multiple_exception_attach

Test Reader Thread Received {"type": "event", "event": "output", "body": {"output": " ", "category": "stdout", "source": {}}, "seq": 494, "pydevd_cmd_id": 116}
Test Reader Thread Received Content-Length: 140

Test Reader Thread Received 

Test Reader Thread Received {"type": "event", "event": "output", "body": {"output": "MarkupSafe", "category": "stdout", "source": {}}, "seq": 496, "pydevd_cmd_id": 116}
Message returned in get_next_message(): {"type": "event", "event": "output", "body": {"output": " ", "category": "stdout", "source": {}}, "seq": 494, "pydevd_cmd_id": 116} --  ctx: wait_for_message, asked at:
 --  File "C:\Users\rchiodo\source\repos\PyDev.Debugger\tests_python\test_debugger_json.py", line 1443, in test_case_sys_exit_multiple_exception_attach

Test Reader Thread Received Content-Length: 131

Test Reader Thread Received 

stdout:  MarkupSafe 3.0.0
Test Reader Thread Received {"type": "event", "event": "output", "body": {"output": " ", "category": "stdout", "source": {}}, "seq": 498, "pydevd_cmd_id": 116}
Message returned in get_next_message(): {"type": "event", "event": "output", "body": {"output": "MarkupSafe", "category": "stdout", "source": {}}, "seq": 496, "pydevd_cmd_id": 116} --  ctx: wait_for_message, asked at:
 --  File "C:\Users\rchiodo\source\repos\PyDev.Debugger\tests_python\test_debugger_json.py", line 1443, in test_case_sys_exit_multiple_exception_attach

Test Reader Thread Received Content-Length: 135

Test Reader Thread Received 

Message returned in get_next_message(): {"type": "event", "event": "output", "body": {"output": " ", "category": "stdout", "source": {}}, "seq": 498, "pydevd_cmd_id": 116} --  ctx: wait_for_message, asked at:
 --  File "C:\Users\rchiodo\source\repos\PyDev.Debugger\tests_python\test_debugger_json.py", line 1443, in test_case_sys_exit_multiple_exception_attach

Test Reader Thread Received {"type": "event", "event": "output", "body": {"output": "3.0.0", "category": "stdout", "source": {}}, "seq": 500, "pydevd_cmd_id": 116}
Test Reader Thread Received Content-Length: 132

Test Reader Thread Received 

Test Reader Thread Received {"type": "event", "event": "output", "body": {"output": "\n", "category": "stdout", "source": {}}, "seq": 502, "pydevd_cmd_id": 116}
Message returned in get_next_message(): {"type": "event", "event": "output", "body": {"output": "3.0.0", "category": "stdout", "source": {}}, "seq": 500, "pydevd_cmd_id": 116} --  ctx: wait_for_message, asked at:
 --  File "C:\Users\rchiodo\source\repos\PyDev.Debugger\tests_python\test_debugger_json.py", line 1443, in test_case_sys_exit_multiple_exception_attach

Message returned in get_next_message(): {"type": "event", "event": "output", "body": {"output": "\n", "category": "stdout", "source": {}}, "seq": 502, "pydevd_cmd_id": 116} --  ctx: wait_for_message, asked at:
 --  File "C:\Users\rchiodo\source\repos\PyDev.Debugger\tests_python\test_debugger_json.py", line 1443, in test_case_sys_exit_multiple_exception_attach

stdout:     {0}=={1}
Test Reader Thread Received Content-Length: 144

Test Reader Thread Received 

Test Reader Thread Received {"type": "event", "event": "output", "body": {"output": "    {0}=={1}\n", "category": "stdout", "source": {}}, "seq": 504, "pydevd_cmd_id": 116}
Message returned in get_next_message(): {"type": "event", "event": "output", "body": {"output": "    {0}=={1}\n", "category": "stdout", "source": {}}, "seq": 504, "pydevd_cmd_id": 116} --  ctx: wait_for_message, asked at:
 --  File "C:\Users\rchiodo\source\repos\PyDev.Debugger\tests_python\test_debugger_json.py", line 1443, in test_case_sys_exit_multiple_exception_attach

Test Reader Thread Received Content-Length: 131

Test Reader Thread Received 

Test Reader Thread Received {"type": "event", "event": "output", "body": {"output": " ", "category": "stdout", "source": {}}, "seq": 506, "pydevd_cmd_id": 116}
Message returned in get_next_message(): {"type": "event", "event": "output", "body": {"output": " ", "category": "stdout", "source": {}}, "seq": 506, "pydevd_cmd_id": 116} --  ctx: wait_for_message, asked at:
 --  File "C:\Users\rchiodo\source\repos\PyDev.Debugger\tests_python\test_debugger_json.py", line 1443, in test_case_sys_exit_multiple_exception_attach

Test Reader Thread Received Content-Length: 147

Test Reader Thread Received 

stdout:  matplotlib-inline 0.1.7
Test Reader Thread Received {"type": "event", "event": "output", "body": {"output": "matplotlib-inline", "category": "stdout", "source": {}}, "seq": 508, "pydevd_cmd_id": 116}
Message returned in get_next_message(): {"type": "event", "event": "output", "body": {"output": "matplotlib-inline", "category": "stdout", "source": {}}, "seq": 508, "pydevd_cmd_id": 116} --  ctx: wait_for_message, asked at:
 --  File "C:\Users\rchiodo\source\repos\PyDev.Debugger\tests_python\test_debugger_json.py", line 1443, in test_case_sys_exit_multiple_exception_attach

Test Reader Thread Received Content-Length: 131

Test Reader Thread Received 

Test Reader Thread Received {"type": "event", "event": "output", "body": {"output": " ", "category": "stdout", "source": {}}, "seq": 510, "pydevd_cmd_id": 116}
Message returned in get_next_message(): {"type": "event", "event": "output", "body": {"output": " ", "category": "stdout", "source": {}}, "seq": 510, "pydevd_cmd_id": 116} --  ctx: wait_for_message, asked at:
 --  File "C:\Users\rchiodo\source\repos\PyDev.Debugger\tests_python\test_debugger_json.py", line 1443, in test_case_sys_exit_multiple_exception_attach

Test Reader Thread Received Content-Length: 135

Test Reader Thread Received 

Test Reader Thread Received {"type": "event", "event": "output", "body": {"output": "0.1.7", "category": "stdout", "source": {}}, "seq": 512, "pydevd_cmd_id": 116}
Message returned in get_next_message(): {"type": "event", "event": "output", "body": {"output": "0.1.7", "category": "stdout", "source": {}}, "seq": 512, "pydevd_cmd_id": 116} --  ctx: wait_for_message, asked at:
 --  File "C:\Users\rchiodo\source\repos\PyDev.Debugger\tests_python\test_debugger_json.py", line 1443, in test_case_sys_exit_multiple_exception_attach

Test Reader Thread Received Content-Length: 132

Test Reader Thread Received 

Test Reader Thread Received {"type": "event", "event": "output", "body": {"output": "\n", "category": "stdout", "source": {}}, "seq": 514, "pydevd_cmd_id": 116}
Message returned in get_next_message(): {"type": "event", "event": "output", "body": {"output": "\n", "category": "stdout", "source": {}}, "seq": 514, "pydevd_cmd_id": 116} --  ctx: wait_for_message, asked at:
 --  File "C:\Users\rchiodo\source\repos\PyDev.Debugger\tests_python\test_debugger_json.py", line 1443, in test_case_sys_exit_multiple_exception_attach

stdout:     {0}=={1}
Test Reader Thread Received Content-Length: 144

Test Reader Thread Received 

Test Reader Thread Received {"type": "event", "event": "output", "body": {"output": "    {0}=={1}\n", "category": "stdout", "source": {}}, "seq": 516, "pydevd_cmd_id": 116}
Message returned in get_next_message(): {"type": "event", "event": "output", "body": {"output": "    {0}=={1}\n", "category": "stdout", "source": {}}, "seq": 516, "pydevd_cmd_id": 116} --  ctx: wait_for_message, asked at:
 --  File "C:\Users\rchiodo\source\repos\PyDev.Debugger\tests_python\test_debugger_json.py", line 1443, in test_case_sys_exit_multiple_exception_attach

Test Reader Thread Received Content-Length: 131

Test Reader Thread Received 

Test Reader Thread Received {"type": "event", "event": "output", "body": {"output": " ", "category": "stdout", "source": {}}, "seq": 518, "pydevd_cmd_id": 116}
Message returned in get_next_message(): {"type": "event", "event": "output", "body": {"output": " ", "category": "stdout", "source": {}}, "seq": 518, "pydevd_cmd_id": 116} --  ctx: wait_for_message, asked at:
 --  File "C:\Users\rchiodo\source\repos\PyDev.Debugger\tests_python\test_debugger_json.py", line 1443, in test_case_sys_exit_multiple_exception_attach

Test Reader Thread Received Content-Length: 144

Test Reader Thread Received 

stdout:  more-itertools 10.5.0
Test Reader Thread Received {"type": "event", "event": "output", "body": {"output": "more-itertools", "category": "stdout", "source": {}}, "seq": 520, "pydevd_cmd_id": 116}
Test Reader Thread Received Content-Length: 131

Test Reader Thread Received 

Message returned in get_next_message(): {"type": "event", "event": "output", "body": {"output": "more-itertools", "category": "stdout", "source": {}}, "seq": 520, "pydevd_cmd_id": 116} --  ctx: wait_for_message, asked at:
 --  File "C:\Users\rchiodo\source\repos\PyDev.Debugger\tests_python\test_debugger_json.py", line 1443, in test_case_sys_exit_multiple_exception_attach

Test Reader Thread Received {"type": "event", "event": "output", "body": {"output": " ", "category": "stdout", "source": {}}, "seq": 522, "pydevd_cmd_id": 116}
Message returned in get_next_message(): {"type": "event", "event": "output", "body": {"output": " ", "category": "stdout", "source": {}}, "seq": 522, "pydevd_cmd_id": 116} --  ctx: wait_for_message, asked at:
 --  File "C:\Users\rchiodo\source\repos\PyDev.Debugger\tests_python\test_debugger_json.py", line 1443, in test_case_sys_exit_multiple_exception_attach

Test Reader Thread Received Content-Length: 136

Test Reader Thread Received 

Test Reader Thread Received {"type": "event", "event": "output", "body": {"output": "10.5.0", "category": "stdout", "source": {}}, "seq": 524, "pydevd_cmd_id": 116}
Test Reader Thread Received Content-Length: 132

Test Reader Thread Received 

Message returned in get_next_message(): {"type": "event", "event": "output", "body": {"output": "10.5.0", "category": "stdout", "source": {}}, "seq": 524, "pydevd_cmd_id": 116} --  ctx: wait_for_message, asked at:
 --  File "C:\Users\rchiodo\source\repos\PyDev.Debugger\tests_python\test_debugger_json.py", line 1443, in test_case_sys_exit_multiple_exception_attach

Test Reader Thread Received {"type": "event", "event": "output", "body": {"output": "\n", "category": "stdout", "source": {}}, "seq": 526, "pydevd_cmd_id": 116}
Message returned in get_next_message(): {"type": "event", "event": "output", "body": {"output": "\n", "category": "stdout", "source": {}}, "seq": 526, "pydevd_cmd_id": 116} --  ctx: wait_for_message, asked at:
 --  File "C:\Users\rchiodo\source\repos\PyDev.Debugger\tests_python\test_debugger_json.py", line 1443, in test_case_sys_exit_multiple_exception_attach

stdout:     {0}=={1}
Test Reader Thread Received Content-Length: 144

Test Reader Thread Received 

Test Reader Thread Received {"type": "event", "event": "output", "body": {"output": "    {0}=={1}\n", "category": "stdout", "source": {}}, "seq": 528, "pydevd_cmd_id": 116}
Message returned in get_next_message(): {"type": "event", "event": "output", "body": {"output": "    {0}=={1}\n", "category": "stdout", "source": {}}, "seq": 528, "pydevd_cmd_id": 116} --  ctx: wait_for_message, asked at:
 --  File "C:\Users\rchiodo\source\repos\PyDev.Debugger\tests_python\test_debugger_json.py", line 1443, in test_case_sys_exit_multiple_exception_attach

Test Reader Thread Received Content-Length: 131

Test Reader Thread Received 

stdout:  numpy 1.26.4
Test Reader Thread Received {"type": "event", "event": "output", "body": {"output": " ", "category": "stdout", "source": {}}, "seq": 530, "pydevd_cmd_id": 116}
Message returned in get_next_message(): {"type": "event", "event": "output", "body": {"output": " ", "category": "stdout", "source": {}}, "seq": 530, "pydevd_cmd_id": 116} --  ctx: wait_for_message, asked at:
 --  File "C:\Users\rchiodo\source\repos\PyDev.Debugger\tests_python\test_debugger_json.py", line 1443, in test_case_sys_exit_multiple_exception_attach

Test Reader Thread Received Content-Length: 135

Test Reader Thread Received 

Test Reader Thread Received {"type": "event", "event": "output", "body": {"output": "numpy", "category": "stdout", "source": {}}, "seq": 532, "pydevd_cmd_id": 116}
Message returned in get_next_message(): {"type": "event", "event": "output", "body": {"output": "numpy", "category": "stdout", "source": {}}, "seq": 532, "pydevd_cmd_id": 116} --  ctx: wait_for_message, asked at:
 --  File "C:\Users\rchiodo\source\repos\PyDev.Debugger\tests_python\test_debugger_json.py", line 1443, in test_case_sys_exit_multiple_exception_attach

Test Reader Thread Received Content-Length: 131

Test Reader Thread Received 

Test Reader Thread Received {"type": "event", "event": "output", "body": {"output": " ", "category": "stdout", "source": {}}, "seq": 534, "pydevd_cmd_id": 116}
Message returned in get_next_message(): {"type": "event", "event": "output", "body": {"output": " ", "category": "stdout", "source": {}}, "seq": 534, "pydevd_cmd_id": 116} --  ctx: wait_for_message, asked at:
 --  File "C:\Users\rchiodo\source\repos\PyDev.Debugger\tests_python\test_debugger_json.py", line 1443, in test_case_sys_exit_multiple_exception_attach

Test Reader Thread Received Content-Length: 136

Test Reader Thread Received 

Test Reader Thread Received {"type": "event", "event": "output", "body": {"output": "1.26.4", "category": "stdout", "source": {}}, "seq": 536, "pydevd_cmd_id": 116}
Message returned in get_next_message(): {"type": "event", "event": "output", "body": {"output": "1.26.4", "category": "stdout", "source": {}}, "seq": 536, "pydevd_cmd_id": 116} --  ctx: wait_for_message, asked at:
 --  File "C:\Users\rchiodo\source\repos\PyDev.Debugger\tests_python\test_debugger_json.py", line 1443, in test_case_sys_exit_multiple_exception_attach

Test Reader Thread Received Content-Length: 132

Test Reader Thread Received 

Test Reader Thread Received {"type": "event", "event": "output", "body": {"output": "\n", "category": "stdout", "source": {}}, "seq": 538, "pydevd_cmd_id": 116}
Message returned in get_next_message(): {"type": "event", "event": "output", "body": {"output": "\n", "category": "stdout", "source": {}}, "seq": 538, "pydevd_cmd_id": 116} --  ctx: wait_for_message, asked at:
 --  File "C:\Users\rchiodo\source\repos\PyDev.Debugger\tests_python\test_debugger_json.py", line 1443, in test_case_sys_exit_multiple_exception_attach

stdout:     {0}=={1}
Test Reader Thread Received Content-Length: 144

Test Reader Thread Received 

Test Reader Thread Received {"type": "event", "event": "output", "body": {"output": "    {0}=={1}\n", "category": "stdout", "source": {}}, "seq": 540, "pydevd_cmd_id": 116}
Message returned in get_next_message(): {"type": "event", "event": "output", "body": {"output": "    {0}=={1}\n", "category": "stdout", "source": {}}, "seq": 540, "pydevd_cmd_id": 116} --  ctx: wait_for_message, asked at:
 --  File "C:\Users\rchiodo\source\repos\PyDev.Debugger\tests_python\test_debugger_json.py", line 1443, in test_case_sys_exit_multiple_exception_attach

Test Reader Thread Received Content-Length: 131

Test Reader Thread Received 

Test Reader Thread Received {"type": "event", "event": "output", "body": {"output": " ", "category": "stdout", "source": {}}, "seq": 542, "pydevd_cmd_id": 116}
Message returned in get_next_message(): {"type": "event", "event": "output", "body": {"output": " ", "category": "stdout", "source": {}}, "seq": 542, "pydevd_cmd_id": 116} --  ctx: wait_for_message, asked at:
 --  File "C:\Users\rchiodo\source\repos\PyDev.Debugger\tests_python\test_debugger_json.py", line 1443, in test_case_sys_exit_multiple_exception_attach

Test Reader Thread Received Content-Length: 137

Test Reader Thread Received 

Test Reader Thread Received {"type": "event", "event": "output", "body": {"output": "outcome", "category": "stdout", "source": {}}, "seq": 544, "pydevd_cmd_id": 116}
stdout:  outcome 1.3.0.post0
Message returned in get_next_message(): {"type": "event", "event": "output", "body": {"output": "outcome", "category": "stdout", "source": {}}, "seq": 544, "pydevd_cmd_id": 116} --  ctx: wait_for_message, asked at:
 --  File "C:\Users\rchiodo\source\repos\PyDev.Debugger\tests_python\test_debugger_json.py", line 1443, in test_case_sys_exit_multiple_exception_attach

Test Reader Thread Received Content-Length: 131

Test Reader Thread Received 

Test Reader Thread Received {"type": "event", "event": "output", "body": {"output": " ", "category": "stdout", "source": {}}, "seq": 546, "pydevd_cmd_id": 116}
Message returned in get_next_message(): {"type": "event", "event": "output", "body": {"output": " ", "category": "stdout", "source": {}}, "seq": 546, "pydevd_cmd_id": 116} --  ctx: wait_for_message, asked at:
 --  File "C:\Users\rchiodo\source\repos\PyDev.Debugger\tests_python\test_debugger_json.py", line 1443, in test_case_sys_exit_multiple_exception_attach

Test Reader Thread Received Content-Length: 141

Test Reader Thread Received 

Test Reader Thread Received {"type": "event", "event": "output", "body": {"output": "1.3.0.post0", "category": "stdout", "source": {}}, "seq": 548, "pydevd_cmd_id": 116}
Message returned in get_next_message(): {"type": "event", "event": "output", "body": {"output": "1.3.0.post0", "category": "stdout", "source": {}}, "seq": 548, "pydevd_cmd_id": 116} --  ctx: wait_for_message, asked at:
 --  File "C:\Users\rchiodo\source\repos\PyDev.Debugger\tests_python\test_debugger_json.py", line 1443, in test_case_sys_exit_multiple_exception_attach

Test Reader Thread Received Content-Length: 132

Test Reader Thread Received 

Test Reader Thread Received {"type": "event", "event": "output", "body": {"output": "\n", "category": "stdout", "source": {}}, "seq": 550, "pydevd_cmd_id": 116}
Message returned in get_next_message(): {"type": "event", "event": "output", "body": {"output": "\n", "category": "stdout", "source": {}}, "seq": 550, "pydevd_cmd_id": 116} --  ctx: wait_for_message, asked at:
 --  File "C:\Users\rchiodo\source\repos\PyDev.Debugger\tests_python\test_debugger_json.py", line 1443, in test_case_sys_exit_multiple_exception_attach

stdout:     {0}=={1}
Test Reader Thread Received Content-Length: 144

Test Reader Thread Received 

Test Reader Thread Received {"type": "event", "event": "output", "body": {"output": "    {0}=={1}\n", "category": "stdout", "source": {}}, "seq": 552, "pydevd_cmd_id": 116}
Message returned in get_next_message(): {"type": "event", "event": "output", "body": {"output": "    {0}=={1}\n", "category": "stdout", "source": {}}, "seq": 552, "pydevd_cmd_id": 116} --  ctx: wait_for_message, asked at:
 --  File "C:\Users\rchiodo\source\repos\PyDev.Debugger\tests_python\test_debugger_json.py", line 1443, in test_case_sys_exit_multiple_exception_attach

Test Reader Thread Received Content-Length: 131

Test Reader Thread Received 

Test Reader Thread Received {"type": "event", "event": "output", "body": {"output": " ", "category": "stdout", "source": {}}, "seq": 554, "pydevd_cmd_id": 116}
Message returned in get_next_message(): {"type": "event", "event": "output", "body": {"output": " ", "category": "stdout", "source": {}}, "seq": 554, "pydevd_cmd_id": 116} --  ctx: wait_for_message, asked at:
 --  File "C:\Users\rchiodo\source\repos\PyDev.Debugger\tests_python\test_debugger_json.py", line 1443, in test_case_sys_exit_multiple_exception_attach

stdout:  packaging 24.1
Test Reader Thread Received Content-Length: 139

Test Reader Thread Received 

Test Reader Thread Received {"type": "event", "event": "output", "body": {"output": "packaging", "category": "stdout", "source": {}}, "seq": 556, "pydevd_cmd_id": 116}
Message returned in get_next_message(): {"type": "event", "event": "output", "body": {"output": "packaging", "category": "stdout", "source": {}}, "seq": 556, "pydevd_cmd_id": 116} --  ctx: wait_for_message, asked at:
 --  File "C:\Users\rchiodo\source\repos\PyDev.Debugger\tests_python\test_debugger_json.py", line 1443, in test_case_sys_exit_multiple_exception_attach

Test Reader Thread Received Content-Length: 131

Test Reader Thread Received 

Test Reader Thread Received {"type": "event", "event": "output", "body": {"output": " ", "category": "stdout", "source": {}}, "seq": 558, "pydevd_cmd_id": 116}
Message returned in get_next_message(): {"type": "event", "event": "output", "body": {"output": " ", "category": "stdout", "source": {}}, "seq": 558, "pydevd_cmd_id": 116} --  ctx: wait_for_message, asked at:
 --  File "C:\Users\rchiodo\source\repos\PyDev.Debugger\tests_python\test_debugger_json.py", line 1443, in test_case_sys_exit_multiple_exception_attach

Test Reader Thread Received Content-Length: 134

Test Reader Thread Received 

Test Reader Thread Received {"type": "event", "event": "output", "body": {"output": "24.1", "category": "stdout", "source": {}}, "seq": 560, "pydevd_cmd_id": 116}
Test Reader Thread Received Content-Length: 132

Test Reader Thread Received 

Test Reader Thread Received {"type": "event", "event": "output", "body": {"output": "\n", "category": "stdout", "source": {}}, "seq": 562, "pydevd_cmd_id": 116}
Message returned in get_next_message(): {"type": "event", "event": "output", "body": {"output": "24.1", "category": "stdout", "source": {}}, "seq": 560, "pydevd_cmd_id": 116} --  ctx: wait_for_message, asked at:
 --  File "C:\Users\rchiodo\source\repos\PyDev.Debugger\tests_python\test_debugger_json.py", line 1443, in test_case_sys_exit_multiple_exception_attach

Message returned in get_next_message(): {"type": "event", "event": "output", "body": {"output": "\n", "category": "stdout", "source": {}}, "seq": 562, "pydevd_cmd_id": 116} --  ctx: wait_for_message, asked at:
 --  File "C:\Users\rchiodo\source\repos\PyDev.Debugger\tests_python\test_debugger_json.py", line 1443, in test_case_sys_exit_multiple_exception_attach

stdout:     {0}=={1}
Test Reader Thread Received Content-Length: 144

Test Reader Thread Received 

Test Reader Thread Received {"type": "event", "event": "output", "body": {"output": "    {0}=={1}\n", "category": "stdout", "source": {}}, "seq": 564, "pydevd_cmd_id": 116}
Message returned in get_next_message(): {"type": "event", "event": "output", "body": {"output": "    {0}=={1}\n", "category": "stdout", "source": {}}, "seq": 564, "pydevd_cmd_id": 116} --  ctx: wait_for_message, asked at:
 --  File "C:\Users\rchiodo\source\repos\PyDev.Debugger\tests_python\test_debugger_json.py", line 1443, in test_case_sys_exit_multiple_exception_attach

Test Reader Thread Received Content-Length: 131

Test Reader Thread Received 

Test Reader Thread Received {"type": "event", "event": "output", "body": {"output": " ", "category": "stdout", "source": {}}, "seq": 566, "pydevd_cmd_id": 116}
Message returned in get_next_message(): {"type": "event", "event": "output", "body": {"output": " ", "category": "stdout", "source": {}}, "seq": 566, "pydevd_cmd_id": 116} --  ctx: wait_for_message, asked at:
 --  File "C:\Users\rchiodo\source\repos\PyDev.Debugger\tests_python\test_debugger_json.py", line 1443, in test_case_sys_exit_multiple_exception_attach

Test Reader Thread Received Content-Length: 136
stdout:  pandas 2.2.3

Test Reader Thread Received 

Test Reader Thread Received {"type": "event", "event": "output", "body": {"output": "pandas", "category": "stdout", "source": {}}, "seq": 568, "pydevd_cmd_id": 116}
Test Reader Thread Received Content-Length: 131

Test Reader Thread Received 

Message returned in get_next_message(): {"type": "event", "event": "output", "body": {"output": "pandas", "category": "stdout", "source": {}}, "seq": 568, "pydevd_cmd_id": 116} --  ctx: wait_for_message, asked at:
 --  File "C:\Users\rchiodo\source\repos\PyDev.Debugger\tests_python\test_debugger_json.py", line 1443, in test_case_sys_exit_multiple_exception_attach

Test Reader Thread Received {"type": "event", "event": "output", "body": {"output": " ", "category": "stdout", "source": {}}, "seq": 570, "pydevd_cmd_id": 116}
Message returned in get_next_message(): {"type": "event", "event": "output", "body": {"output": " ", "category": "stdout", "source": {}}, "seq": 570, "pydevd_cmd_id": 116} --  ctx: wait_for_message, asked at:
 --  File "C:\Users\rchiodo\source\repos\PyDev.Debugger\tests_python\test_debugger_json.py", line 1443, in test_case_sys_exit_multiple_exception_attach

Test Reader Thread Received Content-Length: 135

Test Reader Thread Received 

Test Reader Thread Received {"type": "event", "event": "output", "body": {"output": "2.2.3", "category": "stdout", "source": {}}, "seq": 572, "pydevd_cmd_id": 116}
Test Reader Thread Received Content-Length: 132

Test Reader Thread Received 

Test Reader Thread Received {"type": "event", "event": "output", "body": {"output": "\n", "category": "stdout", "source": {}}, "seq": 574, "pydevd_cmd_id": 116}
Message returned in get_next_message(): {"type": "event", "event": "output", "body": {"output": "2.2.3", "category": "stdout", "source": {}}, "seq": 572, "pydevd_cmd_id": 116} --  ctx: wait_for_message, asked at:
 --  File "C:\Users\rchiodo\source\repos\PyDev.Debugger\tests_python\test_debugger_json.py", line 1443, in test_case_sys_exit_multiple_exception_attach

Message returned in get_next_message(): {"type": "event", "event": "output", "body": {"output": "\n", "category": "stdout", "source": {}}, "seq": 574, "pydevd_cmd_id": 116} --  ctx: wait_for_message, asked at:
 --  File "C:\Users\rchiodo\source\repos\PyDev.Debugger\tests_python\test_debugger_json.py", line 1443, in test_case_sys_exit_multiple_exception_attach

stdout:     {0}=={1}
Test Reader Thread Received Content-Length: 144

Test Reader Thread Received 

Test Reader Thread Received {"type": "event", "event": "output", "body": {"output": "    {0}=={1}\n", "category": "stdout", "source": {}}, "seq": 576, "pydevd_cmd_id": 116}
Message returned in get_next_message(): {"type": "event", "event": "output", "body": {"output": "    {0}=={1}\n", "category": "stdout", "source": {}}, "seq": 576, "pydevd_cmd_id": 116} --  ctx: wait_for_message, asked at:
 --  File "C:\Users\rchiodo\source\repos\PyDev.Debugger\tests_python\test_debugger_json.py", line 1443, in test_case_sys_exit_multiple_exception_attach

Test Reader Thread Received Content-Length: 131

Test Reader Thread Received 

Test Reader Thread Received {"type": "event", "event": "output", "body": {"output": " ", "category": "stdout", "source": {}}, "seq": 578, "pydevd_cmd_id": 116}
Test Reader Thread Received Content-Length: 135

Test Reader Thread Received 

Message returned in get_next_message(): {"type": "event", "event": "output", "body": {"output": " ", "category": "stdout", "source": {}}, "seq": 578, "pydevd_cmd_id": 116} --  ctx: wait_for_message, asked at:
 --  File "C:\Users\rchiodo\source\repos\PyDev.Debugger\tests_python\test_debugger_json.py", line 1443, in test_case_sys_exit_multiple_exception_attach

Test Reader Thread Received {"type": "event", "event": "output", "body": {"output": "parso", "category": "stdout", "source": {}}, "seq": 580, "pydevd_cmd_id": 116}
Message returned in get_next_message(): {"type": "event", "event": "output", "body": {"output": "parso", "category": "stdout", "source": {}}, "seq": 580, "pydevd_cmd_id": 116} --  ctx: wait_for_message, asked at:
 --  File "C:\Users\rchiodo\source\repos\PyDev.Debugger\tests_python\test_debugger_json.py", line 1443, in test_case_sys_exit_multiple_exception_attach

Test Reader Thread Received Content-Length: 131

Test Reader Thread Received 

stdout:  parso 0.8.4
Test Reader Thread Received {"type": "event", "event": "output", "body": {"output": " ", "category": "stdout", "source": {}}, "seq": 582, "pydevd_cmd_id": 116}
Test Reader Thread Received Content-Length: 135

Test Reader Thread Received 

Message returned in get_next_message(): {"type": "event", "event": "output", "body": {"output": " ", "category": "stdout", "source": {}}, "seq": 582, "pydevd_cmd_id": 116} --  ctx: wait_for_message, asked at:
 --  File "C:\Users\rchiodo\source\repos\PyDev.Debugger\tests_python\test_debugger_json.py", line 1443, in test_case_sys_exit_multiple_exception_attach

Test Reader Thread Received {"type": "event", "event": "output", "body": {"output": "0.8.4", "category": "stdout", "source": {}}, "seq": 584, "pydevd_cmd_id": 116}
Test Reader Thread Received Content-Length: 132

Test Reader Thread Received 

Test Reader Thread Received {"type": "event", "event": "output", "body": {"output": "\n", "category": "stdout", "source": {}}, "seq": 586, "pydevd_cmd_id": 116}
Message returned in get_next_message(): {"type": "event", "event": "output", "body": {"output": "0.8.4", "category": "stdout", "source": {}}, "seq": 584, "pydevd_cmd_id": 116} --  ctx: wait_for_message, asked at:
 --  File "C:\Users\rchiodo\source\repos\PyDev.Debugger\tests_python\test_debugger_json.py", line 1443, in test_case_sys_exit_multiple_exception_attach

Message returned in get_next_message(): {"type": "event", "event": "output", "body": {"output": "\n", "category": "stdout", "source": {}}, "seq": 586, "pydevd_cmd_id": 116} --  ctx: wait_for_message, asked at:
 --  File "C:\Users\rchiodo\source\repos\PyDev.Debugger\tests_python\test_debugger_json.py", line 1443, in test_case_sys_exit_multiple_exception_attach

stdout:     {0}=={1}
Test Reader Thread Received Content-Length: 144

Test Reader Thread Received 

Test Reader Thread Received {"type": "event", "event": "output", "body": {"output": "    {0}=={1}\n", "category": "stdout", "source": {}}, "seq": 588, "pydevd_cmd_id": 116}
Message returned in get_next_message(): {"type": "event", "event": "output", "body": {"output": "    {0}=={1}\n", "category": "stdout", "source": {}}, "seq": 588, "pydevd_cmd_id": 116} --  ctx: wait_for_message, asked at:
 --  File "C:\Users\rchiodo\source\repos\PyDev.Debugger\tests_python\test_debugger_json.py", line 1443, in test_case_sys_exit_multiple_exception_attach

Test Reader Thread Received Content-Length: 131

Test Reader Thread Received 

Test Reader Thread Received {"type": "event", "event": "output", "body": {"output": " ", "category": "stdout", "source": {}}, "seq": 590, "pydevd_cmd_id": 116}
Test Reader Thread Received Content-Length: 133

Test Reader Thread Received 

Message returned in get_next_message(): {"type": "event", "event": "output", "body": {"output": " ", "category": "stdout", "source": {}}, "seq": 590, "pydevd_cmd_id": 116} --  ctx: wait_for_message, asked at:
 --  File "C:\Users\rchiodo\source\repos\PyDev.Debugger\tests_python\test_debugger_json.py", line 1443, in test_case_sys_exit_multiple_exception_attach

Test Reader Thread Received {"type": "event", "event": "output", "body": {"output": "pip", "category": "stdout", "source": {}}, "seq": 592, "pydevd_cmd_id": 116}
stdout:  pip 24.2
Test Reader Thread Received Content-Length: 131

Test Reader Thread Received 

Message returned in get_next_message(): {"type": "event", "event": "output", "body": {"output": "pip", "category": "stdout", "source": {}}, "seq": 592, "pydevd_cmd_id": 116} --  ctx: wait_for_message, asked at:
 --  File "C:\Users\rchiodo\source\repos\PyDev.Debugger\tests_python\test_debugger_json.py", line 1443, in test_case_sys_exit_multiple_exception_attach

Test Reader Thread Received {"type": "event", "event": "output", "body": {"output": " ", "category": "stdout", "source": {}}, "seq": 594, "pydevd_cmd_id": 116}
Message returned in get_next_message(): {"type": "event", "event": "output", "body": {"output": " ", "category": "stdout", "source": {}}, "seq": 594, "pydevd_cmd_id": 116} --  ctx: wait_for_message, asked at:
 --  File "C:\Users\rchiodo\source\repos\PyDev.Debugger\tests_python\test_debugger_json.py", line 1443, in test_case_sys_exit_multiple_exception_attach

Test Reader Thread Received Content-Length: 134

Test Reader Thread Received 

Test Reader Thread Received {"type": "event", "event": "output", "body": {"output": "24.2", "category": "stdout", "source": {}}, "seq": 596, "pydevd_cmd_id": 116}
Test Reader Thread Received Content-Length: 132

Test Reader Thread Received 

Message returned in get_next_message(): {"type": "event", "event": "output", "body": {"output": "24.2", "category": "stdout", "source": {}}, "seq": 596, "pydevd_cmd_id": 116} --  ctx: wait_for_message, asked at:
 --  File "C:\Users\rchiodo\source\repos\PyDev.Debugger\tests_python\test_debugger_json.py", line 1443, in test_case_sys_exit_multiple_exception_attach

Test Reader Thread Received {"type": "event", "event": "output", "body": {"output": "\n", "category": "stdout", "source": {}}, "seq": 598, "pydevd_cmd_id": 116}
Message returned in get_next_message(): {"type": "event", "event": "output", "body": {"output": "\n", "category": "stdout", "source": {}}, "seq": 598, "pydevd_cmd_id": 116} --  ctx: wait_for_message, asked at:
 --  File "C:\Users\rchiodo\source\repos\PyDev.Debugger\tests_python\test_debugger_json.py", line 1443, in test_case_sys_exit_multiple_exception_attach

stdout:     {0}=={1}
Test Reader Thread Received Content-Length: 144

Test Reader Thread Received 

Test Reader Thread Received {"type": "event", "event": "output", "body": {"output": "    {0}=={1}\n", "category": "stdout", "source": {}}, "seq": 600, "pydevd_cmd_id": 116}
Message returned in get_next_message(): {"type": "event", "event": "output", "body": {"output": "    {0}=={1}\n", "category": "stdout", "source": {}}, "seq": 600, "pydevd_cmd_id": 116} --  ctx: wait_for_message, asked at:
 --  File "C:\Users\rchiodo\source\repos\PyDev.Debugger\tests_python\test_debugger_json.py", line 1443, in test_case_sys_exit_multiple_exception_attach

Test Reader Thread Received Content-Length: 131

Test Reader Thread Received 

Test Reader Thread Received {"type": "event", "event": "output", "body": {"output": " ", "category": "stdout", "source": {}}, "seq": 602, "pydevd_cmd_id": 116}
Message returned in get_next_message(): {"type": "event", "event": "output", "body": {"output": " ", "category": "stdout", "source": {}}, "seq": 602, "pydevd_cmd_id": 116} --  ctx: wait_for_message, asked at:
 --  File "C:\Users\rchiodo\source\repos\PyDev.Debugger\tests_python\test_debugger_json.py", line 1443, in test_case_sys_exit_multiple_exception_attach

Test Reader Thread Received Content-Length: 142

Test Reader Thread Received 

Test Reader Thread Received {"type": "event", "event": "output", "body": {"output": "platformdirs", "category": "stdout", "source": {}}, "seq": 604, "pydevd_cmd_id": 116}
Message returned in get_next_message(): {"type": "event", "event": "output", "body": {"output": "platformdirs", "category": "stdout", "source": {}}, "seq": 604, "pydevd_cmd_id": 116} --  ctx: wait_for_message, asked at:
 --  File "C:\Users\rchiodo\source\repos\PyDev.Debugger\tests_python\test_debugger_json.py", line 1443, in test_case_sys_exit_multiple_exception_attach

stdout:  platformdirs 4.3.6
Test Reader Thread Received Content-Length: 131

Test Reader Thread Received 

Test Reader Thread Received {"type": "event", "event": "output", "body": {"output": " ", "category": "stdout", "source": {}}, "seq": 606, "pydevd_cmd_id": 116}
Message returned in get_next_message(): {"type": "event", "event": "output", "body": {"output": " ", "category": "stdout", "source": {}}, "seq": 606, "pydevd_cmd_id": 116} --  ctx: wait_for_message, asked at:
 --  File "C:\Users\rchiodo\source\repos\PyDev.Debugger\tests_python\test_debugger_json.py", line 1443, in test_case_sys_exit_multiple_exception_attach

Test Reader Thread Received Content-Length: 135

Test Reader Thread Received 

Test Reader Thread Received {"type": "event", "event": "output", "body": {"output": "4.3.6", "category": "stdout", "source": {}}, "seq": 608, "pydevd_cmd_id": 116}
Test Reader Thread Received Content-Length: 132

Test Reader Thread Received 

Test Reader Thread Received {"type": "event", "event": "output", "body": {"output": "\n", "category": "stdout", "source": {}}, "seq": 610, "pydevd_cmd_id": 116}
Message returned in get_next_message(): {"type": "event", "event": "output", "body": {"output": "4.3.6", "category": "stdout", "source": {}}, "seq": 608, "pydevd_cmd_id": 116} --  ctx: wait_for_message, asked at:
 --  File "C:\Users\rchiodo\source\repos\PyDev.Debugger\tests_python\test_debugger_json.py", line 1443, in test_case_sys_exit_multiple_exception_attach

Message returned in get_next_message(): {"type": "event", "event": "output", "body": {"output": "\n", "category": "stdout", "source": {}}, "seq": 610, "pydevd_cmd_id": 116} --  ctx: wait_for_message, asked at:
 --  File "C:\Users\rchiodo\source\repos\PyDev.Debugger\tests_python\test_debugger_json.py", line 1443, in test_case_sys_exit_multiple_exception_attach

stdout:     {0}=={1}
Test Reader Thread Received Content-Length: 144

Test Reader Thread Received 

Test Reader Thread Received {"type": "event", "event": "output", "body": {"output": "    {0}=={1}\n", "category": "stdout", "source": {}}, "seq": 612, "pydevd_cmd_id": 116}
Message returned in get_next_message(): {"type": "event", "event": "output", "body": {"output": "    {0}=={1}\n", "category": "stdout", "source": {}}, "seq": 612, "pydevd_cmd_id": 116} --  ctx: wait_for_message, asked at:
 --  File "C:\Users\rchiodo\source\repos\PyDev.Debugger\tests_python\test_debugger_json.py", line 1443, in test_case_sys_exit_multiple_exception_attach

Test Reader Thread Received Content-Length: 131

Test Reader Thread Received 

Test Reader Thread Received {"type": "event", "event": "output", "body": {"output": " ", "category": "stdout", "source": {}}, "seq": 614, "pydevd_cmd_id": 116}
Message returned in get_next_message(): {"type": "event", "event": "output", "body": {"output": " ", "category": "stdout", "source": {}}, "seq": 614, "pydevd_cmd_id": 116} --  ctx: wait_for_message, asked at:
 --  File "C:\Users\rchiodo\source\repos\PyDev.Debugger\tests_python\test_debugger_json.py", line 1443, in test_case_sys_exit_multiple_exception_attach

stdout:  pluggy 1.5.0
Test Reader Thread Received Content-Length: 136

Test Reader Thread Received 

Test Reader Thread Received {"type": "event", "event": "output", "body": {"output": "pluggy", "category": "stdout", "source": {}}, "seq": 616, "pydevd_cmd_id": 116}
Message returned in get_next_message(): {"type": "event", "event": "output", "body": {"output": "pluggy", "category": "stdout", "source": {}}, "seq": 616, "pydevd_cmd_id": 116} --  ctx: wait_for_message, asked at:
 --  File "C:\Users\rchiodo\source\repos\PyDev.Debugger\tests_python\test_debugger_json.py", line 1443, in test_case_sys_exit_multiple_exception_attach

stdout:     {0}=={1}
Test Reader Thread Received Content-Length: 131

Test Reader Thread Received 

stdout:  portend 3.2.0
stdout:     {0}=={1}
stdout:  prompt_toolkit 3.0.47
stdout:     {0}=={1}
Test Reader Thread Received {"type": "event", "event": "output", "body": {"output": " ", "category": "stdout", "source": {}}, "seq": 618, "pydevd_cmd_id": 116}
Test Reader Thread Received Content-Length: 135

Test Reader Thread Received 

Test Reader Thread Received {"type": "event", "event": "output", "body": {"output": "1.5.0", "category": "stdout", "source": {}}, "seq": 620, "pydevd_cmd_id": 116}
Test Reader Thread Received Content-Length: 132

Test Reader Thread Received 

Test Reader Thread Received {"type": "event", "event": "output", "body": {"output": "\n", "category": "stdout", "source": {}}, "seq": 622, "pydevd_cmd_id": 116}
Test Reader Thread Received Content-Length: 144
Message returned in get_next_message(): {"type": "event", "event": "output", "body": {"output": " ", "category": "stdout", "source": {}}, "seq": 618, "pydevd_cmd_id": 116} --  ctx: wait_for_message, asked at:
 --  File "C:\Users\rchiodo\source\repos\PyDev.Debugger\tests_python\test_debugger_json.py", line 1443, in test_case_sys_exit_multiple_exception_attach


Test Reader Thread Received 

Test Reader Thread Received {"type": "event", "event": "output", "body": {"output": "    {0}=={1}\n", "category": "stdout", "source": {}}, "seq": 624, "pydevd_cmd_id": 116}
Test Reader Thread Received Content-Length: 131

Test Reader Thread Received 

Test Reader Thread Received {"type": "event", "event": "output", "body": {"output": " ", "category": "stdout", "source": {}}, "seq": 626, "pydevd_cmd_id": 116}
Test Reader Thread Received Content-Length: 137

Test Reader Thread Received 

Test Reader Thread Received {"type": "event", "event": "output", "body": {"output": "portend", "category": "stdout", "source": {}}, "seq": 628, "pydevd_cmd_id": 116}
Test Reader Thread Received Content-Length: 131

Test Reader Thread Received 

stdout:  psutil 6.0.0
Test Reader Thread Received {"type": "event", "event": "output", "body": {"output": " ", "category": "stdout", "source": {}}, "seq": 630, "pydevd_cmd_id": 116}
Test Reader Thread Received Content-Length: 135

Test Reader Thread Received 

Test Reader Thread Received {"type": "event", "event": "output", "body": {"output": "3.2.0", "category": "stdout", "source": {}}, "seq": 632, "pydevd_cmd_id": 116}
Test Reader Thread Received Content-Length: 132

Test Reader Thread Received 

Test Reader Thread Received {"type": "event", "event": "output", "body": {"output": "\n", "category": "stdout", "source": {}}, "seq": 634, "pydevd_cmd_id": 116}
Test Reader Thread Received Content-Length: 144

Test Reader Thread Received 

Test Reader Thread Received {"type": "event", "event": "output", "body": {"output": "    {0}=={1}\n", "category": "stdout", "source": {}}, "seq": 636, "pydevd_cmd_id": 116}
Test Reader Thread Received Content-Length: 131

Test Reader Thread Received 

Test Reader Thread Received {"type": "event", "event": "output", "body": {"output": " ", "category": "stdout", "source": {}}, "seq": 638, "pydevd_cmd_id": 116}
Test Reader Thread Received Content-Length: 144

Test Reader Thread Received 

Test Reader Thread Received {"type": "event", "event": "output", "body": {"output": "prompt_toolkit", "category": "stdout", "source": {}}, "seq": 640, "pydevd_cmd_id": 116}
Test Reader Thread Received Content-Length: 131

Test Reader Thread Received 

Test Reader Thread Received {"type": "event", "event": "output", "body": {"output": " ", "category": "stdout", "source": {}}, "seq": 642, "pydevd_cmd_id": 116}
Message returned in get_next_message(): {"type": "event", "event": "output", "body": {"output": "1.5.0", "category": "stdout", "source": {}}, "seq": 620, "pydevd_cmd_id": 116} --  ctx: wait_for_message, asked at:
 --  File "C:\Users\rchiodo\source\repos\PyDev.Debugger\tests_python\test_debugger_json.py", line 1443, in test_case_sys_exit_multiple_exception_attach

Test Reader Thread Received Content-Length: 136

Test Reader Thread Received 

Test Reader Thread Received {"type": "event", "event": "output", "body": {"output": "3.0.47", "category": "stdout", "source": {}}, "seq": 644, "pydevd_cmd_id": 116}
Test Reader Thread Received Content-Length: 132

Test Reader Thread Received 

Test Reader Thread Received {"type": "event", "event": "output", "body": {"output": "\n", "category": "stdout", "source": {}}, "seq": 646, "pydevd_cmd_id": 116}
Test Reader Thread Received Content-Length: 144

Test Reader Thread Received 

Test Reader Thread Received {"type": "event", "event": "output", "body": {"output": "    {0}=={1}\n", "category": "stdout", "source": {}}, "seq": 648, "pydevd_cmd_id": 116}
Test Reader Thread Received Content-Length: 131

Test Reader Thread Received 

Test Reader Thread Received {"type": "event", "event": "output", "body": {"output": " ", "category": "stdout", "source": {}}, "seq": 650, "pydevd_cmd_id": 116}
Test Reader Thread Received Content-Length: 136

Test Reader Thread Received 

Test Reader Thread Received {"type": "event", "event": "output", "body": {"output": "psutil", "category": "stdout", "source": {}}, "seq": 652, "pydevd_cmd_id": 116}
Test Reader Thread Received Content-Length: 131

Test Reader Thread Received 

Test Reader Thread Received {"type": "event", "event": "output", "body": {"output": " ", "category": "stdout", "source": {}}, "seq": 654, "pydevd_cmd_id": 116}
Test Reader Thread Received Content-Length: 135

Test Reader Thread Received 

Test Reader Thread Received {"type": "event", "event": "output", "body": {"output": "6.0.0", "category": "stdout", "source": {}}, "seq": 656, "pydevd_cmd_id": 116}
Test Reader Thread Received Content-Length: 132

Test Reader Thread Received 

Test Reader Thread Received {"type": "event", "event": "output", "body": {"output": "\n", "category": "stdout", "source": {}}, "seq": 658, "pydevd_cmd_id": 116}
Message returned in get_next_message(): {"type": "event", "event": "output", "body": {"output": "\n", "category": "stdout", "source": {}}, "seq": 622, "pydevd_cmd_id": 116} --  ctx: wait_for_message, asked at:
 --  File "C:\Users\rchiodo\source\repos\PyDev.Debugger\tests_python\test_debugger_json.py", line 1443, in test_case_sys_exit_multiple_exception_attach

Message returned in get_next_message(): {"type": "event", "event": "output", "body": {"output": "    {0}=={1}\n", "category": "stdout", "source": {}}, "seq": 624, "pydevd_cmd_id": 116} --  ctx: wait_for_message, asked at:
 --  File "C:\Users\rchiodo\source\repos\PyDev.Debugger\tests_python\test_debugger_json.py", line 1443, in test_case_sys_exit_multiple_exception_attach

Message returned in get_next_message(): {"type": "event", "event": "output", "body": {"output": " ", "category": "stdout", "source": {}}, "seq": 626, "pydevd_cmd_id": 116} --  ctx: wait_for_message, asked at:
 --  File "C:\Users\rchiodo\source\repos\PyDev.Debugger\tests_python\test_debugger_json.py", line 1443, in test_case_sys_exit_multiple_exception_attach

Message returned in get_next_message(): {"type": "event", "event": "output", "body": {"output": "portend", "category": "stdout", "source": {}}, "seq": 628, "pydevd_cmd_id": 116} --  ctx: wait_for_message, asked at:
 --  File "C:\Users\rchiodo\source\repos\PyDev.Debugger\tests_python\test_debugger_json.py", line 1443, in test_case_sys_exit_multiple_exception_attach

Message returned in get_next_message(): {"type": "event", "event": "output", "body": {"output": " ", "category": "stdout", "source": {}}, "seq": 630, "pydevd_cmd_id": 116} --  ctx: wait_for_message, asked at:
 --  File "C:\Users\rchiodo\source\repos\PyDev.Debugger\tests_python\test_debugger_json.py", line 1443, in test_case_sys_exit_multiple_exception_attach

Message returned in get_next_message(): {"type": "event", "event": "output", "body": {"output": "3.2.0", "category": "stdout", "source": {}}, "seq": 632, "pydevd_cmd_id": 116} --  ctx: wait_for_message, asked at:
 --  File "C:\Users\rchiodo\source\repos\PyDev.Debugger\tests_python\test_debugger_json.py", line 1443, in test_case_sys_exit_multiple_exception_attach

Message returned in get_next_message(): {"type": "event", "event": "output", "body": {"output": "\n", "category": "stdout", "source": {}}, "seq": 634, "pydevd_cmd_id": 116} --  ctx: wait_for_message, asked at:
 --  File "C:\Users\rchiodo\source\repos\PyDev.Debugger\tests_python\test_debugger_json.py", line 1443, in test_case_sys_exit_multiple_exception_attach

Message returned in get_next_message(): {"type": "event", "event": "output", "body": {"output": "    {0}=={1}\n", "category": "stdout", "source": {}}, "seq": 636, "pydevd_cmd_id": 116} --  ctx: wait_for_message, asked at:
 --  File "C:\Users\rchiodo\source\repos\PyDev.Debugger\tests_python\test_debugger_json.py", line 1443, in test_case_sys_exit_multiple_exception_attach

Message returned in get_next_message(): {"type": "event", "event": "output", "body": {"output": " ", "category": "stdout", "source": {}}, "seq": 638, "pydevd_cmd_id": 116} --  ctx: wait_for_message, asked at:
 --  File "C:\Users\rchiodo\source\repos\PyDev.Debugger\tests_python\test_debugger_json.py", line 1443, in test_case_sys_exit_multiple_exception_attach

Message returned in get_next_message(): {"type": "event", "event": "output", "body": {"output": "prompt_toolkit", "category": "stdout", "source": {}}, "seq": 640, "pydevd_cmd_id": 116} --  ctx: wait_for_message, asked at:
 --  File "C:\Users\rchiodo\source\repos\PyDev.Debugger\tests_python\test_debugger_json.py", line 1443, in test_case_sys_exit_multiple_exception_attach

Message returned in get_next_message(): {"type": "event", "event": "output", "body": {"output": " ", "category": "stdout", "source": {}}, "seq": 642, "pydevd_cmd_id": 116} --  ctx: wait_for_message, asked at:
 --  File "C:\Users\rchiodo\source\repos\PyDev.Debugger\tests_python\test_debugger_json.py", line 1443, in test_case_sys_exit_multiple_exception_attach

Message returned in get_next_message(): {"type": "event", "event": "output", "body": {"output": "3.0.47", "category": "stdout", "source": {}}, "seq": 644, "pydevd_cmd_id": 116} --  ctx: wait_for_message, asked at:
 --  File "C:\Users\rchiodo\source\repos\PyDev.Debugger\tests_python\test_debugger_json.py", line 1443, in test_case_sys_exit_multiple_exception_attach

Message returned in get_next_message(): {"type": "event", "event": "output", "body": {"output": "\n", "category": "stdout", "source": {}}, "seq": 646, "pydevd_cmd_id": 116} --  ctx: wait_for_message, asked at:
 --  File "C:\Users\rchiodo\source\repos\PyDev.Debugger\tests_python\test_debugger_json.py", line 1443, in test_case_sys_exit_multiple_exception_attach

Message returned in get_next_message(): {"type": "event", "event": "output", "body": {"output": "    {0}=={1}\n", "category": "stdout", "source": {}}, "seq": 648, "pydevd_cmd_id": 116} --  ctx: wait_for_message, asked at:
 --  File "C:\Users\rchiodo\source\repos\PyDev.Debugger\tests_python\test_debugger_json.py", line 1443, in test_case_sys_exit_multiple_exception_attach

Message returned in get_next_message(): {"type": "event", "event": "output", "body": {"output": " ", "category": "stdout", "source": {}}, "seq": 650, "pydevd_cmd_id": 116} --  ctx: wait_for_message, asked at:
 --  File "C:\Users\rchiodo\source\repos\PyDev.Debugger\tests_python\test_debugger_json.py", line 1443, in test_case_sys_exit_multiple_exception_attach

Message returned in get_next_message(): {"type": "event", "event": "output", "body": {"output": "psutil", "category": "stdout", "source": {}}, "seq": 652, "pydevd_cmd_id": 116} --  ctx: wait_for_message, asked at:
 --  File "C:\Users\rchiodo\source\repos\PyDev.Debugger\tests_python\test_debugger_json.py", line 1443, in test_case_sys_exit_multiple_exception_attach

Message returned in get_next_message(): {"type": "event", "event": "output", "body": {"output": " ", "category": "stdout", "source": {}}, "seq": 654, "pydevd_cmd_id": 116} --  ctx: wait_for_message, asked at:
 --  File "C:\Users\rchiodo\source\repos\PyDev.Debugger\tests_python\test_debugger_json.py", line 1443, in test_case_sys_exit_multiple_exception_attach

Message returned in get_next_message(): {"type": "event", "event": "output", "body": {"output": "6.0.0", "category": "stdout", "source": {}}, "seq": 656, "pydevd_cmd_id": 116} --  ctx: wait_for_message, asked at:
 --  File "C:\Users\rchiodo\source\repos\PyDev.Debugger\tests_python\test_debugger_json.py", line 1443, in test_case_sys_exit_multiple_exception_attach

Message returned in get_next_message(): {"type": "event", "event": "output", "body": {"output": "\n", "category": "stdout", "source": {}}, "seq": 658, "pydevd_cmd_id": 116} --  ctx: wait_for_message, asked at:
 --  File "C:\Users\rchiodo\source\repos\PyDev.Debugger\tests_python\test_debugger_json.py", line 1443, in test_case_sys_exit_multiple_exception_attach

stdout:     {0}=={1}
Test Reader Thread Received Content-Length: 144

Test Reader Thread Received 

Test Reader Thread Received {"type": "event", "event": "output", "body": {"output": "    {0}=={1}\n", "category": "stdout", "source": {}}, "seq": 660, "pydevd_cmd_id": 116}
Message returned in get_next_message(): {"type": "event", "event": "output", "body": {"output": "    {0}=={1}\n", "category": "stdout", "source": {}}, "seq": 660, "pydevd_cmd_id": 116} --  ctx: wait_for_message, asked at:
 --  File "C:\Users\rchiodo\source\repos\PyDev.Debugger\tests_python\test_debugger_json.py", line 1443, in test_case_sys_exit_multiple_exception_attach

Test Reader Thread Received Content-Length: 131

Test Reader Thread Received 

Test Reader Thread Received {"type": "event", "event": "output", "body": {"output": " ", "category": "stdout", "source": {}}, "seq": 662, "pydevd_cmd_id": 116}
Message returned in get_next_message(): {"type": "event", "event": "output", "body": {"output": " ", "category": "stdout", "source": {}}, "seq": 662, "pydevd_cmd_id": 116} --  ctx: wait_for_message, asked at:
 --  File "C:\Users\rchiodo\source\repos\PyDev.Debugger\tests_python\test_debugger_json.py", line 1443, in test_case_sys_exit_multiple_exception_attach

Test Reader Thread Received Content-Length: 139

Test Reader Thread Received 

Test Reader Thread Received {"type": "event", "event": "output", "body": {"output": "pure_eval", "category": "stdout", "source": {}}, "seq": 664, "pydevd_cmd_id": 116}
stdout:  pure_eval 0.2.3
Message returned in get_next_message(): {"type": "event", "event": "output", "body": {"output": "pure_eval", "category": "stdout", "source": {}}, "seq": 664, "pydevd_cmd_id": 116} --  ctx: wait_for_message, asked at:
 --  File "C:\Users\rchiodo\source\repos\PyDev.Debugger\tests_python\test_debugger_json.py", line 1443, in test_case_sys_exit_multiple_exception_attach

Test Reader Thread Received Content-Length: 131

Test Reader Thread Received 

Test Reader Thread Received {"type": "event", "event": "output", "body": {"output": " ", "category": "stdout", "source": {}}, "seq": 666, "pydevd_cmd_id": 116}
Message returned in get_next_message(): {"type": "event", "event": "output", "body": {"output": " ", "category": "stdout", "source": {}}, "seq": 666, "pydevd_cmd_id": 116} --  ctx: wait_for_message, asked at:
 --  File "C:\Users\rchiodo\source\repos\PyDev.Debugger\tests_python\test_debugger_json.py", line 1443, in test_case_sys_exit_multiple_exception_attach

Test Reader Thread Received Content-Length: 135

Test Reader Thread Received 

Test Reader Thread Received {"type": "event", "event": "output", "body": {"output": "0.2.3", "category": "stdout", "source": {}}, "seq": 668, "pydevd_cmd_id": 116}
Message returned in get_next_message(): {"type": "event", "event": "output", "body": {"output": "0.2.3", "category": "stdout", "source": {}}, "seq": 668, "pydevd_cmd_id": 116} --  ctx: wait_for_message, asked at:
 --  File "C:\Users\rchiodo\source\repos\PyDev.Debugger\tests_python\test_debugger_json.py", line 1443, in test_case_sys_exit_multiple_exception_attach

Test Reader Thread Received Content-Length: 132

Test Reader Thread Received 

Test Reader Thread Received {"type": "event", "event": "output", "body": {"output": "\n", "category": "stdout", "source": {}}, "seq": 670, "pydevd_cmd_id": 116}
Message returned in get_next_message(): {"type": "event", "event": "output", "body": {"output": "\n", "category": "stdout", "source": {}}, "seq": 670, "pydevd_cmd_id": 116} --  ctx: wait_for_message, asked at:
 --  File "C:\Users\rchiodo\source\repos\PyDev.Debugger\tests_python\test_debugger_json.py", line 1443, in test_case_sys_exit_multiple_exception_attach

stdout:     {0}=={1}
Test Reader Thread Received Content-Length: 144

Test Reader Thread Received 

Test Reader Thread Received {"type": "event", "event": "output", "body": {"output": "    {0}=={1}\n", "category": "stdout", "source": {}}, "seq": 672, "pydevd_cmd_id": 116}
Message returned in get_next_message(): {"type": "event", "event": "output", "body": {"output": "    {0}=={1}\n", "category": "stdout", "source": {}}, "seq": 672, "pydevd_cmd_id": 116} --  ctx: wait_for_message, asked at:
 --  File "C:\Users\rchiodo\source\repos\PyDev.Debugger\tests_python\test_debugger_json.py", line 1443, in test_case_sys_exit_multiple_exception_attach

Test Reader Thread Received Content-Length: 131

Test Reader Thread Received 

Test Reader Thread Received {"type": "event", "event": "output", "body": {"output": " ", "category": "stdout", "source": {}}, "seq": 674, "pydevd_cmd_id": 116}
Message returned in get_next_message(): {"type": "event", "event": "output", "body": {"output": " ", "category": "stdout", "source": {}}, "seq": 674, "pydevd_cmd_id": 116} --  ctx: wait_for_message, asked at:
 --  File "C:\Users\rchiodo\source\repos\PyDev.Debugger\tests_python\test_debugger_json.py", line 1443, in test_case_sys_exit_multiple_exception_attach

Test Reader Thread Received Content-Length: 137

Test Reader Thread Received 

Test Reader Thread Received {"type": "event", "event": "output", "body": {"output": "pyarrow", "category": "stdout", "source": {}}, "seq": 676, "pydevd_cmd_id": 116}
stdout:  pyarrow 17.0.0
Test Reader Thread Received Content-Length: 131

Test Reader Thread Received 

Message returned in get_next_message(): {"type": "event", "event": "output", "body": {"output": "pyarrow", "category": "stdout", "source": {}}, "seq": 676, "pydevd_cmd_id": 116} --  ctx: wait_for_message, asked at:
 --  File "C:\Users\rchiodo\source\repos\PyDev.Debugger\tests_python\test_debugger_json.py", line 1443, in test_case_sys_exit_multiple_exception_attach

Test Reader Thread Received {"type": "event", "event": "output", "body": {"output": " ", "category": "stdout", "source": {}}, "seq": 678, "pydevd_cmd_id": 116}
Test Reader Thread Received Content-Length: 136

Test Reader Thread Received 

Message returned in get_next_message(): {"type": "event", "event": "output", "body": {"output": " ", "category": "stdout", "source": {}}, "seq": 678, "pydevd_cmd_id": 116} --  ctx: wait_for_message, asked at:
 --  File "C:\Users\rchiodo\source\repos\PyDev.Debugger\tests_python\test_debugger_json.py", line 1443, in test_case_sys_exit_multiple_exception_attach

Test Reader Thread Received {"type": "event", "event": "output", "body": {"output": "17.0.0", "category": "stdout", "source": {}}, "seq": 680, "pydevd_cmd_id": 116}
Message returned in get_next_message(): {"type": "event", "event": "output", "body": {"output": "17.0.0", "category": "stdout", "source": {}}, "seq": 680, "pydevd_cmd_id": 116} --  ctx: wait_for_message, asked at:
 --  File "C:\Users\rchiodo\source\repos\PyDev.Debugger\tests_python\test_debugger_json.py", line 1443, in test_case_sys_exit_multiple_exception_attach

Test Reader Thread Received Content-Length: 132

Test Reader Thread Received 

Test Reader Thread Received {"type": "event", "event": "output", "body": {"output": "\n", "category": "stdout", "source": {}}, "seq": 682, "pydevd_cmd_id": 116}
Message returned in get_next_message(): {"type": "event", "event": "output", "body": {"output": "\n", "category": "stdout", "source": {}}, "seq": 682, "pydevd_cmd_id": 116} --  ctx: wait_for_message, asked at:
 --  File "C:\Users\rchiodo\source\repos\PyDev.Debugger\tests_python\test_debugger_json.py", line 1443, in test_case_sys_exit_multiple_exception_attach

stdout:     {0}=={1}
Test Reader Thread Received Content-Length: 144

Test Reader Thread Received 

Test Reader Thread Received {"type": "event", "event": "output", "body": {"output": "    {0}=={1}\n", "category": "stdout", "source": {}}, "seq": 684, "pydevd_cmd_id": 116}
Message returned in get_next_message(): {"type": "event", "event": "output", "body": {"output": "    {0}=={1}\n", "category": "stdout", "source": {}}, "seq": 684, "pydevd_cmd_id": 116} --  ctx: wait_for_message, asked at:
 --  File "C:\Users\rchiodo\source\repos\PyDev.Debugger\tests_python\test_debugger_json.py", line 1443, in test_case_sys_exit_multiple_exception_attach

Test Reader Thread Received Content-Length: 131

Test Reader Thread Received 

Test Reader Thread Received {"type": "event", "event": "output", "body": {"output": " ", "category": "stdout", "source": {}}, "seq": 686, "pydevd_cmd_id": 116}
Message returned in get_next_message(): {"type": "event", "event": "output", "body": {"output": " ", "category": "stdout", "source": {}}, "seq": 686, "pydevd_cmd_id": 116} --  ctx: wait_for_message, asked at:
 --  File "C:\Users\rchiodo\source\repos\PyDev.Debugger\tests_python\test_debugger_json.py", line 1443, in test_case_sys_exit_multiple_exception_attach

Test Reader Thread Received Content-Length: 139

Test Reader Thread Received 

stdout:  pycparser 2.22
Test Reader Thread Received {"type": "event", "event": "output", "body": {"output": "pycparser", "category": "stdout", "source": {}}, "seq": 688, "pydevd_cmd_id": 116}
Message returned in get_next_message(): {"type": "event", "event": "output", "body": {"output": "pycparser", "category": "stdout", "source": {}}, "seq": 688, "pydevd_cmd_id": 116} --  ctx: wait_for_message, asked at:
 --  File "C:\Users\rchiodo\source\repos\PyDev.Debugger\tests_python\test_debugger_json.py", line 1443, in test_case_sys_exit_multiple_exception_attach

Test Reader Thread Received Content-Length: 131

Test Reader Thread Received 

Test Reader Thread Received {"type": "event", "event": "output", "body": {"output": " ", "category": "stdout", "source": {}}, "seq": 690, "pydevd_cmd_id": 116}
Message returned in get_next_message(): {"type": "event", "event": "output", "body": {"output": " ", "category": "stdout", "source": {}}, "seq": 690, "pydevd_cmd_id": 116} --  ctx: wait_for_message, asked at:
 --  File "C:\Users\rchiodo\source\repos\PyDev.Debugger\tests_python\test_debugger_json.py", line 1443, in test_case_sys_exit_multiple_exception_attach

Test Reader Thread Received Content-Length: 134

Test Reader Thread Received 

Test Reader Thread Received {"type": "event", "event": "output", "body": {"output": "2.22", "category": "stdout", "source": {}}, "seq": 692, "pydevd_cmd_id": 116}
Test Reader Thread Received Content-Length: 132

Test Reader Thread Received 

Test Reader Thread Received {"type": "event", "event": "output", "body": {"output": "\n", "category": "stdout", "source": {}}, "seq": 694, "pydevd_cmd_id": 116}
Message returned in get_next_message(): {"type": "event", "event": "output", "body": {"output": "2.22", "category": "stdout", "source": {}}, "seq": 692, "pydevd_cmd_id": 116} --  ctx: wait_for_message, asked at:
 --  File "C:\Users\rchiodo\source\repos\PyDev.Debugger\tests_python\test_debugger_json.py", line 1443, in test_case_sys_exit_multiple_exception_attach

Message returned in get_next_message(): {"type": "event", "event": "output", "body": {"output": "\n", "category": "stdout", "source": {}}, "seq": 694, "pydevd_cmd_id": 116} --  ctx: wait_for_message, asked at:
 --  File "C:\Users\rchiodo\source\repos\PyDev.Debugger\tests_python\test_debugger_json.py", line 1443, in test_case_sys_exit_multiple_exception_attach

stdout:     {0}=={1}
Test Reader Thread Received Content-Length: 144

Test Reader Thread Received 

Test Reader Thread Received {"type": "event", "event": "output", "body": {"output": "    {0}=={1}\n", "category": "stdout", "source": {}}, "seq": 696, "pydevd_cmd_id": 116}
Message returned in get_next_message(): {"type": "event", "event": "output", "body": {"output": "    {0}=={1}\n", "category": "stdout", "source": {}}, "seq": 696, "pydevd_cmd_id": 116} --  ctx: wait_for_message, asked at:
 --  File "C:\Users\rchiodo\source\repos\PyDev.Debugger\tests_python\test_debugger_json.py", line 1443, in test_case_sys_exit_multiple_exception_attach

Test Reader Thread Received Content-Length: 131

Test Reader Thread Received 

Test Reader Thread Received {"type": "event", "event": "output", "body": {"output": " ", "category": "stdout", "source": {}}, "seq": 698, "pydevd_cmd_id": 116}
Message returned in get_next_message(): {"type": "event", "event": "output", "body": {"output": " ", "category": "stdout", "source": {}}, "seq": 698, "pydevd_cmd_id": 116} --  ctx: wait_for_message, asked at:
 --  File "C:\Users\rchiodo\source\repos\PyDev.Debugger\tests_python\test_debugger_json.py", line 1443, in test_case_sys_exit_multiple_exception_attach

stdout:  Pygments 2.18.0
Test Reader Thread Received Content-Length: 138

Test Reader Thread Received 

Test Reader Thread Received {"type": "event", "event": "output", "body": {"output": "Pygments", "category": "stdout", "source": {}}, "seq": 700, "pydevd_cmd_id": 116}
Message returned in get_next_message(): {"type": "event", "event": "output", "body": {"output": "Pygments", "category": "stdout", "source": {}}, "seq": 700, "pydevd_cmd_id": 116} --  ctx: wait_for_message, asked at:
 --  File "C:\Users\rchiodo\source\repos\PyDev.Debugger\tests_python\test_debugger_json.py", line 1443, in test_case_sys_exit_multiple_exception_attach

Test Reader Thread Received Content-Length: 131

Test Reader Thread Received 

Test Reader Thread Received {"type": "event", "event": "output", "body": {"output": " ", "category": "stdout", "source": {}}, "seq": 702, "pydevd_cmd_id": 116}
Test Reader Thread Received Content-Length: 136

Test Reader Thread Received 

Test Reader Thread Received {"type": "event", "event": "output", "body": {"output": "2.18.0", "category": "stdout", "source": {}}, "seq": 704, "pydevd_cmd_id": 116}
Message returned in get_next_message(): {"type": "event", "event": "output", "body": {"output": " ", "category": "stdout", "source": {}}, "seq": 702, "pydevd_cmd_id": 116} --  ctx: wait_for_message, asked at:
 --  File "C:\Users\rchiodo\source\repos\PyDev.Debugger\tests_python\test_debugger_json.py", line 1443, in test_case_sys_exit_multiple_exception_attach

Test Reader Thread Received Content-Length: 132

Test Reader Thread Received 

Test Reader Thread Received {"type": "event", "event": "output", "body": {"output": "\n", "category": "stdout", "source": {}}, "seq": 706, "pydevd_cmd_id": 116}
Message returned in get_next_message(): {"type": "event", "event": "output", "body": {"output": "2.18.0", "category": "stdout", "source": {}}, "seq": 704, "pydevd_cmd_id": 116} --  ctx: wait_for_message, asked at:
 --  File "C:\Users\rchiodo\source\repos\PyDev.Debugger\tests_python\test_debugger_json.py", line 1443, in test_case_sys_exit_multiple_exception_attach

Message returned in get_next_message(): {"type": "event", "event": "output", "body": {"output": "\n", "category": "stdout", "source": {}}, "seq": 706, "pydevd_cmd_id": 116} --  ctx: wait_for_message, asked at:
 --  File "C:\Users\rchiodo\source\repos\PyDev.Debugger\tests_python\test_debugger_json.py", line 1443, in test_case_sys_exit_multiple_exception_attach

stdout:     {0}=={1}
Test Reader Thread Received Content-Length: 144

Test Reader Thread Received 

Test Reader Thread Received {"type": "event", "event": "output", "body": {"output": "    {0}=={1}\n", "category": "stdout", "source": {}}, "seq": 708, "pydevd_cmd_id": 116}
Message returned in get_next_message(): {"type": "event", "event": "output", "body": {"output": "    {0}=={1}\n", "category": "stdout", "source": {}}, "seq": 708, "pydevd_cmd_id": 116} --  ctx: wait_for_message, asked at:
 --  File "C:\Users\rchiodo\source\repos\PyDev.Debugger\tests_python\test_debugger_json.py", line 1443, in test_case_sys_exit_multiple_exception_attach

Test Reader Thread Received Content-Length: 131

Test Reader Thread Received 

Test Reader Thread Received {"type": "event", "event": "output", "body": {"output": " ", "category": "stdout", "source": {}}, "seq": 710, "pydevd_cmd_id": 116}
Test Reader Thread Received Content-Length: 143

Test Reader Thread Received 

Message returned in get_next_message(): {"type": "event", "event": "output", "body": {"output": " ", "category": "stdout", "source": {}}, "seq": 710, "pydevd_cmd_id": 116} --  ctx: wait_for_message, asked at:
 --  File "C:\Users\rchiodo\source\repos\PyDev.Debugger\tests_python\test_debugger_json.py", line 1443, in test_case_sys_exit_multiple_exception_attach

Test Reader Thread Received {"type": "event", "event": "output", "body": {"output": "pyproject-api", "category": "stdout", "source": {}}, "seq": 712, "pydevd_cmd_id": 116}
Message returned in get_next_message(): {"type": "event", "event": "output", "body": {"output": "pyproject-api", "category": "stdout", "source": {}}, "seq": 712, "pydevd_cmd_id": 116} --  ctx: wait_for_message, asked at:
 --  File "C:\Users\rchiodo\source\repos\PyDev.Debugger\tests_python\test_debugger_json.py", line 1443, in test_case_sys_exit_multiple_exception_attach

stdout:  pyproject-api 1.8.0
Test Reader Thread Received Content-Length: 131

Test Reader Thread Received 

Test Reader Thread Received {"type": "event", "event": "output", "body": {"output": " ", "category": "stdout", "source": {}}, "seq": 714, "pydevd_cmd_id": 116}
Message returned in get_next_message(): {"type": "event", "event": "output", "body": {"output": " ", "category": "stdout", "source": {}}, "seq": 714, "pydevd_cmd_id": 116} --  ctx: wait_for_message, asked at:
 --  File "C:\Users\rchiodo\source\repos\PyDev.Debugger\tests_python\test_debugger_json.py", line 1443, in test_case_sys_exit_multiple_exception_attach

Test Reader Thread Received Content-Length: 135

Test Reader Thread Received 

Test Reader Thread Received {"type": "event", "event": "output", "body": {"output": "1.8.0", "category": "stdout", "source": {}}, "seq": 716, "pydevd_cmd_id": 116}
Message returned in get_next_message(): {"type": "event", "event": "output", "body": {"output": "1.8.0", "category": "stdout", "source": {}}, "seq": 716, "pydevd_cmd_id": 116} --  ctx: wait_for_message, asked at:
 --  File "C:\Users\rchiodo\source\repos\PyDev.Debugger\tests_python\test_debugger_json.py", line 1443, in test_case_sys_exit_multiple_exception_attach

Test Reader Thread Received Content-Length: 132

Test Reader Thread Received 

Test Reader Thread Received {"type": "event", "event": "output", "body": {"output": "\n", "category": "stdout", "source": {}}, "seq": 718, "pydevd_cmd_id": 116}
Message returned in get_next_message(): {"type": "event", "event": "output", "body": {"output": "\n", "category": "stdout", "source": {}}, "seq": 718, "pydevd_cmd_id": 116} --  ctx: wait_for_message, asked at:
 --  File "C:\Users\rchiodo\source\repos\PyDev.Debugger\tests_python\test_debugger_json.py", line 1443, in test_case_sys_exit_multiple_exception_attach

stdout:     {0}=={1}
Test Reader Thread Received Content-Length: 144

Test Reader Thread Received 

Test Reader Thread Received {"type": "event", "event": "output", "body": {"output": "    {0}=={1}\n", "category": "stdout", "source": {}}, "seq": 720, "pydevd_cmd_id": 116}
Message returned in get_next_message(): {"type": "event", "event": "output", "body": {"output": "    {0}=={1}\n", "category": "stdout", "source": {}}, "seq": 720, "pydevd_cmd_id": 116} --  ctx: wait_for_message, asked at:
 --  File "C:\Users\rchiodo\source\repos\PyDev.Debugger\tests_python\test_debugger_json.py", line 1443, in test_case_sys_exit_multiple_exception_attach

Test Reader Thread Received Content-Length: 131

Test Reader Thread Received 

Test Reader Thread Received {"type": "event", "event": "output", "body": {"output": " ", "category": "stdout", "source": {}}, "seq": 722, "pydevd_cmd_id": 116}
Message returned in get_next_message(): {"type": "event", "event": "output", "body": {"output": " ", "category": "stdout", "source": {}}, "seq": 722, "pydevd_cmd_id": 116} --  ctx: wait_for_message, asked at:
 --  File "C:\Users\rchiodo\source\repos\PyDev.Debugger\tests_python\test_debugger_json.py", line 1443, in test_case_sys_exit_multiple_exception_attach

Test Reader Thread Received Content-Length: 136

Test Reader Thread Received 

stdout:  pytest 8.3.3
Test Reader Thread Received {"type": "event", "event": "output", "body": {"output": "pytest", "category": "stdout", "source": {}}, "seq": 724, "pydevd_cmd_id": 116}
Message returned in get_next_message(): {"type": "event", "event": "output", "body": {"output": "pytest", "category": "stdout", "source": {}}, "seq": 724, "pydevd_cmd_id": 116} --  ctx: wait_for_message, asked at:
 --  File "C:\Users\rchiodo\source\repos\PyDev.Debugger\tests_python\test_debugger_json.py", line 1443, in test_case_sys_exit_multiple_exception_attach

Test Reader Thread Received Content-Length: 131

Test Reader Thread Received 

Test Reader Thread Received {"type": "event", "event": "output", "body": {"output": " ", "category": "stdout", "source": {}}, "seq": 726, "pydevd_cmd_id": 116}
Message returned in get_next_message(): {"type": "event", "event": "output", "body": {"output": " ", "category": "stdout", "source": {}}, "seq": 726, "pydevd_cmd_id": 116} --  ctx: wait_for_message, asked at:
 --  File "C:\Users\rchiodo\source\repos\PyDev.Debugger\tests_python\test_debugger_json.py", line 1443, in test_case_sys_exit_multiple_exception_attach

Test Reader Thread Received Content-Length: 135

Test Reader Thread Received 

Test Reader Thread Received {"type": "event", "event": "output", "body": {"output": "8.3.3", "category": "stdout", "source": {}}, "seq": 728, "pydevd_cmd_id": 116}
Test Reader Thread Received Content-Length: 132

Test Reader Thread Received 

Test Reader Thread Received {"type": "event", "event": "output", "body": {"output": "\n", "category": "stdout", "source": {}}, "seq": 730, "pydevd_cmd_id": 116}
Message returned in get_next_message(): {"type": "event", "event": "output", "body": {"output": "8.3.3", "category": "stdout", "source": {}}, "seq": 728, "pydevd_cmd_id": 116} --  ctx: wait_for_message, asked at:
 --  File "C:\Users\rchiodo\source\repos\PyDev.Debugger\tests_python\test_debugger_json.py", line 1443, in test_case_sys_exit_multiple_exception_attach

Message returned in get_next_message(): {"type": "event", "event": "output", "body": {"output": "\n", "category": "stdout", "source": {}}, "seq": 730, "pydevd_cmd_id": 116} --  ctx: wait_for_message, asked at:
 --  File "C:\Users\rchiodo\source\repos\PyDev.Debugger\tests_python\test_debugger_json.py", line 1443, in test_case_sys_exit_multiple_exception_attach

stdout:     {0}=={1}
Test Reader Thread Received Content-Length: 144

Test Reader Thread Received 

Test Reader Thread Received {"type": "event", "event": "output", "body": {"output": "    {0}=={1}\n", "category": "stdout", "source": {}}, "seq": 732, "pydevd_cmd_id": 116}
Message returned in get_next_message(): {"type": "event", "event": "output", "body": {"output": "    {0}=={1}\n", "category": "stdout", "source": {}}, "seq": 732, "pydevd_cmd_id": 116} --  ctx: wait_for_message, asked at:
 --  File "C:\Users\rchiodo\source\repos\PyDev.Debugger\tests_python\test_debugger_json.py", line 1443, in test_case_sys_exit_multiple_exception_attach

Test Reader Thread Received Content-Length: 131

Test Reader Thread Received 

Test Reader Thread Received {"type": "event", "event": "output", "body": {"output": " ", "category": "stdout", "source": {}}, "seq": 734, "pydevd_cmd_id": 116}
Message returned in get_next_message(): {"type": "event", "event": "output", "body": {"output": " ", "category": "stdout", "source": {}}, "seq": 734, "pydevd_cmd_id": 116} --  ctx: wait_for_message, asked at:
 --  File "C:\Users\rchiodo\source\repos\PyDev.Debugger\tests_python\test_debugger_json.py", line 1443, in test_case_sys_exit_multiple_exception_attach

Test Reader Thread Received Content-Length: 140

Test Reader Thread Received 

Test Reader Thread Received {"type": "event", "event": "output", "body": {"output": "pytest-cov", "category": "stdout", "source": {}}, "seq": 736, "pydevd_cmd_id": 116}
Message returned in get_next_message(): {"type": "event", "event": "output", "body": {"output": "pytest-cov", "category": "stdout", "source": {}}, "seq": 736, "pydevd_cmd_id": 116} --  ctx: wait_for_message, asked at:
 --  File "C:\Users\rchiodo\source\repos\PyDev.Debugger\tests_python\test_debugger_json.py", line 1443, in test_case_sys_exit_multiple_exception_attach

Test Reader Thread Received Content-Length: 131

Test Reader Thread Received 

stdout:  pytest-cov 5.0.0
Test Reader Thread Received {"type": "event", "event": "output", "body": {"output": " ", "category": "stdout", "source": {}}, "seq": 738, "pydevd_cmd_id": 116}
Message returned in get_next_message(): {"type": "event", "event": "output", "body": {"output": " ", "category": "stdout", "source": {}}, "seq": 738, "pydevd_cmd_id": 116} --  ctx: wait_for_message, asked at:
 --  File "C:\Users\rchiodo\source\repos\PyDev.Debugger\tests_python\test_debugger_json.py", line 1443, in test_case_sys_exit_multiple_exception_attach

Test Reader Thread Received Content-Length: 135

Test Reader Thread Received 

Test Reader Thread Received {"type": "event", "event": "output", "body": {"output": "5.0.0", "category": "stdout", "source": {}}, "seq": 740, "pydevd_cmd_id": 116}
Message returned in get_next_message(): {"type": "event", "event": "output", "body": {"output": "5.0.0", "category": "stdout", "source": {}}, "seq": 740, "pydevd_cmd_id": 116} --  ctx: wait_for_message, asked at:
 --  File "C:\Users\rchiodo\source\repos\PyDev.Debugger\tests_python\test_debugger_json.py", line 1443, in test_case_sys_exit_multiple_exception_attach

Test Reader Thread Received Content-Length: 132

Test Reader Thread Received 

Test Reader Thread Received {"type": "event", "event": "output", "body": {"output": "\n", "category": "stdout", "source": {}}, "seq": 742, "pydevd_cmd_id": 116}
Message returned in get_next_message(): {"type": "event", "event": "output", "body": {"output": "\n", "category": "stdout", "source": {}}, "seq": 742, "pydevd_cmd_id": 116} --  ctx: wait_for_message, asked at:
 --  File "C:\Users\rchiodo\source\repos\PyDev.Debugger\tests_python\test_debugger_json.py", line 1443, in test_case_sys_exit_multiple_exception_attach

stdout:     {0}=={1}
Test Reader Thread Received Content-Length: 144

Test Reader Thread Received 

Test Reader Thread Received {"type": "event", "event": "output", "body": {"output": "    {0}=={1}\n", "category": "stdout", "source": {}}, "seq": 744, "pydevd_cmd_id": 116}
Message returned in get_next_message(): {"type": "event", "event": "output", "body": {"output": "    {0}=={1}\n", "category": "stdout", "source": {}}, "seq": 744, "pydevd_cmd_id": 116} --  ctx: wait_for_message, asked at:
 --  File "C:\Users\rchiodo\source\repos\PyDev.Debugger\tests_python\test_debugger_json.py", line 1443, in test_case_sys_exit_multiple_exception_attach

Test Reader Thread Received Content-Length: 131

Test Reader Thread Received 

Test Reader Thread Received {"type": "event", "event": "output", "body": {"output": " ", "category": "stdout", "source": {}}, "seq": 746, "pydevd_cmd_id": 116}
Message returned in get_next_message(): {"type": "event", "event": "output", "body": {"output": " ", "category": "stdout", "source": {}}, "seq": 746, "pydevd_cmd_id": 116} --  ctx: wait_for_message, asked at:
 --  File "C:\Users\rchiodo\source\repos\PyDev.Debugger\tests_python\test_debugger_json.py", line 1443, in test_case_sys_exit_multiple_exception_attach

Test Reader Thread Received Content-Length: 142

Test Reader Thread Received 

Test Reader Thread Received {"type": "event", "event": "output", "body": {"output": "pytest-retry", "category": "stdout", "source": {}}, "seq": 748, "pydevd_cmd_id": 116}
Message returned in get_next_message(): {"type": "event", "event": "output", "body": {"output": "pytest-retry", "category": "stdout", "source": {}}, "seq": 748, "pydevd_cmd_id": 116} --  ctx: wait_for_message, asked at:
 --  File "C:\Users\rchiodo\source\repos\PyDev.Debugger\tests_python\test_debugger_json.py", line 1443, in test_case_sys_exit_multiple_exception_attach

Test Reader Thread Received Content-Length: 131

Test Reader Thread Received 

stdout:  pytest-retry 1.6.3
Test Reader Thread Received {"type": "event", "event": "output", "body": {"output": " ", "category": "stdout", "source": {}}, "seq": 750, "pydevd_cmd_id": 116}
Message returned in get_next_message(): {"type": "event", "event": "output", "body": {"output": " ", "category": "stdout", "source": {}}, "seq": 750, "pydevd_cmd_id": 116} --  ctx: wait_for_message, asked at:
 --  File "C:\Users\rchiodo\source\repos\PyDev.Debugger\tests_python\test_debugger_json.py", line 1443, in test_case_sys_exit_multiple_exception_attach

Test Reader Thread Received Content-Length: 135

Test Reader Thread Received 

Test Reader Thread Received {"type": "event", "event": "output", "body": {"output": "1.6.3", "category": "stdout", "source": {}}, "seq": 752, "pydevd_cmd_id": 116}
Message returned in get_next_message(): {"type": "event", "event": "output", "body": {"output": "1.6.3", "category": "stdout", "source": {}}, "seq": 752, "pydevd_cmd_id": 116} --  ctx: wait_for_message, asked at:
 --  File "C:\Users\rchiodo\source\repos\PyDev.Debugger\tests_python\test_debugger_json.py", line 1443, in test_case_sys_exit_multiple_exception_attach

Test Reader Thread Received Content-Length: 132

Test Reader Thread Received 

Test Reader Thread Received {"type": "event", "event": "output", "body": {"output": "\n", "category": "stdout", "source": {}}, "seq": 754, "pydevd_cmd_id": 116}
Message returned in get_next_message(): {"type": "event", "event": "output", "body": {"output": "\n", "category": "stdout", "source": {}}, "seq": 754, "pydevd_cmd_id": 116} --  ctx: wait_for_message, asked at:
 --  File "C:\Users\rchiodo\source\repos\PyDev.Debugger\tests_python\test_debugger_json.py", line 1443, in test_case_sys_exit_multiple_exception_attach

stdout:     {0}=={1}
Test Reader Thread Received Content-Length: 144

Test Reader Thread Received 

Test Reader Thread Received {"type": "event", "event": "output", "body": {"output": "    {0}=={1}\n", "category": "stdout", "source": {}}, "seq": 756, "pydevd_cmd_id": 116}
Message returned in get_next_message(): {"type": "event", "event": "output", "body": {"output": "    {0}=={1}\n", "category": "stdout", "source": {}}, "seq": 756, "pydevd_cmd_id": 116} --  ctx: wait_for_message, asked at:
 --  File "C:\Users\rchiodo\source\repos\PyDev.Debugger\tests_python\test_debugger_json.py", line 1443, in test_case_sys_exit_multiple_exception_attach

Test Reader Thread Received Content-Length: 131

Test Reader Thread Received 

Test Reader Thread Received {"type": "event", "event": "output", "body": {"output": " ", "category": "stdout", "source": {}}, "seq": 758, "pydevd_cmd_id": 116}
Message returned in get_next_message(): {"type": "event", "event": "output", "body": {"output": " ", "category": "stdout", "source": {}}, "seq": 758, "pydevd_cmd_id": 116} --  ctx: wait_for_message, asked at:
 --  File "C:\Users\rchiodo\source\repos\PyDev.Debugger\tests_python\test_debugger_json.py", line 1443, in test_case_sys_exit_multiple_exception_attach

Test Reader Thread Received Content-Length: 144

Test Reader Thread Received 

stdout:  pytest-timeout 2.3.1
Test Reader Thread Received {"type": "event", "event": "output", "body": {"output": "pytest-timeout", "category": "stdout", "source": {}}, "seq": 760, "pydevd_cmd_id": 116}
Test Reader Thread Received Content-Length: 131

Test Reader Thread Received 

Message returned in get_next_message(): {"type": "event", "event": "output", "body": {"output": "pytest-timeout", "category": "stdout", "source": {}}, "seq": 760, "pydevd_cmd_id": 116} --  ctx: wait_for_message, asked at:
 --  File "C:\Users\rchiodo\source\repos\PyDev.Debugger\tests_python\test_debugger_json.py", line 1443, in test_case_sys_exit_multiple_exception_attach

Test Reader Thread Received {"type": "event", "event": "output", "body": {"output": " ", "category": "stdout", "source": {}}, "seq": 762, "pydevd_cmd_id": 116}
Message returned in get_next_message(): {"type": "event", "event": "output", "body": {"output": " ", "category": "stdout", "source": {}}, "seq": 762, "pydevd_cmd_id": 116} --  ctx: wait_for_message, asked at:
 --  File "C:\Users\rchiodo\source\repos\PyDev.Debugger\tests_python\test_debugger_json.py", line 1443, in test_case_sys_exit_multiple_exception_attach

Test Reader Thread Received Content-Length: 135

Test Reader Thread Received 

Test Reader Thread Received {"type": "event", "event": "output", "body": {"output": "2.3.1", "category": "stdout", "source": {}}, "seq": 764, "pydevd_cmd_id": 116}
Test Reader Thread Received Content-Length: 132

Test Reader Thread Received 

Test Reader Thread Received {"type": "event", "event": "output", "body": {"output": "\n", "category": "stdout", "source": {}}, "seq": 766, "pydevd_cmd_id": 116}
Message returned in get_next_message(): {"type": "event", "event": "output", "body": {"output": "2.3.1", "category": "stdout", "source": {}}, "seq": 764, "pydevd_cmd_id": 116} --  ctx: wait_for_message, asked at:
 --  File "C:\Users\rchiodo\source\repos\PyDev.Debugger\tests_python\test_debugger_json.py", line 1443, in test_case_sys_exit_multiple_exception_attach

Message returned in get_next_message(): {"type": "event", "event": "output", "body": {"output": "\n", "category": "stdout", "source": {}}, "seq": 766, "pydevd_cmd_id": 116} --  ctx: wait_for_message, asked at:
 --  File "C:\Users\rchiodo\source\repos\PyDev.Debugger\tests_python\test_debugger_json.py", line 1443, in test_case_sys_exit_multiple_exception_attach

stdout:     {0}=={1}
Test Reader Thread Received Content-Length: 144

Test Reader Thread Received 

Test Reader Thread Received {"type": "event", "event": "output", "body": {"output": "    {0}=={1}\n", "category": "stdout", "source": {}}, "seq": 768, "pydevd_cmd_id": 116}
Message returned in get_next_message(): {"type": "event", "event": "output", "body": {"output": "    {0}=={1}\n", "category": "stdout", "source": {}}, "seq": 768, "pydevd_cmd_id": 116} --  ctx: wait_for_message, asked at:
 --  File "C:\Users\rchiodo\source\repos\PyDev.Debugger\tests_python\test_debugger_json.py", line 1443, in test_case_sys_exit_multiple_exception_attach

Test Reader Thread Received Content-Length: 131

Test Reader Thread Received 

Test Reader Thread Received {"type": "event", "event": "output", "body": {"output": " ", "category": "stdout", "source": {}}, "seq": 770, "pydevd_cmd_id": 116}
Message returned in get_next_message(): {"type": "event", "event": "output", "body": {"output": " ", "category": "stdout", "source": {}}, "seq": 770, "pydevd_cmd_id": 116} --  ctx: wait_for_message, asked at:
 --  File "C:\Users\rchiodo\source\repos\PyDev.Debugger\tests_python\test_debugger_json.py", line 1443, in test_case_sys_exit_multiple_exception_attach

Test Reader Thread Received Content-Length: 142

Test Reader Thread Received 

stdout:  pytest-xdist 3.6.1
Test Reader Thread Received {"type": "event", "event": "output", "body": {"output": "pytest-xdist", "category": "stdout", "source": {}}, "seq": 772, "pydevd_cmd_id": 116}
Message returned in get_next_message(): {"type": "event", "event": "output", "body": {"output": "pytest-xdist", "category": "stdout", "source": {}}, "seq": 772, "pydevd_cmd_id": 116} --  ctx: wait_for_message, asked at:
 --  File "C:\Users\rchiodo\source\repos\PyDev.Debugger\tests_python\test_debugger_json.py", line 1443, in test_case_sys_exit_multiple_exception_attach

Test Reader Thread Received Content-Length: 131

Test Reader Thread Received 

Test Reader Thread Received {"type": "event", "event": "output", "body": {"output": " ", "category": "stdout", "source": {}}, "seq": 774, "pydevd_cmd_id": 116}
Message returned in get_next_message(): {"type": "event", "event": "output", "body": {"output": " ", "category": "stdout", "source": {}}, "seq": 774, "pydevd_cmd_id": 116} --  ctx: wait_for_message, asked at:
 --  File "C:\Users\rchiodo\source\repos\PyDev.Debugger\tests_python\test_debugger_json.py", line 1443, in test_case_sys_exit_multiple_exception_attach

Test Reader Thread Received Content-Length: 135

Test Reader Thread Received 

Test Reader Thread Received {"type": "event", "event": "output", "body": {"output": "3.6.1", "category": "stdout", "source": {}}, "seq": 776, "pydevd_cmd_id": 116}
Test Reader Thread Received Content-Length: 132

Test Reader Thread Received 

Test Reader Thread Received {"type": "event", "event": "output", "body": {"output": "\n", "category": "stdout", "source": {}}, "seq": 778, "pydevd_cmd_id": 116}
Message returned in get_next_message(): {"type": "event", "event": "output", "body": {"output": "3.6.1", "category": "stdout", "source": {}}, "seq": 776, "pydevd_cmd_id": 116} --  ctx: wait_for_message, asked at:
 --  File "C:\Users\rchiodo\source\repos\PyDev.Debugger\tests_python\test_debugger_json.py", line 1443, in test_case_sys_exit_multiple_exception_attach

Message returned in get_next_message(): {"type": "event", "event": "output", "body": {"output": "\n", "category": "stdout", "source": {}}, "seq": 778, "pydevd_cmd_id": 116} --  ctx: wait_for_message, asked at:
 --  File "C:\Users\rchiodo\source\repos\PyDev.Debugger\tests_python\test_debugger_json.py", line 1443, in test_case_sys_exit_multiple_exception_attach

stdout:     {0}=={1}
Test Reader Thread Received Content-Length: 144

Test Reader Thread Received 

Test Reader Thread Received {"type": "event", "event": "output", "body": {"output": "    {0}=={1}\n", "category": "stdout", "source": {}}, "seq": 780, "pydevd_cmd_id": 116}
Message returned in get_next_message(): {"type": "event", "event": "output", "body": {"output": "    {0}=={1}\n", "category": "stdout", "source": {}}, "seq": 780, "pydevd_cmd_id": 116} --  ctx: wait_for_message, asked at:
 --  File "C:\Users\rchiodo\source\repos\PyDev.Debugger\tests_python\test_debugger_json.py", line 1443, in test_case_sys_exit_multiple_exception_attach

Test Reader Thread Received Content-Length: 131

Test Reader Thread Received 

Test Reader Thread Received {"type": "event", "event": "output", "body": {"output": " ", "category": "stdout", "source": {}}, "seq": 782, "pydevd_cmd_id": 116}
Test Reader Thread Received Content-Length: 145

Test Reader Thread Received 

Test Reader Thread Received {"type": "event", "event": "output", "body": {"output": "python-dateutil", "category": "stdout", "source": {}}, "seq": 784, "pydevd_cmd_id": 116}
Message returned in get_next_message(): {"type": "event", "event": "output", "body": {"output": " ", "category": "stdout", "source": {}}, "seq": 782, "pydevd_cmd_id": 116} --  ctx: wait_for_message, asked at:
 --  File "C:\Users\rchiodo\source\repos\PyDev.Debugger\tests_python\test_debugger_json.py", line 1443, in test_case_sys_exit_multiple_exception_attach

stdout:  python-dateutil 2.9.0.post0
Test Reader Thread Received Content-Length: 131

Test Reader Thread Received 

Message returned in get_next_message(): {"type": "event", "event": "output", "body": {"output": "python-dateutil", "category": "stdout", "source": {}}, "seq": 784, "pydevd_cmd_id": 116} --  ctx: wait_for_message, asked at:
 --  File "C:\Users\rchiodo\source\repos\PyDev.Debugger\tests_python\test_debugger_json.py", line 1443, in test_case_sys_exit_multiple_exception_attach

Test Reader Thread Received {"type": "event", "event": "output", "body": {"output": " ", "category": "stdout", "source": {}}, "seq": 786, "pydevd_cmd_id": 116}
Message returned in get_next_message(): {"type": "event", "event": "output", "body": {"output": " ", "category": "stdout", "source": {}}, "seq": 786, "pydevd_cmd_id": 116} --  ctx: wait_for_message, asked at:
 --  File "C:\Users\rchiodo\source\repos\PyDev.Debugger\tests_python\test_debugger_json.py", line 1443, in test_case_sys_exit_multiple_exception_attach

Test Reader Thread Received Content-Length: 141

Test Reader Thread Received 

Test Reader Thread Received {"type": "event", "event": "output", "body": {"output": "2.9.0.post0", "category": "stdout", "source": {}}, "seq": 788, "pydevd_cmd_id": 116}
Test Reader Thread Received Content-Length: 132

Test Reader Thread Received 

Test Reader Thread Received {"type": "event", "event": "output", "body": {"output": "\n", "category": "stdout", "source": {}}, "seq": 790, "pydevd_cmd_id": 116}
Message returned in get_next_message(): {"type": "event", "event": "output", "body": {"output": "2.9.0.post0", "category": "stdout", "source": {}}, "seq": 788, "pydevd_cmd_id": 116} --  ctx: wait_for_message, asked at:
 --  File "C:\Users\rchiodo\source\repos\PyDev.Debugger\tests_python\test_debugger_json.py", line 1443, in test_case_sys_exit_multiple_exception_attach

Message returned in get_next_message(): {"type": "event", "event": "output", "body": {"output": "\n", "category": "stdout", "source": {}}, "seq": 790, "pydevd_cmd_id": 116} --  ctx: wait_for_message, asked at:
 --  File "C:\Users\rchiodo\source\repos\PyDev.Debugger\tests_python\test_debugger_json.py", line 1443, in test_case_sys_exit_multiple_exception_attach

stdout:     {0}=={1}
Test Reader Thread Received Content-Length: 144

Test Reader Thread Received 

Test Reader Thread Received {"type": "event", "event": "output", "body": {"output": "    {0}=={1}\n", "category": "stdout", "source": {}}, "seq": 792, "pydevd_cmd_id": 116}
Message returned in get_next_message(): {"type": "event", "event": "output", "body": {"output": "    {0}=={1}\n", "category": "stdout", "source": {}}, "seq": 792, "pydevd_cmd_id": 116} --  ctx: wait_for_message, asked at:
 --  File "C:\Users\rchiodo\source\repos\PyDev.Debugger\tests_python\test_debugger_json.py", line 1443, in test_case_sys_exit_multiple_exception_attach

Test Reader Thread Received Content-Length: 131

Test Reader Thread Received 

Test Reader Thread Received {"type": "event", "event": "output", "body": {"output": " ", "category": "stdout", "source": {}}, "seq": 794, "pydevd_cmd_id": 116}
Message returned in get_next_message(): {"type": "event", "event": "output", "body": {"output": " ", "category": "stdout", "source": {}}, "seq": 794, "pydevd_cmd_id": 116} --  ctx: wait_for_message, asked at:
 --  File "C:\Users\rchiodo\source\repos\PyDev.Debugger\tests_python\test_debugger_json.py", line 1443, in test_case_sys_exit_multiple_exception_attach

Test Reader Thread Received Content-Length: 134

Test Reader Thread Received 

Test Reader Thread Received {"type": "event", "event": "output", "body": {"output": "pytz", "category": "stdout", "source": {}}, "seq": 796, "pydevd_cmd_id": 116}
Test Reader Thread Received Content-Length: 131

Test Reader Thread Received 

Message returned in get_next_message(): {"type": "event", "event": "output", "body": {"output": "pytz", "category": "stdout", "source": {}}, "seq": 796, "pydevd_cmd_id": 116} --  ctx: wait_for_message, asked at:
 --  File "C:\Users\rchiodo\source\repos\PyDev.Debugger\tests_python\test_debugger_json.py", line 1443, in test_case_sys_exit_multiple_exception_attach

stdout:  pytz 2024.2
Test Reader Thread Received {"type": "event", "event": "output", "body": {"output": " ", "category": "stdout", "source": {}}, "seq": 798, "pydevd_cmd_id": 116}
Message returned in get_next_message(): {"type": "event", "event": "output", "body": {"output": " ", "category": "stdout", "source": {}}, "seq": 798, "pydevd_cmd_id": 116} --  ctx: wait_for_message, asked at:
 --  File "C:\Users\rchiodo\source\repos\PyDev.Debugger\tests_python\test_debugger_json.py", line 1443, in test_case_sys_exit_multiple_exception_attach

Test Reader Thread Received Content-Length: 136

Test Reader Thread Received 

Test Reader Thread Received {"type": "event", "event": "output", "body": {"output": "2024.2", "category": "stdout", "source": {}}, "seq": 800, "pydevd_cmd_id": 116}
Message returned in get_next_message(): {"type": "event", "event": "output", "body": {"output": "2024.2", "category": "stdout", "source": {}}, "seq": 800, "pydevd_cmd_id": 116} --  ctx: wait_for_message, asked at:
 --  File "C:\Users\rchiodo\source\repos\PyDev.Debugger\tests_python\test_debugger_json.py", line 1443, in test_case_sys_exit_multiple_exception_attach

Test Reader Thread Received Content-Length: 132

Test Reader Thread Received 

Test Reader Thread Received {"type": "event", "event": "output", "body": {"output": "\n", "category": "stdout", "source": {}}, "seq": 802, "pydevd_cmd_id": 116}
Message returned in get_next_message(): {"type": "event", "event": "output", "body": {"output": "\n", "category": "stdout", "source": {}}, "seq": 802, "pydevd_cmd_id": 116} --  ctx: wait_for_message, asked at:
 --  File "C:\Users\rchiodo\source\repos\PyDev.Debugger\tests_python\test_debugger_json.py", line 1443, in test_case_sys_exit_multiple_exception_attach

stdout:     {0}=={1}
Test Reader Thread Received Content-Length: 144

Test Reader Thread Received 

Test Reader Thread Received {"type": "event", "event": "output", "body": {"output": "    {0}=={1}\n", "category": "stdout", "source": {}}, "seq": 804, "pydevd_cmd_id": 116}
Message returned in get_next_message(): {"type": "event", "event": "output", "body": {"output": "    {0}=={1}\n", "category": "stdout", "source": {}}, "seq": 804, "pydevd_cmd_id": 116} --  ctx: wait_for_message, asked at:
 --  File "C:\Users\rchiodo\source\repos\PyDev.Debugger\tests_python\test_debugger_json.py", line 1443, in test_case_sys_exit_multiple_exception_attach

Test Reader Thread Received Content-Length: 131
stdout:  requests 2.32.3

Test Reader Thread Received 

Test Reader Thread Received {"type": "event", "event": "output", "body": {"output": " ", "category": "stdout", "source": {}}, "seq": 806, "pydevd_cmd_id": 116}
Message returned in get_next_message(): {"type": "event", "event": "output", "body": {"output": " ", "category": "stdout", "source": {}}, "seq": 806, "pydevd_cmd_id": 116} --  ctx: wait_for_message, asked at:
 --  File "C:\Users\rchiodo\source\repos\PyDev.Debugger\tests_python\test_debugger_json.py", line 1443, in test_case_sys_exit_multiple_exception_attach

Test Reader Thread Received Content-Length: 138

Test Reader Thread Received 

Test Reader Thread Received {"type": "event", "event": "output", "body": {"output": "requests", "category": "stdout", "source": {}}, "seq": 808, "pydevd_cmd_id": 116}
Message returned in get_next_message(): {"type": "event", "event": "output", "body": {"output": "requests", "category": "stdout", "source": {}}, "seq": 808, "pydevd_cmd_id": 116} --  ctx: wait_for_message, asked at:
 --  File "C:\Users\rchiodo\source\repos\PyDev.Debugger\tests_python\test_debugger_json.py", line 1443, in test_case_sys_exit_multiple_exception_attach

Test Reader Thread Received Content-Length: 131

Test Reader Thread Received 

Test Reader Thread Received {"type": "event", "event": "output", "body": {"output": " ", "category": "stdout", "source": {}}, "seq": 810, "pydevd_cmd_id": 116}
Message returned in get_next_message(): {"type": "event", "event": "output", "body": {"output": " ", "category": "stdout", "source": {}}, "seq": 810, "pydevd_cmd_id": 116} --  ctx: wait_for_message, asked at:
 --  File "C:\Users\rchiodo\source\repos\PyDev.Debugger\tests_python\test_debugger_json.py", line 1443, in test_case_sys_exit_multiple_exception_attach

Test Reader Thread Received Content-Length: 136

Test Reader Thread Received 

Test Reader Thread Received {"type": "event", "event": "output", "body": {"output": "2.32.3", "category": "stdout", "source": {}}, "seq": 812, "pydevd_cmd_id": 116}
Test Reader Thread Received Content-Length: 132

Test Reader Thread Received 

Test Reader Thread Received {"type": "event", "event": "output", "body": {"output": "\n", "category": "stdout", "source": {}}, "seq": 814, "pydevd_cmd_id": 116}
Message returned in get_next_message(): {"type": "event", "event": "output", "body": {"output": "2.32.3", "category": "stdout", "source": {}}, "seq": 812, "pydevd_cmd_id": 116} --  ctx: wait_for_message, asked at:
 --  File "C:\Users\rchiodo\source\repos\PyDev.Debugger\tests_python\test_debugger_json.py", line 1443, in test_case_sys_exit_multiple_exception_attach

Message returned in get_next_message(): {"type": "event", "event": "output", "body": {"output": "\n", "category": "stdout", "source": {}}, "seq": 814, "pydevd_cmd_id": 116} --  ctx: wait_for_message, asked at:
 --  File "C:\Users\rchiodo\source\repos\PyDev.Debugger\tests_python\test_debugger_json.py", line 1443, in test_case_sys_exit_multiple_exception_attach

stdout:     {0}=={1}
Test Reader Thread Received Content-Length: 144

Test Reader Thread Received 

Test Reader Thread Received {"type": "event", "event": "output", "body": {"output": "    {0}=={1}\n", "category": "stdout", "source": {}}, "seq": 816, "pydevd_cmd_id": 116}
Message returned in get_next_message(): {"type": "event", "event": "output", "body": {"output": "    {0}=={1}\n", "category": "stdout", "source": {}}, "seq": 816, "pydevd_cmd_id": 116} --  ctx: wait_for_message, asked at:
 --  File "C:\Users\rchiodo\source\repos\PyDev.Debugger\tests_python\test_debugger_json.py", line 1443, in test_case_sys_exit_multiple_exception_attach

Test Reader Thread Received Content-Length: 131

Test Reader Thread Received 

Test Reader Thread Received {"type": "event", "event": "output", "body": {"output": " ", "category": "stdout", "source": {}}, "seq": 818, "pydevd_cmd_id": 116}
Message returned in get_next_message(): {"type": "event", "event": "output", "body": {"output": " ", "category": "stdout", "source": {}}, "seq": 818, "pydevd_cmd_id": 116} --  ctx: wait_for_message, asked at:
 --  File "C:\Users\rchiodo\source\repos\PyDev.Debugger\tests_python\test_debugger_json.py", line 1443, in test_case_sys_exit_multiple_exception_attach

Test Reader Thread Received Content-Length: 134

Test Reader Thread Received 

Test Reader Thread Received {"type": "event", "event": "output", "body": {"output": "ruff", "category": "stdout", "source": {}}, "seq": 820, "pydevd_cmd_id": 116}
Message returned in get_next_message(): {"type": "event", "event": "output", "body": {"output": "ruff", "category": "stdout", "source": {}}, "seq": 820, "pydevd_cmd_id": 116} --  ctx: wait_for_message, asked at:
 --  File "C:\Users\rchiodo\source\repos\PyDev.Debugger\tests_python\test_debugger_json.py", line 1443, in test_case_sys_exit_multiple_exception_attach

stdout:  ruff 0.7.0
Test Reader Thread Received Content-Length: 131

Test Reader Thread Received 

Test Reader Thread Received {"type": "event", "event": "output", "body": {"output": " ", "category": "stdout", "source": {}}, "seq": 822, "pydevd_cmd_id": 116}
Message returned in get_next_message(): {"type": "event", "event": "output", "body": {"output": " ", "category": "stdout", "source": {}}, "seq": 822, "pydevd_cmd_id": 116} --  ctx: wait_for_message, asked at:
 --  File "C:\Users\rchiodo\source\repos\PyDev.Debugger\tests_python\test_debugger_json.py", line 1443, in test_case_sys_exit_multiple_exception_attach

Test Reader Thread Received Content-Length: 135

Test Reader Thread Received 

Test Reader Thread Received {"type": "event", "event": "output", "body": {"output": "0.7.0", "category": "stdout", "source": {}}, "seq": 824, "pydevd_cmd_id": 116}
Message returned in get_next_message(): {"type": "event", "event": "output", "body": {"output": "0.7.0", "category": "stdout", "source": {}}, "seq": 824, "pydevd_cmd_id": 116} --  ctx: wait_for_message, asked at:
 --  File "C:\Users\rchiodo\source\repos\PyDev.Debugger\tests_python\test_debugger_json.py", line 1443, in test_case_sys_exit_multiple_exception_attach

Test Reader Thread Received Content-Length: 132

Test Reader Thread Received 

Test Reader Thread Received {"type": "event", "event": "output", "body": {"output": "\n", "category": "stdout", "source": {}}, "seq": 826, "pydevd_cmd_id": 116}
Message returned in get_next_message(): {"type": "event", "event": "output", "body": {"output": "\n", "category": "stdout", "source": {}}, "seq": 826, "pydevd_cmd_id": 116} --  ctx: wait_for_message, asked at:
 --  File "C:\Users\rchiodo\source\repos\PyDev.Debugger\tests_python\test_debugger_json.py", line 1443, in test_case_sys_exit_multiple_exception_attach

stdout:     {0}=={1}
Test Reader Thread Received Content-Length: 144

Test Reader Thread Received 

Test Reader Thread Received {"type": "event", "event": "output", "body": {"output": "    {0}=={1}\n", "category": "stdout", "source": {}}, "seq": 828, "pydevd_cmd_id": 116}
Message returned in get_next_message(): {"type": "event", "event": "output", "body": {"output": "    {0}=={1}\n", "category": "stdout", "source": {}}, "seq": 828, "pydevd_cmd_id": 116} --  ctx: wait_for_message, asked at:
 --  File "C:\Users\rchiodo\source\repos\PyDev.Debugger\tests_python\test_debugger_json.py", line 1443, in test_case_sys_exit_multiple_exception_attach

Test Reader Thread Received Content-Length: 131

Test Reader Thread Received 

Test Reader Thread Received {"type": "event", "event": "output", "body": {"output": " ", "category": "stdout", "source": {}}, "seq": 830, "pydevd_cmd_id": 116}
stdout:  setuptools 73.0.1
Message returned in get_next_message(): {"type": "event", "event": "output", "body": {"output": " ", "category": "stdout", "source": {}}, "seq": 830, "pydevd_cmd_id": 116} --  ctx: wait_for_message, asked at:
 --  File "C:\Users\rchiodo\source\repos\PyDev.Debugger\tests_python\test_debugger_json.py", line 1443, in test_case_sys_exit_multiple_exception_attach

Test Reader Thread Received Content-Length: 140

Test Reader Thread Received 

Test Reader Thread Received {"type": "event", "event": "output", "body": {"output": "setuptools", "category": "stdout", "source": {}}, "seq": 832, "pydevd_cmd_id": 116}
Test Reader Thread Received Content-Length: 131

Test Reader Thread Received 

Message returned in get_next_message(): {"type": "event", "event": "output", "body": {"output": "setuptools", "category": "stdout", "source": {}}, "seq": 832, "pydevd_cmd_id": 116} --  ctx: wait_for_message, asked at:
 --  File "C:\Users\rchiodo\source\repos\PyDev.Debugger\tests_python\test_debugger_json.py", line 1443, in test_case_sys_exit_multiple_exception_attach

Test Reader Thread Received {"type": "event", "event": "output", "body": {"output": " ", "category": "stdout", "source": {}}, "seq": 834, "pydevd_cmd_id": 116}
Test Reader Thread Received Content-Length: 136

Test Reader Thread Received 

Test Reader Thread Received {"type": "event", "event": "output", "body": {"output": "73.0.1", "category": "stdout", "source": {}}, "seq": 836, "pydevd_cmd_id": 116}
Test Reader Thread Received Content-Length: 132

Test Reader Thread Received 

Test Reader Thread Received {"type": "event", "event": "output", "body": {"output": "\n", "category": "stdout", "source": {}}, "seq": 838, "pydevd_cmd_id": 116}
Message returned in get_next_message(): {"type": "event", "event": "output", "body": {"output": " ", "category": "stdout", "source": {}}, "seq": 834, "pydevd_cmd_id": 116} --  ctx: wait_for_message, asked at:
 --  File "C:\Users\rchiodo\source\repos\PyDev.Debugger\tests_python\test_debugger_json.py", line 1443, in test_case_sys_exit_multiple_exception_attach

Message returned in get_next_message(): {"type": "event", "event": "output", "body": {"output": "73.0.1", "category": "stdout", "source": {}}, "seq": 836, "pydevd_cmd_id": 116} --  ctx: wait_for_message, asked at:
 --  File "C:\Users\rchiodo\source\repos\PyDev.Debugger\tests_python\test_debugger_json.py", line 1443, in test_case_sys_exit_multiple_exception_attach

Message returned in get_next_message(): {"type": "event", "event": "output", "body": {"output": "\n", "category": "stdout", "source": {}}, "seq": 838, "pydevd_cmd_id": 116} --  ctx: wait_for_message, asked at:
 --  File "C:\Users\rchiodo\source\repos\PyDev.Debugger\tests_python\test_debugger_json.py", line 1443, in test_case_sys_exit_multiple_exception_attach

stdout:     {0}=={1}
Test Reader Thread Received Content-Length: 144

Test Reader Thread Received 

Test Reader Thread Received {"type": "event", "event": "output", "body": {"output": "    {0}=={1}\n", "category": "stdout", "source": {}}, "seq": 840, "pydevd_cmd_id": 116}
Message returned in get_next_message(): {"type": "event", "event": "output", "body": {"output": "    {0}=={1}\n", "category": "stdout", "source": {}}, "seq": 840, "pydevd_cmd_id": 116} --  ctx: wait_for_message, asked at:
 --  File "C:\Users\rchiodo\source\repos\PyDev.Debugger\tests_python\test_debugger_json.py", line 1443, in test_case_sys_exit_multiple_exception_attach

Test Reader Thread Received Content-Length: 131

Test Reader Thread Received 

Test Reader Thread Received {"type": "event", "event": "output", "body": {"output": " ", "category": "stdout", "source": {}}, "seq": 842, "pydevd_cmd_id": 116}
Message returned in get_next_message(): {"type": "event", "event": "output", "body": {"output": " ", "category": "stdout", "source": {}}, "seq": 842, "pydevd_cmd_id": 116} --  ctx: wait_for_message, asked at:
 --  File "C:\Users\rchiodo\source\repos\PyDev.Debugger\tests_python\test_debugger_json.py", line 1443, in test_case_sys_exit_multiple_exception_attach

stdout:  six 1.16.0
Test Reader Thread Received Content-Length: 133

Test Reader Thread Received 

Test Reader Thread Received {"type": "event", "event": "output", "body": {"output": "six", "category": "stdout", "source": {}}, "seq": 844, "pydevd_cmd_id": 116}
Message returned in get_next_message(): {"type": "event", "event": "output", "body": {"output": "six", "category": "stdout", "source": {}}, "seq": 844, "pydevd_cmd_id": 116} --  ctx: wait_for_message, asked at:
 --  File "C:\Users\rchiodo\source\repos\PyDev.Debugger\tests_python\test_debugger_json.py", line 1443, in test_case_sys_exit_multiple_exception_attach

Test Reader Thread Received Content-Length: 131

Test Reader Thread Received 

Test Reader Thread Received {"type": "event", "event": "output", "body": {"output": " ", "category": "stdout", "source": {}}, "seq": 846, "pydevd_cmd_id": 116}
Message returned in get_next_message(): {"type": "event", "event": "output", "body": {"output": " ", "category": "stdout", "source": {}}, "seq": 846, "pydevd_cmd_id": 116} --  ctx: wait_for_message, asked at:
 --  File "C:\Users\rchiodo\source\repos\PyDev.Debugger\tests_python\test_debugger_json.py", line 1443, in test_case_sys_exit_multiple_exception_attach

Test Reader Thread Received Content-Length: 136

Test Reader Thread Received 

Test Reader Thread Received {"type": "event", "event": "output", "body": {"output": "1.16.0", "category": "stdout", "source": {}}, "seq": 848, "pydevd_cmd_id": 116}
Message returned in get_next_message(): {"type": "event", "event": "output", "body": {"output": "1.16.0", "category": "stdout", "source": {}}, "seq": 848, "pydevd_cmd_id": 116} --  ctx: wait_for_message, asked at:
 --  File "C:\Users\rchiodo\source\repos\PyDev.Debugger\tests_python\test_debugger_json.py", line 1443, in test_case_sys_exit_multiple_exception_attach

Test Reader Thread Received Content-Length: 132

Test Reader Thread Received 

Test Reader Thread Received {"type": "event", "event": "output", "body": {"output": "\n", "category": "stdout", "source": {}}, "seq": 850, "pydevd_cmd_id": 116}
Message returned in get_next_message(): {"type": "event", "event": "output", "body": {"output": "\n", "category": "stdout", "source": {}}, "seq": 850, "pydevd_cmd_id": 116} --  ctx: wait_for_message, asked at:
 --  File "C:\Users\rchiodo\source\repos\PyDev.Debugger\tests_python\test_debugger_json.py", line 1443, in test_case_sys_exit_multiple_exception_attach

stdout:     {0}=={1}
Test Reader Thread Received Content-Length: 144

Test Reader Thread Received 

Test Reader Thread Received {"type": "event", "event": "output", "body": {"output": "    {0}=={1}\n", "category": "stdout", "source": {}}, "seq": 852, "pydevd_cmd_id": 116}
Message returned in get_next_message(): {"type": "event", "event": "output", "body": {"output": "    {0}=={1}\n", "category": "stdout", "source": {}}, "seq": 852, "pydevd_cmd_id": 116} --  ctx: wait_for_message, asked at:
 --  File "C:\Users\rchiodo\source\repos\PyDev.Debugger\tests_python\test_debugger_json.py", line 1443, in test_case_sys_exit_multiple_exception_attach

Test Reader Thread Received Content-Length: 131

Test Reader Thread Received 

Test Reader Thread Received {"type": "event", "event": "output", "body": {"output": " ", "category": "stdout", "source": {}}, "seq": 854, "pydevd_cmd_id": 116}
stdout:  sniffio 1.3.1
Message returned in get_next_message(): {"type": "event", "event": "output", "body": {"output": " ", "category": "stdout", "source": {}}, "seq": 854, "pydevd_cmd_id": 116} --  ctx: wait_for_message, asked at:
 --  File "C:\Users\rchiodo\source\repos\PyDev.Debugger\tests_python\test_debugger_json.py", line 1443, in test_case_sys_exit_multiple_exception_attach

Test Reader Thread Received Content-Length: 137

Test Reader Thread Received 

Test Reader Thread Received {"type": "event", "event": "output", "body": {"output": "sniffio", "category": "stdout", "source": {}}, "seq": 856, "pydevd_cmd_id": 116}
Message returned in get_next_message(): {"type": "event", "event": "output", "body": {"output": "sniffio", "category": "stdout", "source": {}}, "seq": 856, "pydevd_cmd_id": 116} --  ctx: wait_for_message, asked at:
 --  File "C:\Users\rchiodo\source\repos\PyDev.Debugger\tests_python\test_debugger_json.py", line 1443, in test_case_sys_exit_multiple_exception_attach

Test Reader Thread Received Content-Length: 131

Test Reader Thread Received 

Test Reader Thread Received {"type": "event", "event": "output", "body": {"output": " ", "category": "stdout", "source": {}}, "seq": 858, "pydevd_cmd_id": 116}
Message returned in get_next_message(): {"type": "event", "event": "output", "body": {"output": " ", "category": "stdout", "source": {}}, "seq": 858, "pydevd_cmd_id": 116} --  ctx: wait_for_message, asked at:
 --  File "C:\Users\rchiodo\source\repos\PyDev.Debugger\tests_python\test_debugger_json.py", line 1443, in test_case_sys_exit_multiple_exception_attach

Test Reader Thread Received Content-Length: 135

Test Reader Thread Received 

Test Reader Thread Received {"type": "event", "event": "output", "body": {"output": "1.3.1", "category": "stdout", "source": {}}, "seq": 860, "pydevd_cmd_id": 116}
Test Reader Thread Received Content-Length: 132

Test Reader Thread Received 

Test Reader Thread Received {"type": "event", "event": "output", "body": {"output": "\n", "category": "stdout", "source": {}}, "seq": 862, "pydevd_cmd_id": 116}
Message returned in get_next_message(): {"type": "event", "event": "output", "body": {"output": "1.3.1", "category": "stdout", "source": {}}, "seq": 860, "pydevd_cmd_id": 116} --  ctx: wait_for_message, asked at:
 --  File "C:\Users\rchiodo\source\repos\PyDev.Debugger\tests_python\test_debugger_json.py", line 1443, in test_case_sys_exit_multiple_exception_attach

Message returned in get_next_message(): {"type": "event", "event": "output", "body": {"output": "\n", "category": "stdout", "source": {}}, "seq": 862, "pydevd_cmd_id": 116} --  ctx: wait_for_message, asked at:
 --  File "C:\Users\rchiodo\source\repos\PyDev.Debugger\tests_python\test_debugger_json.py", line 1443, in test_case_sys_exit_multiple_exception_attach

stdout:     {0}=={1}
Test Reader Thread Received Content-Length: 144

Test Reader Thread Received 

Test Reader Thread Received {"type": "event", "event": "output", "body": {"output": "    {0}=={1}\n", "category": "stdout", "source": {}}, "seq": 864, "pydevd_cmd_id": 116}
Message returned in get_next_message(): {"type": "event", "event": "output", "body": {"output": "    {0}=={1}\n", "category": "stdout", "source": {}}, "seq": 864, "pydevd_cmd_id": 116} --  ctx: wait_for_message, asked at:
 --  File "C:\Users\rchiodo\source\repos\PyDev.Debugger\tests_python\test_debugger_json.py", line 1443, in test_case_sys_exit_multiple_exception_attach

Test Reader Thread Received Content-Length: 131

Test Reader Thread Received 

Test Reader Thread Received {"type": "event", "event": "output", "body": {"output": " ", "category": "stdout", "source": {}}, "seq": 866, "pydevd_cmd_id": 116}
Message returned in get_next_message(): {"type": "event", "event": "output", "body": {"output": " ", "category": "stdout", "source": {}}, "seq": 866, "pydevd_cmd_id": 116} --  ctx: wait_for_message, asked at:
 --  File "C:\Users\rchiodo\source\repos\PyDev.Debugger\tests_python\test_debugger_json.py", line 1443, in test_case_sys_exit_multiple_exception_attach

Test Reader Thread Received Content-Length: 146

Test Reader Thread Received 

stdout:  sortedcontainers 2.4.0
Test Reader Thread Received {"type": "event", "event": "output", "body": {"output": "sortedcontainers", "category": "stdout", "source": {}}, "seq": 868, "pydevd_cmd_id": 116}
Message returned in get_next_message(): {"type": "event", "event": "output", "body": {"output": "sortedcontainers", "category": "stdout", "source": {}}, "seq": 868, "pydevd_cmd_id": 116} --  ctx: wait_for_message, asked at:
 --  File "C:\Users\rchiodo\source\repos\PyDev.Debugger\tests_python\test_debugger_json.py", line 1443, in test_case_sys_exit_multiple_exception_attach

Test Reader Thread Received Content-Length: 131

Test Reader Thread Received 

Test Reader Thread Received {"type": "event", "event": "output", "body": {"output": " ", "category": "stdout", "source": {}}, "seq": 870, "pydevd_cmd_id": 116}
Message returned in get_next_message(): {"type": "event", "event": "output", "body": {"output": " ", "category": "stdout", "source": {}}, "seq": 870, "pydevd_cmd_id": 116} --  ctx: wait_for_message, asked at:
 --  File "C:\Users\rchiodo\source\repos\PyDev.Debugger\tests_python\test_debugger_json.py", line 1443, in test_case_sys_exit_multiple_exception_attach

Test Reader Thread Received Content-Length: 135

Test Reader Thread Received 

Test Reader Thread Received {"type": "event", "event": "output", "body": {"output": "2.4.0", "category": "stdout", "source": {}}, "seq": 872, "pydevd_cmd_id": 116}
Test Reader Thread Received Content-Length: 132

Test Reader Thread Received 

Test Reader Thread Received {"type": "event", "event": "output", "body": {"output": "\n", "category": "stdout", "source": {}}, "seq": 874, "pydevd_cmd_id": 116}
Message returned in get_next_message(): {"type": "event", "event": "output", "body": {"output": "2.4.0", "category": "stdout", "source": {}}, "seq": 872, "pydevd_cmd_id": 116} --  ctx: wait_for_message, asked at:
 --  File "C:\Users\rchiodo\source\repos\PyDev.Debugger\tests_python\test_debugger_json.py", line 1443, in test_case_sys_exit_multiple_exception_attach

Message returned in get_next_message(): {"type": "event", "event": "output", "body": {"output": "\n", "category": "stdout", "source": {}}, "seq": 874, "pydevd_cmd_id": 116} --  ctx: wait_for_message, asked at:
 --  File "C:\Users\rchiodo\source\repos\PyDev.Debugger\tests_python\test_debugger_json.py", line 1443, in test_case_sys_exit_multiple_exception_attach

stdout:     {0}=={1}
Test Reader Thread Received Content-Length: 144

Test Reader Thread Received 

Test Reader Thread Received {"type": "event", "event": "output", "body": {"output": "    {0}=={1}\n", "category": "stdout", "source": {}}, "seq": 876, "pydevd_cmd_id": 116}
Message returned in get_next_message(): {"type": "event", "event": "output", "body": {"output": "    {0}=={1}\n", "category": "stdout", "source": {}}, "seq": 876, "pydevd_cmd_id": 116} --  ctx: wait_for_message, asked at:
 --  File "C:\Users\rchiodo\source\repos\PyDev.Debugger\tests_python\test_debugger_json.py", line 1443, in test_case_sys_exit_multiple_exception_attach

Test Reader Thread Received Content-Length: 131

Test Reader Thread Received 

stdout:  sqlparse 0.5.1
Test Reader Thread Received {"type": "event", "event": "output", "body": {"output": " ", "category": "stdout", "source": {}}, "seq": 878, "pydevd_cmd_id": 116}
Message returned in get_next_message(): {"type": "event", "event": "output", "body": {"output": " ", "category": "stdout", "source": {}}, "seq": 878, "pydevd_cmd_id": 116} --  ctx: wait_for_message, asked at:
 --  File "C:\Users\rchiodo\source\repos\PyDev.Debugger\tests_python\test_debugger_json.py", line 1443, in test_case_sys_exit_multiple_exception_attach

Test Reader Thread Received Content-Length: 138

Test Reader Thread Received 

Test Reader Thread Received {"type": "event", "event": "output", "body": {"output": "sqlparse", "category": "stdout", "source": {}}, "seq": 880, "pydevd_cmd_id": 116}
Message returned in get_next_message(): {"type": "event", "event": "output", "body": {"output": "sqlparse", "category": "stdout", "source": {}}, "seq": 880, "pydevd_cmd_id": 116} --  ctx: wait_for_message, asked at:
 --  File "C:\Users\rchiodo\source\repos\PyDev.Debugger\tests_python\test_debugger_json.py", line 1443, in test_case_sys_exit_multiple_exception_attach

Test Reader Thread Received Content-Length: 131

Test Reader Thread Received 

Test Reader Thread Received {"type": "event", "event": "output", "body": {"output": " ", "category": "stdout", "source": {}}, "seq": 882, "pydevd_cmd_id": 116}
Test Reader Thread Received Content-Length: 135

Test Reader Thread Received 

Test Reader Thread Received {"type": "event", "event": "output", "body": {"output": "0.5.1", "category": "stdout", "source": {}}, "seq": 884, "pydevd_cmd_id": 116}
Test Reader Thread Received Content-Length: 132

Test Reader Thread Received 

Test Reader Thread Received {"type": "event", "event": "output", "body": {"output": "\n", "category": "stdout", "source": {}}, "seq": 886, "pydevd_cmd_id": 116}
Message returned in get_next_message(): {"type": "event", "event": "output", "body": {"output": " ", "category": "stdout", "source": {}}, "seq": 882, "pydevd_cmd_id": 116} --  ctx: wait_for_message, asked at:
 --  File "C:\Users\rchiodo\source\repos\PyDev.Debugger\tests_python\test_debugger_json.py", line 1443, in test_case_sys_exit_multiple_exception_attach

Message returned in get_next_message(): {"type": "event", "event": "output", "body": {"output": "0.5.1", "category": "stdout", "source": {}}, "seq": 884, "pydevd_cmd_id": 116} --  ctx: wait_for_message, asked at:
 --  File "C:\Users\rchiodo\source\repos\PyDev.Debugger\tests_python\test_debugger_json.py", line 1443, in test_case_sys_exit_multiple_exception_attach

Message returned in get_next_message(): {"type": "event", "event": "output", "body": {"output": "\n", "category": "stdout", "source": {}}, "seq": 886, "pydevd_cmd_id": 116} --  ctx: wait_for_message, asked at:
 --  File "C:\Users\rchiodo\source\repos\PyDev.Debugger\tests_python\test_debugger_json.py", line 1443, in test_case_sys_exit_multiple_exception_attach

stdout:     {0}=={1}
Test Reader Thread Received Content-Length: 144

Test Reader Thread Received 

Test Reader Thread Received {"type": "event", "event": "output", "body": {"output": "    {0}=={1}\n", "category": "stdout", "source": {}}, "seq": 888, "pydevd_cmd_id": 116}
Message returned in get_next_message(): {"type": "event", "event": "output", "body": {"output": "    {0}=={1}\n", "category": "stdout", "source": {}}, "seq": 888, "pydevd_cmd_id": 116} --  ctx: wait_for_message, asked at:
 --  File "C:\Users\rchiodo\source\repos\PyDev.Debugger\tests_python\test_debugger_json.py", line 1443, in test_case_sys_exit_multiple_exception_attach

Test Reader Thread Received Content-Length: 131

Test Reader Thread Received 

Test Reader Thread Received {"type": "event", "event": "output", "body": {"output": " ", "category": "stdout", "source": {}}, "seq": 890, "pydevd_cmd_id": 116}
Test Reader Thread Received Content-Length: 140

Test Reader Thread Received 

Message returned in get_next_message(): {"type": "event", "event": "output", "body": {"output": " ", "category": "stdout", "source": {}}, "seq": 890, "pydevd_cmd_id": 116} --  ctx: wait_for_message, asked at:
 --  File "C:\Users\rchiodo\source\repos\PyDev.Debugger\tests_python\test_debugger_json.py", line 1443, in test_case_sys_exit_multiple_exception_attach

stdout:  stack-data 0.6.3
Test Reader Thread Received {"type": "event", "event": "output", "body": {"output": "stack-data", "category": "stdout", "source": {}}, "seq": 892, "pydevd_cmd_id": 116}
Test Reader Thread Received Content-Length: 131

Test Reader Thread Received 

Message returned in get_next_message(): {"type": "event", "event": "output", "body": {"output": "stack-data", "category": "stdout", "source": {}}, "seq": 892, "pydevd_cmd_id": 116} --  ctx: wait_for_message, asked at:
 --  File "C:\Users\rchiodo\source\repos\PyDev.Debugger\tests_python\test_debugger_json.py", line 1443, in test_case_sys_exit_multiple_exception_attach

Test Reader Thread Received {"type": "event", "event": "output", "body": {"output": " ", "category": "stdout", "source": {}}, "seq": 894, "pydevd_cmd_id": 116}
Test Reader Thread Received Content-Length: 135

Test Reader Thread Received 

Test Reader Thread Received {"type": "event", "event": "output", "body": {"output": "0.6.3", "category": "stdout", "source": {}}, "seq": 896, "pydevd_cmd_id": 116}
Test Reader Thread Received Content-Length: 132

Test Reader Thread Received 

Test Reader Thread Received {"type": "event", "event": "output", "body": {"output": "\n", "category": "stdout", "source": {}}, "seq": 898, "pydevd_cmd_id": 116}
Message returned in get_next_message(): {"type": "event", "event": "output", "body": {"output": " ", "category": "stdout", "source": {}}, "seq": 894, "pydevd_cmd_id": 116} --  ctx: wait_for_message, asked at:
 --  File "C:\Users\rchiodo\source\repos\PyDev.Debugger\tests_python\test_debugger_json.py", line 1443, in test_case_sys_exit_multiple_exception_attach

Message returned in get_next_message(): {"type": "event", "event": "output", "body": {"output": "0.6.3", "category": "stdout", "source": {}}, "seq": 896, "pydevd_cmd_id": 116} --  ctx: wait_for_message, asked at:
 --  File "C:\Users\rchiodo\source\repos\PyDev.Debugger\tests_python\test_debugger_json.py", line 1443, in test_case_sys_exit_multiple_exception_attach

Message returned in get_next_message(): {"type": "event", "event": "output", "body": {"output": "\n", "category": "stdout", "source": {}}, "seq": 898, "pydevd_cmd_id": 116} --  ctx: wait_for_message, asked at:
 --  File "C:\Users\rchiodo\source\repos\PyDev.Debugger\tests_python\test_debugger_json.py", line 1443, in test_case_sys_exit_multiple_exception_attach

stdout:     {0}=={1}
Test Reader Thread Received Content-Length: 144

Test Reader Thread Received 

Test Reader Thread Received {"type": "event", "event": "output", "body": {"output": "    {0}=={1}\n", "category": "stdout", "source": {}}, "seq": 900, "pydevd_cmd_id": 116}
Message returned in get_next_message(): {"type": "event", "event": "output", "body": {"output": "    {0}=={1}\n", "category": "stdout", "source": {}}, "seq": 900, "pydevd_cmd_id": 116} --  ctx: wait_for_message, asked at:
 --  File "C:\Users\rchiodo\source\repos\PyDev.Debugger\tests_python\test_debugger_json.py", line 1443, in test_case_sys_exit_multiple_exception_attach

Test Reader Thread Received Content-Length: 131

Test Reader Thread Received 

Test Reader Thread Received {"type": "event", "event": "output", "body": {"output": " ", "category": "stdout", "source": {}}, "seq": 902, "pydevd_cmd_id": 116}
Test Reader Thread Received Content-Length: 137

Test Reader Thread Received 

Message returned in get_next_message(): {"type": "event", "event": "output", "body": {"output": " ", "category": "stdout", "source": {}}, "seq": 902, "pydevd_cmd_id": 116} --  ctx: wait_for_message, asked at:
 --  File "C:\Users\rchiodo\source\repos\PyDev.Debugger\tests_python\test_debugger_json.py", line 1443, in test_case_sys_exit_multiple_exception_attach

Test Reader Thread Received {"type": "event", "event": "output", "body": {"output": "tempora", "category": "stdout", "source": {}}, "seq": 904, "pydevd_cmd_id": 116}
Message returned in get_next_message(): {"type": "event", "event": "output", "body": {"output": "tempora", "category": "stdout", "source": {}}, "seq": 904, "pydevd_cmd_id": 116} --  ctx: wait_for_message, asked at:
 --  File "C:\Users\rchiodo\source\repos\PyDev.Debugger\tests_python\test_debugger_json.py", line 1443, in test_case_sys_exit_multiple_exception_attach

Test Reader Thread Received Content-Length: 131

Test Reader Thread Received 

stdout:  tempora 5.7.0
Test Reader Thread Received {"type": "event", "event": "output", "body": {"output": " ", "category": "stdout", "source": {}}, "seq": 906, "pydevd_cmd_id": 116}
Test Reader Thread Received Content-Length: 135

Test Reader Thread Received 

Message returned in get_next_message(): {"type": "event", "event": "output", "body": {"output": " ", "category": "stdout", "source": {}}, "seq": 906, "pydevd_cmd_id": 116} --  ctx: wait_for_message, asked at:
 --  File "C:\Users\rchiodo\source\repos\PyDev.Debugger\tests_python\test_debugger_json.py", line 1443, in test_case_sys_exit_multiple_exception_attach

Test Reader Thread Received {"type": "event", "event": "output", "body": {"output": "5.7.0", "category": "stdout", "source": {}}, "seq": 908, "pydevd_cmd_id": 116}
Message returned in get_next_message(): {"type": "event", "event": "output", "body": {"output": "5.7.0", "category": "stdout", "source": {}}, "seq": 908, "pydevd_cmd_id": 116} --  ctx: wait_for_message, asked at:
 --  File "C:\Users\rchiodo\source\repos\PyDev.Debugger\tests_python\test_debugger_json.py", line 1443, in test_case_sys_exit_multiple_exception_attach

Test Reader Thread Received Content-Length: 132

Test Reader Thread Received 

Test Reader Thread Received {"type": "event", "event": "output", "body": {"output": "\n", "category": "stdout", "source": {}}, "seq": 910, "pydevd_cmd_id": 116}
Message returned in get_next_message(): {"type": "event", "event": "output", "body": {"output": "\n", "category": "stdout", "source": {}}, "seq": 910, "pydevd_cmd_id": 116} --  ctx: wait_for_message, asked at:
 --  File "C:\Users\rchiodo\source\repos\PyDev.Debugger\tests_python\test_debugger_json.py", line 1443, in test_case_sys_exit_multiple_exception_attach

stdout:     {0}=={1}
Test Reader Thread Received Content-Length: 144

Test Reader Thread Received 

Test Reader Thread Received {"type": "event", "event": "output", "body": {"output": "    {0}=={1}\n", "category": "stdout", "source": {}}, "seq": 912, "pydevd_cmd_id": 116}
Message returned in get_next_message(): {"type": "event", "event": "output", "body": {"output": "    {0}=={1}\n", "category": "stdout", "source": {}}, "seq": 912, "pydevd_cmd_id": 116} --  ctx: wait_for_message, asked at:
 --  File "C:\Users\rchiodo\source\repos\PyDev.Debugger\tests_python\test_debugger_json.py", line 1443, in test_case_sys_exit_multiple_exception_attach

Test Reader Thread Received Content-Length: 131

Test Reader Thread Received 

stdout:  tox 4.21.2
Test Reader Thread Received {"type": "event", "event": "output", "body": {"output": " ", "category": "stdout", "source": {}}, "seq": 914, "pydevd_cmd_id": 116}
Message returned in get_next_message(): {"type": "event", "event": "output", "body": {"output": " ", "category": "stdout", "source": {}}, "seq": 914, "pydevd_cmd_id": 116} --  ctx: wait_for_message, asked at:
 --  File "C:\Users\rchiodo\source\repos\PyDev.Debugger\tests_python\test_debugger_json.py", line 1443, in test_case_sys_exit_multiple_exception_attach

Test Reader Thread Received Content-Length: 133

Test Reader Thread Received 

Test Reader Thread Received {"type": "event", "event": "output", "body": {"output": "tox", "category": "stdout", "source": {}}, "seq": 916, "pydevd_cmd_id": 116}
Message returned in get_next_message(): {"type": "event", "event": "output", "body": {"output": "tox", "category": "stdout", "source": {}}, "seq": 916, "pydevd_cmd_id": 116} --  ctx: wait_for_message, asked at:
 --  File "C:\Users\rchiodo\source\repos\PyDev.Debugger\tests_python\test_debugger_json.py", line 1443, in test_case_sys_exit_multiple_exception_attach

Test Reader Thread Received Content-Length: 131

Test Reader Thread Received 

Test Reader Thread Received {"type": "event", "event": "output", "body": {"output": " ", "category": "stdout", "source": {}}, "seq": 918, "pydevd_cmd_id": 116}
Test Reader Thread Received Content-Length: 136

Test Reader Thread Received 

Test Reader Thread Received {"type": "event", "event": "output", "body": {"output": "4.21.2", "category": "stdout", "source": {}}, "seq": 920, "pydevd_cmd_id": 116}
Test Reader Thread Received Content-Length: 132

Test Reader Thread Received 

Message returned in get_next_message(): {"type": "event", "event": "output", "body": {"output": " ", "category": "stdout", "source": {}}, "seq": 918, "pydevd_cmd_id": 116} --  ctx: wait_for_message, asked at:
 --  File "C:\Users\rchiodo\source\repos\PyDev.Debugger\tests_python\test_debugger_json.py", line 1443, in test_case_sys_exit_multiple_exception_attach

Test Reader Thread Received {"type": "event", "event": "output", "body": {"output": "\n", "category": "stdout", "source": {}}, "seq": 922, "pydevd_cmd_id": 116}
Message returned in get_next_message(): {"type": "event", "event": "output", "body": {"output": "4.21.2", "category": "stdout", "source": {}}, "seq": 920, "pydevd_cmd_id": 116} --  ctx: wait_for_message, asked at:
 --  File "C:\Users\rchiodo\source\repos\PyDev.Debugger\tests_python\test_debugger_json.py", line 1443, in test_case_sys_exit_multiple_exception_attach

Message returned in get_next_message(): {"type": "event", "event": "output", "body": {"output": "\n", "category": "stdout", "source": {}}, "seq": 922, "pydevd_cmd_id": 116} --  ctx: wait_for_message, asked at:
 --  File "C:\Users\rchiodo\source\repos\PyDev.Debugger\tests_python\test_debugger_json.py", line 1443, in test_case_sys_exit_multiple_exception_attach

stdout:     {0}=={1}
Test Reader Thread Received Content-Length: 144

Test Reader Thread Received 

Test Reader Thread Received {"type": "event", "event": "output", "body": {"output": "    {0}=={1}\n", "category": "stdout", "source": {}}, "seq": 924, "pydevd_cmd_id": 116}
Message returned in get_next_message(): {"type": "event", "event": "output", "body": {"output": "    {0}=={1}\n", "category": "stdout", "source": {}}, "seq": 924, "pydevd_cmd_id": 116} --  ctx: wait_for_message, asked at:
 --  File "C:\Users\rchiodo\source\repos\PyDev.Debugger\tests_python\test_debugger_json.py", line 1443, in test_case_sys_exit_multiple_exception_attach

Test Reader Thread Received Content-Length: 131

Test Reader Thread Received 

Test Reader Thread Received {"type": "event", "event": "output", "body": {"output": " ", "category": "stdout", "source": {}}, "seq": 926, "pydevd_cmd_id": 116}
Message returned in get_next_message(): {"type": "event", "event": "output", "body": {"output": " ", "category": "stdout", "source": {}}, "seq": 926, "pydevd_cmd_id": 116} --  ctx: wait_for_message, asked at:
 --  File "C:\Users\rchiodo\source\repos\PyDev.Debugger\tests_python\test_debugger_json.py", line 1443, in test_case_sys_exit_multiple_exception_attach

Test Reader Thread Received Content-Length: 139

Test Reader Thread Received 

Test Reader Thread Received {"type": "event", "event": "output", "body": {"output": "traitlets", "category": "stdout", "source": {}}, "seq": 928, "pydevd_cmd_id": 116}
stdout:  traitlets 5.14.3
Test Reader Thread Received Content-Length: 131

Test Reader Thread Received 

Test Reader Thread Received {"type": "event", "event": "output", "body": {"output": " ", "category": "stdout", "source": {}}, "seq": 930, "pydevd_cmd_id": 116}
Message returned in get_next_message(): {"type": "event", "event": "output", "body": {"output": "traitlets", "category": "stdout", "source": {}}, "seq": 928, "pydevd_cmd_id": 116} --  ctx: wait_for_message, asked at:
 --  File "C:\Users\rchiodo\source\repos\PyDev.Debugger\tests_python\test_debugger_json.py", line 1443, in test_case_sys_exit_multiple_exception_attach

Test Reader Thread Received Content-Length: 136

Test Reader Thread Received 

Message returned in get_next_message(): {"type": "event", "event": "output", "body": {"output": " ", "category": "stdout", "source": {}}, "seq": 930, "pydevd_cmd_id": 116} --  ctx: wait_for_message, asked at:
 --  File "C:\Users\rchiodo\source\repos\PyDev.Debugger\tests_python\test_debugger_json.py", line 1443, in test_case_sys_exit_multiple_exception_attach

Test Reader Thread Received {"type": "event", "event": "output", "body": {"output": "5.14.3", "category": "stdout", "source": {}}, "seq": 932, "pydevd_cmd_id": 116}
Test Reader Thread Received Content-Length: 132

Test Reader Thread Received 

Test Reader Thread Received {"type": "event", "event": "output", "body": {"output": "\n", "category": "stdout", "source": {}}, "seq": 934, "pydevd_cmd_id": 116}
Message returned in get_next_message(): {"type": "event", "event": "output", "body": {"output": "5.14.3", "category": "stdout", "source": {}}, "seq": 932, "pydevd_cmd_id": 116} --  ctx: wait_for_message, asked at:
 --  File "C:\Users\rchiodo\source\repos\PyDev.Debugger\tests_python\test_debugger_json.py", line 1443, in test_case_sys_exit_multiple_exception_attach

Message returned in get_next_message(): {"type": "event", "event": "output", "body": {"output": "\n", "category": "stdout", "source": {}}, "seq": 934, "pydevd_cmd_id": 116} --  ctx: wait_for_message, asked at:
 --  File "C:\Users\rchiodo\source\repos\PyDev.Debugger\tests_python\test_debugger_json.py", line 1443, in test_case_sys_exit_multiple_exception_attach

stdout:     {0}=={1}
Test Reader Thread Received Content-Length: 144

Test Reader Thread Received 

Test Reader Thread Received {"type": "event", "event": "output", "body": {"output": "    {0}=={1}\n", "category": "stdout", "source": {}}, "seq": 936, "pydevd_cmd_id": 116}
Message returned in get_next_message(): {"type": "event", "event": "output", "body": {"output": "    {0}=={1}\n", "category": "stdout", "source": {}}, "seq": 936, "pydevd_cmd_id": 116} --  ctx: wait_for_message, asked at:
 --  File "C:\Users\rchiodo\source\repos\PyDev.Debugger\tests_python\test_debugger_json.py", line 1443, in test_case_sys_exit_multiple_exception_attach

stdout:  trio 0.26.2
Test Reader Thread Received Content-Length: 131

Test Reader Thread Received 

Test Reader Thread Received {"type": "event", "event": "output", "body": {"output": " ", "category": "stdout", "source": {}}, "seq": 938, "pydevd_cmd_id": 116}
Message returned in get_next_message(): {"type": "event", "event": "output", "body": {"output": " ", "category": "stdout", "source": {}}, "seq": 938, "pydevd_cmd_id": 116} --  ctx: wait_for_message, asked at:
 --  File "C:\Users\rchiodo\source\repos\PyDev.Debugger\tests_python\test_debugger_json.py", line 1443, in test_case_sys_exit_multiple_exception_attach

Test Reader Thread Received Content-Length: 134

Test Reader Thread Received 

Test Reader Thread Received {"type": "event", "event": "output", "body": {"output": "trio", "category": "stdout", "source": {}}, "seq": 940, "pydevd_cmd_id": 116}
Message returned in get_next_message(): {"type": "event", "event": "output", "body": {"output": "trio", "category": "stdout", "source": {}}, "seq": 940, "pydevd_cmd_id": 116} --  ctx: wait_for_message, asked at:
 --  File "C:\Users\rchiodo\source\repos\PyDev.Debugger\tests_python\test_debugger_json.py", line 1443, in test_case_sys_exit_multiple_exception_attach

Test Reader Thread Received Content-Length: 131

Test Reader Thread Received 

Test Reader Thread Received {"type": "event", "event": "output", "body": {"output": " ", "category": "stdout", "source": {}}, "seq": 942, "pydevd_cmd_id": 116}
Test Reader Thread Received Content-Length: 136

Test Reader Thread Received 

Test Reader Thread Received {"type": "event", "event": "output", "body": {"output": "0.26.2", "category": "stdout", "source": {}}, "seq": 944, "pydevd_cmd_id": 116}
Test Reader Thread Received Content-Length: 132

Test Reader Thread Received 

Test Reader Thread Received {"type": "event", "event": "output", "body": {"output": "\n", "category": "stdout", "source": {}}, "seq": 946, "pydevd_cmd_id": 116}
Message returned in get_next_message(): {"type": "event", "event": "output", "body": {"output": " ", "category": "stdout", "source": {}}, "seq": 942, "pydevd_cmd_id": 116} --  ctx: wait_for_message, asked at:
 --  File "C:\Users\rchiodo\source\repos\PyDev.Debugger\tests_python\test_debugger_json.py", line 1443, in test_case_sys_exit_multiple_exception_attach

Message returned in get_next_message(): {"type": "event", "event": "output", "body": {"output": "0.26.2", "category": "stdout", "source": {}}, "seq": 944, "pydevd_cmd_id": 116} --  ctx: wait_for_message, asked at:
 --  File "C:\Users\rchiodo\source\repos\PyDev.Debugger\tests_python\test_debugger_json.py", line 1443, in test_case_sys_exit_multiple_exception_attach

Message returned in get_next_message(): {"type": "event", "event": "output", "body": {"output": "\n", "category": "stdout", "source": {}}, "seq": 946, "pydevd_cmd_id": 116} --  ctx: wait_for_message, asked at:
 --  File "C:\Users\rchiodo\source\repos\PyDev.Debugger\tests_python\test_debugger_json.py", line 1443, in test_case_sys_exit_multiple_exception_attach

stdout:     {0}=={1}
Test Reader Thread Received Content-Length: 144

Test Reader Thread Received 

Test Reader Thread Received {"type": "event", "event": "output", "body": {"output": "    {0}=={1}\n", "category": "stdout", "source": {}}, "seq": 948, "pydevd_cmd_id": 116}
Message returned in get_next_message(): {"type": "event", "event": "output", "body": {"output": "    {0}=={1}\n", "category": "stdout", "source": {}}, "seq": 948, "pydevd_cmd_id": 116} --  ctx: wait_for_message, asked at:
 --  File "C:\Users\rchiodo\source\repos\PyDev.Debugger\tests_python\test_debugger_json.py", line 1443, in test_case_sys_exit_multiple_exception_attach

Test Reader Thread Received Content-Length: 131

Test Reader Thread Received 

Test Reader Thread Received {"type": "event", "event": "output", "body": {"output": " ", "category": "stdout", "source": {}}, "seq": 950, "pydevd_cmd_id": 116}
Message returned in get_next_message(): {"type": "event", "event": "output", "body": {"output": " ", "category": "stdout", "source": {}}, "seq": 950, "pydevd_cmd_id": 116} --  ctx: wait_for_message, asked at:
 --  File "C:\Users\rchiodo\source\repos\PyDev.Debugger\tests_python\test_debugger_json.py", line 1443, in test_case_sys_exit_multiple_exception_attach

stdout:  typing_extensions 4.12.2
Test Reader Thread Received Content-Length: 147

Test Reader Thread Received 

Test Reader Thread Received {"type": "event", "event": "output", "body": {"output": "typing_extensions", "category": "stdout", "source": {}}, "seq": 952, "pydevd_cmd_id": 116}
Message returned in get_next_message(): {"type": "event", "event": "output", "body": {"output": "typing_extensions", "category": "stdout", "source": {}}, "seq": 952, "pydevd_cmd_id": 116} --  ctx: wait_for_message, asked at:
 --  File "C:\Users\rchiodo\source\repos\PyDev.Debugger\tests_python\test_debugger_json.py", line 1443, in test_case_sys_exit_multiple_exception_attach

Test Reader Thread Received Content-Length: 131

Test Reader Thread Received 

Test Reader Thread Received {"type": "event", "event": "output", "body": {"output": " ", "category": "stdout", "source": {}}, "seq": 954, "pydevd_cmd_id": 116}
Message returned in get_next_message(): {"type": "event", "event": "output", "body": {"output": " ", "category": "stdout", "source": {}}, "seq": 954, "pydevd_cmd_id": 116} --  ctx: wait_for_message, asked at:
 --  File "C:\Users\rchiodo\source\repos\PyDev.Debugger\tests_python\test_debugger_json.py", line 1443, in test_case_sys_exit_multiple_exception_attach

Test Reader Thread Received Content-Length: 136

Test Reader Thread Received 

Test Reader Thread Received {"type": "event", "event": "output", "body": {"output": "4.12.2", "category": "stdout", "source": {}}, "seq": 956, "pydevd_cmd_id": 116}
Message returned in get_next_message(): {"type": "event", "event": "output", "body": {"output": "4.12.2", "category": "stdout", "source": {}}, "seq": 956, "pydevd_cmd_id": 116} --  ctx: wait_for_message, asked at:
 --  File "C:\Users\rchiodo\source\repos\PyDev.Debugger\tests_python\test_debugger_json.py", line 1443, in test_case_sys_exit_multiple_exception_attach

Test Reader Thread Received Content-Length: 132

Test Reader Thread Received 

Test Reader Thread Received {"type": "event", "event": "output", "body": {"output": "\n", "category": "stdout", "source": {}}, "seq": 958, "pydevd_cmd_id": 116}
Message returned in get_next_message(): {"type": "event", "event": "output", "body": {"output": "\n", "category": "stdout", "source": {}}, "seq": 958, "pydevd_cmd_id": 116} --  ctx: wait_for_message, asked at:
 --  File "C:\Users\rchiodo\source\repos\PyDev.Debugger\tests_python\test_debugger_json.py", line 1443, in test_case_sys_exit_multiple_exception_attach

stdout:     {0}=={1}
Test Reader Thread Received Content-Length: 144

Test Reader Thread Received 

Test Reader Thread Received {"type": "event", "event": "output", "body": {"output": "    {0}=={1}\n", "category": "stdout", "source": {}}, "seq": 960, "pydevd_cmd_id": 116}
Message returned in get_next_message(): {"type": "event", "event": "output", "body": {"output": "    {0}=={1}\n", "category": "stdout", "source": {}}, "seq": 960, "pydevd_cmd_id": 116} --  ctx: wait_for_message, asked at:
 --  File "C:\Users\rchiodo\source\repos\PyDev.Debugger\tests_python\test_debugger_json.py", line 1443, in test_case_sys_exit_multiple_exception_attach

Test Reader Thread Received Content-Length: 131

Test Reader Thread Received 

stdout:  tzdata 2024.1
Test Reader Thread Received {"type": "event", "event": "output", "body": {"output": " ", "category": "stdout", "source": {}}, "seq": 962, "pydevd_cmd_id": 116}
Test Reader Thread Received Content-Length: 136

Test Reader Thread Received 

Message returned in get_next_message(): {"type": "event", "event": "output", "body": {"output": " ", "category": "stdout", "source": {}}, "seq": 962, "pydevd_cmd_id": 116} --  ctx: wait_for_message, asked at:
 --  File "C:\Users\rchiodo\source\repos\PyDev.Debugger\tests_python\test_debugger_json.py", line 1443, in test_case_sys_exit_multiple_exception_attach

Test Reader Thread Received {"type": "event", "event": "output", "body": {"output": "tzdata", "category": "stdout", "source": {}}, "seq": 964, "pydevd_cmd_id": 116}
Message returned in get_next_message(): {"type": "event", "event": "output", "body": {"output": "tzdata", "category": "stdout", "source": {}}, "seq": 964, "pydevd_cmd_id": 116} --  ctx: wait_for_message, asked at:
 --  File "C:\Users\rchiodo\source\repos\PyDev.Debugger\tests_python\test_debugger_json.py", line 1443, in test_case_sys_exit_multiple_exception_attach

Test Reader Thread Received Content-Length: 131

Test Reader Thread Received 

Test Reader Thread Received {"type": "event", "event": "output", "body": {"output": " ", "category": "stdout", "source": {}}, "seq": 966, "pydevd_cmd_id": 116}
Test Reader Thread Received Content-Length: 136

Test Reader Thread Received 

Test Reader Thread Received {"type": "event", "event": "output", "body": {"output": "2024.1", "category": "stdout", "source": {}}, "seq": 968, "pydevd_cmd_id": 116}
Test Reader Thread Received Content-Length: 132

Test Reader Thread Received 

Test Reader Thread Received {"type": "event", "event": "output", "body": {"output": "\n", "category": "stdout", "source": {}}, "seq": 970, "pydevd_cmd_id": 116}
Message returned in get_next_message(): {"type": "event", "event": "output", "body": {"output": " ", "category": "stdout", "source": {}}, "seq": 966, "pydevd_cmd_id": 116} --  ctx: wait_for_message, asked at:
 --  File "C:\Users\rchiodo\source\repos\PyDev.Debugger\tests_python\test_debugger_json.py", line 1443, in test_case_sys_exit_multiple_exception_attach

Message returned in get_next_message(): {"type": "event", "event": "output", "body": {"output": "2024.1", "category": "stdout", "source": {}}, "seq": 968, "pydevd_cmd_id": 116} --  ctx: wait_for_message, asked at:
 --  File "C:\Users\rchiodo\source\repos\PyDev.Debugger\tests_python\test_debugger_json.py", line 1443, in test_case_sys_exit_multiple_exception_attach

Message returned in get_next_message(): {"type": "event", "event": "output", "body": {"output": "\n", "category": "stdout", "source": {}}, "seq": 970, "pydevd_cmd_id": 116} --  ctx: wait_for_message, asked at:
 --  File "C:\Users\rchiodo\source\repos\PyDev.Debugger\tests_python\test_debugger_json.py", line 1443, in test_case_sys_exit_multiple_exception_attach

stdout:     {0}=={1}
Test Reader Thread Received Content-Length: 144

Test Reader Thread Received 

Test Reader Thread Received {"type": "event", "event": "output", "body": {"output": "    {0}=={1}\n", "category": "stdout", "source": {}}, "seq": 972, "pydevd_cmd_id": 116}
Message returned in get_next_message(): {"type": "event", "event": "output", "body": {"output": "    {0}=={1}\n", "category": "stdout", "source": {}}, "seq": 972, "pydevd_cmd_id": 116} --  ctx: wait_for_message, asked at:
 --  File "C:\Users\rchiodo\source\repos\PyDev.Debugger\tests_python\test_debugger_json.py", line 1443, in test_case_sys_exit_multiple_exception_attach

Test Reader Thread Received Content-Length: 131

Test Reader Thread Received 

Test Reader Thread Received {"type": "event", "event": "output", "body": {"output": " ", "category": "stdout", "source": {}}, "seq": 974, "pydevd_cmd_id": 116}
Message returned in get_next_message(): {"type": "event", "event": "output", "body": {"output": " ", "category": "stdout", "source": {}}, "seq": 974, "pydevd_cmd_id": 116} --  ctx: wait_for_message, asked at:
 --  File "C:\Users\rchiodo\source\repos\PyDev.Debugger\tests_python\test_debugger_json.py", line 1443, in test_case_sys_exit_multiple_exception_attach

stdout:  untangle 1.2.1
Test Reader Thread Received Content-Length: 138

Test Reader Thread Received 

Test Reader Thread Received {"type": "event", "event": "output", "body": {"output": "untangle", "category": "stdout", "source": {}}, "seq": 976, "pydevd_cmd_id": 116}
Message returned in get_next_message(): {"type": "event", "event": "output", "body": {"output": "untangle", "category": "stdout", "source": {}}, "seq": 976, "pydevd_cmd_id": 116} --  ctx: wait_for_message, asked at:
 --  File "C:\Users\rchiodo\source\repos\PyDev.Debugger\tests_python\test_debugger_json.py", line 1443, in test_case_sys_exit_multiple_exception_attach

Test Reader Thread Received Content-Length: 131

Test Reader Thread Received 

Test Reader Thread Received {"type": "event", "event": "output", "body": {"output": " ", "category": "stdout", "source": {}}, "seq": 978, "pydevd_cmd_id": 116}
Test Reader Thread Received Content-Length: 135

Test Reader Thread Received 

Test Reader Thread Received {"type": "event", "event": "output", "body": {"output": "1.2.1", "category": "stdout", "source": {}}, "seq": 980, "pydevd_cmd_id": 116}
Test Reader Thread Received Content-Length: 132

Test Reader Thread Received 

Test Reader Thread Received {"type": "event", "event": "output", "body": {"output": "\n", "category": "stdout", "source": {}}, "seq": 982, "pydevd_cmd_id": 116}
Message returned in get_next_message(): {"type": "event", "event": "output", "body": {"output": " ", "category": "stdout", "source": {}}, "seq": 978, "pydevd_cmd_id": 116} --  ctx: wait_for_message, asked at:
 --  File "C:\Users\rchiodo\source\repos\PyDev.Debugger\tests_python\test_debugger_json.py", line 1443, in test_case_sys_exit_multiple_exception_attach

Message returned in get_next_message(): {"type": "event", "event": "output", "body": {"output": "1.2.1", "category": "stdout", "source": {}}, "seq": 980, "pydevd_cmd_id": 116} --  ctx: wait_for_message, asked at:
 --  File "C:\Users\rchiodo\source\repos\PyDev.Debugger\tests_python\test_debugger_json.py", line 1443, in test_case_sys_exit_multiple_exception_attach

Message returned in get_next_message(): {"type": "event", "event": "output", "body": {"output": "\n", "category": "stdout", "source": {}}, "seq": 982, "pydevd_cmd_id": 116} --  ctx: wait_for_message, asked at:
 --  File "C:\Users\rchiodo\source\repos\PyDev.Debugger\tests_python\test_debugger_json.py", line 1443, in test_case_sys_exit_multiple_exception_attach

stdout:     {0}=={1}
Test Reader Thread Received Content-Length: 144

Test Reader Thread Received 

Test Reader Thread Received {"type": "event", "event": "output", "body": {"output": "    {0}=={1}\n", "category": "stdout", "source": {}}, "seq": 984, "pydevd_cmd_id": 116}
Message returned in get_next_message(): {"type": "event", "event": "output", "body": {"output": "    {0}=={1}\n", "category": "stdout", "source": {}}, "seq": 984, "pydevd_cmd_id": 116} --  ctx: wait_for_message, asked at:
 --  File "C:\Users\rchiodo\source\repos\PyDev.Debugger\tests_python\test_debugger_json.py", line 1443, in test_case_sys_exit_multiple_exception_attach

Test Reader Thread Received Content-Length: 131

Test Reader Thread Received 

Test Reader Thread Received {"type": "event", "event": "output", "body": {"output": " ", "category": "stdout", "source": {}}, "seq": 986, "pydevd_cmd_id": 116}
Test Reader Thread Received Content-Length: 137

Test Reader Thread Received 

Message returned in get_next_message(): {"type": "event", "event": "output", "body": {"output": " ", "category": "stdout", "source": {}}, "seq": 986, "pydevd_cmd_id": 116} --  ctx: wait_for_message, asked at:
 --  File "C:\Users\rchiodo\source\repos\PyDev.Debugger\tests_python\test_debugger_json.py", line 1443, in test_case_sys_exit_multiple_exception_attach

Test Reader Thread Received {"type": "event", "event": "output", "body": {"output": "urllib3", "category": "stdout", "source": {}}, "seq": 988, "pydevd_cmd_id": 116}
stdout:  urllib3 2.2.3
Message returned in get_next_message(): {"type": "event", "event": "output", "body": {"output": "urllib3", "category": "stdout", "source": {}}, "seq": 988, "pydevd_cmd_id": 116} --  ctx: wait_for_message, asked at:
 --  File "C:\Users\rchiodo\source\repos\PyDev.Debugger\tests_python\test_debugger_json.py", line 1443, in test_case_sys_exit_multiple_exception_attach

Test Reader Thread Received Content-Length: 131

Test Reader Thread Received 

Test Reader Thread Received {"type": "event", "event": "output", "body": {"output": " ", "category": "stdout", "source": {}}, "seq": 990, "pydevd_cmd_id": 116}
Message returned in get_next_message(): {"type": "event", "event": "output", "body": {"output": " ", "category": "stdout", "source": {}}, "seq": 990, "pydevd_cmd_id": 116} --  ctx: wait_for_message, asked at:
 --  File "C:\Users\rchiodo\source\repos\PyDev.Debugger\tests_python\test_debugger_json.py", line 1443, in test_case_sys_exit_multiple_exception_attach

Test Reader Thread Received Content-Length: 135

Test Reader Thread Received 

Test Reader Thread Received {"type": "event", "event": "output", "body": {"output": "2.2.3", "category": "stdout", "source": {}}, "seq": 992, "pydevd_cmd_id": 116}
Message returned in get_next_message(): {"type": "event", "event": "output", "body": {"output": "2.2.3", "category": "stdout", "source": {}}, "seq": 992, "pydevd_cmd_id": 116} --  ctx: wait_for_message, asked at:
 --  File "C:\Users\rchiodo\source\repos\PyDev.Debugger\tests_python\test_debugger_json.py", line 1443, in test_case_sys_exit_multiple_exception_attach

Test Reader Thread Received Content-Length: 132

Test Reader Thread Received 

Test Reader Thread Received {"type": "event", "event": "output", "body": {"output": "\n", "category": "stdout", "source": {}}, "seq": 994, "pydevd_cmd_id": 116}
Message returned in get_next_message(): {"type": "event", "event": "output", "body": {"output": "\n", "category": "stdout", "source": {}}, "seq": 994, "pydevd_cmd_id": 116} --  ctx: wait_for_message, asked at:
 --  File "C:\Users\rchiodo\source\repos\PyDev.Debugger\tests_python\test_debugger_json.py", line 1443, in test_case_sys_exit_multiple_exception_attach

stdout:     {0}=={1}
Test Reader Thread Received Content-Length: 144

Test Reader Thread Received 

Test Reader Thread Received {"type": "event", "event": "output", "body": {"output": "    {0}=={1}\n", "category": "stdout", "source": {}}, "seq": 996, "pydevd_cmd_id": 116}
Message returned in get_next_message(): {"type": "event", "event": "output", "body": {"output": "    {0}=={1}\n", "category": "stdout", "source": {}}, "seq": 996, "pydevd_cmd_id": 116} --  ctx: wait_for_message, asked at:
 --  File "C:\Users\rchiodo\source\repos\PyDev.Debugger\tests_python\test_debugger_json.py", line 1443, in test_case_sys_exit_multiple_exception_attach

Test Reader Thread Received Content-Length: 131

Test Reader Thread Received 

Test Reader Thread Received {"type": "event", "event": "output", "body": {"output": " ", "category": "stdout", "source": {}}, "seq": 998, "pydevd_cmd_id": 116}
Message returned in get_next_message(): {"type": "event", "event": "output", "body": {"output": " ", "category": "stdout", "source": {}}, "seq": 998, "pydevd_cmd_id": 116} --  ctx: wait_for_message, asked at:
 --  File "C:\Users\rchiodo\source\repos\PyDev.Debugger\tests_python\test_debugger_json.py", line 1443, in test_case_sys_exit_multiple_exception_attach

stdout:  virtualenv 20.26.6
Test Reader Thread Received Content-Length: 141

Test Reader Thread Received 

Test Reader Thread Received {"type": "event", "event": "output", "body": {"output": "virtualenv", "category": "stdout", "source": {}}, "seq": 1000, "pydevd_cmd_id": 116}
Message returned in get_next_message(): {"type": "event", "event": "output", "body": {"output": "virtualenv", "category": "stdout", "source": {}}, "seq": 1000, "pydevd_cmd_id": 116} --  ctx: wait_for_message, asked at:
 --  File "C:\Users\rchiodo\source\repos\PyDev.Debugger\tests_python\test_debugger_json.py", line 1443, in test_case_sys_exit_multiple_exception_attach

Test Reader Thread Received Content-Length: 132

Test Reader Thread Received 

Test Reader Thread Received {"type": "event", "event": "output", "body": {"output": " ", "category": "stdout", "source": {}}, "seq": 1002, "pydevd_cmd_id": 116}
Message returned in get_next_message(): {"type": "event", "event": "output", "body": {"output": " ", "category": "stdout", "source": {}}, "seq": 1002, "pydevd_cmd_id": 116} --  ctx: wait_for_message, asked at:
 --  File "C:\Users\rchiodo\source\repos\PyDev.Debugger\tests_python\test_debugger_json.py", line 1443, in test_case_sys_exit_multiple_exception_attach

Test Reader Thread Received Content-Length: 138

Test Reader Thread Received 

Test Reader Thread Received {"type": "event", "event": "output", "body": {"output": "20.26.6", "category": "stdout", "source": {}}, "seq": 1004, "pydevd_cmd_id": 116}
Test Reader Thread Received Content-Length: 133

Test Reader Thread Received 

Test Reader Thread Received {"type": "event", "event": "output", "body": {"output": "\n", "category": "stdout", "source": {}}, "seq": 1006, "pydevd_cmd_id": 116}
Message returned in get_next_message(): {"type": "event", "event": "output", "body": {"output": "20.26.6", "category": "stdout", "source": {}}, "seq": 1004, "pydevd_cmd_id": 116} --  ctx: wait_for_message, asked at:
 --  File "C:\Users\rchiodo\source\repos\PyDev.Debugger\tests_python\test_debugger_json.py", line 1443, in test_case_sys_exit_multiple_exception_attach

Message returned in get_next_message(): {"type": "event", "event": "output", "body": {"output": "\n", "category": "stdout", "source": {}}, "seq": 1006, "pydevd_cmd_id": 116} --  ctx: wait_for_message, asked at:
 --  File "C:\Users\rchiodo\source\repos\PyDev.Debugger\tests_python\test_debugger_json.py", line 1443, in test_case_sys_exit_multiple_exception_attach

stdout:     {0}=={1}
Test Reader Thread Received Content-Length: 145

Test Reader Thread Received 

Test Reader Thread Received {"type": "event", "event": "output", "body": {"output": "    {0}=={1}\n", "category": "stdout", "source": {}}, "seq": 1008, "pydevd_cmd_id": 116}
Message returned in get_next_message(): {"type": "event", "event": "output", "body": {"output": "    {0}=={1}\n", "category": "stdout", "source": {}}, "seq": 1008, "pydevd_cmd_id": 116} --  ctx: wait_for_message, asked at:
 --  File "C:\Users\rchiodo\source\repos\PyDev.Debugger\tests_python\test_debugger_json.py", line 1443, in test_case_sys_exit_multiple_exception_attach

Test Reader Thread Received Content-Length: 132

Test Reader Thread Received 

Test Reader Thread Received {"type": "event", "event": "output", "body": {"output": " ", "category": "stdout", "source": {}}, "seq": 1010, "pydevd_cmd_id": 116}
Message returned in get_next_message(): {"type": "event", "event": "output", "body": {"output": " ", "category": "stdout", "source": {}}, "seq": 1010, "pydevd_cmd_id": 116} --  ctx: wait_for_message, asked at:
 --  File "C:\Users\rchiodo\source\repos\PyDev.Debugger\tests_python\test_debugger_json.py", line 1443, in test_case_sys_exit_multiple_exception_attach

Test Reader Thread Received Content-Length: 138

Test Reader Thread Received 

stdout:  wcwidth 0.2.13
Test Reader Thread Received {"type": "event", "event": "output", "body": {"output": "wcwidth", "category": "stdout", "source": {}}, "seq": 1012, "pydevd_cmd_id": 116}
Test Reader Thread Received Content-Length: 132

Test Reader Thread Received 

Message returned in get_next_message(): {"type": "event", "event": "output", "body": {"output": "wcwidth", "category": "stdout", "source": {}}, "seq": 1012, "pydevd_cmd_id": 116} --  ctx: wait_for_message, asked at:
 --  File "C:\Users\rchiodo\source\repos\PyDev.Debugger\tests_python\test_debugger_json.py", line 1443, in test_case_sys_exit_multiple_exception_attach

Test Reader Thread Received {"type": "event", "event": "output", "body": {"output": " ", "category": "stdout", "source": {}}, "seq": 1014, "pydevd_cmd_id": 116}
Test Reader Thread Received Content-Length: 137

Test Reader Thread Received 

Test Reader Thread Received {"type": "event", "event": "output", "body": {"output": "0.2.13", "category": "stdout", "source": {}}, "seq": 1016, "pydevd_cmd_id": 116}
Test Reader Thread Received Content-Length: 133

Test Reader Thread Received 

Test Reader Thread Received {"type": "event", "event": "output", "body": {"output": "\n", "category": "stdout", "source": {}}, "seq": 1018, "pydevd_cmd_id": 116}
Message returned in get_next_message(): {"type": "event", "event": "output", "body": {"output": " ", "category": "stdout", "source": {}}, "seq": 1014, "pydevd_cmd_id": 116} --  ctx: wait_for_message, asked at:
 --  File "C:\Users\rchiodo\source\repos\PyDev.Debugger\tests_python\test_debugger_json.py", line 1443, in test_case_sys_exit_multiple_exception_attach

Message returned in get_next_message(): {"type": "event", "event": "output", "body": {"output": "0.2.13", "category": "stdout", "source": {}}, "seq": 1016, "pydevd_cmd_id": 116} --  ctx: wait_for_message, asked at:
 --  File "C:\Users\rchiodo\source\repos\PyDev.Debugger\tests_python\test_debugger_json.py", line 1443, in test_case_sys_exit_multiple_exception_attach

Message returned in get_next_message(): {"type": "event", "event": "output", "body": {"output": "\n", "category": "stdout", "source": {}}, "seq": 1018, "pydevd_cmd_id": 116} --  ctx: wait_for_message, asked at:
 --  File "C:\Users\rchiodo\source\repos\PyDev.Debugger\tests_python\test_debugger_json.py", line 1443, in test_case_sys_exit_multiple_exception_attach

stdout:     {0}=={1}
Test Reader Thread Received Content-Length: 145

Test Reader Thread Received 

Test Reader Thread Received {"type": "event", "event": "output", "body": {"output": "    {0}=={1}\n", "category": "stdout", "source": {}}, "seq": 1020, "pydevd_cmd_id": 116}
Message returned in get_next_message(): {"type": "event", "event": "output", "body": {"output": "    {0}=={1}\n", "category": "stdout", "source": {}}, "seq": 1020, "pydevd_cmd_id": 116} --  ctx: wait_for_message, asked at:
 --  File "C:\Users\rchiodo\source\repos\PyDev.Debugger\tests_python\test_debugger_json.py", line 1443, in test_case_sys_exit_multiple_exception_attach

Test Reader Thread Received Content-Length: 132

Test Reader Thread Received 

Test Reader Thread Received {"type": "event", "event": "output", "body": {"output": " ", "category": "stdout", "source": {}}, "seq": 1022, "pydevd_cmd_id": 116}
Message returned in get_next_message(): {"type": "event", "event": "output", "body": {"output": " ", "category": "stdout", "source": {}}, "seq": 1022, "pydevd_cmd_id": 116} --  ctx: wait_for_message, asked at:
 --  File "C:\Users\rchiodo\source\repos\PyDev.Debugger\tests_python\test_debugger_json.py", line 1443, in test_case_sys_exit_multiple_exception_attach

Test Reader Thread Received Content-Length: 139

Test Reader Thread Received 

stdout:  Werkzeug 3.0.4
Test Reader Thread Received {"type": "event", "event": "output", "body": {"output": "Werkzeug", "category": "stdout", "source": {}}, "seq": 1024, "pydevd_cmd_id": 116}
Message returned in get_next_message(): {"type": "event", "event": "output", "body": {"output": "Werkzeug", "category": "stdout", "source": {}}, "seq": 1024, "pydevd_cmd_id": 116} --  ctx: wait_for_message, asked at:
 --  File "C:\Users\rchiodo\source\repos\PyDev.Debugger\tests_python\test_debugger_json.py", line 1443, in test_case_sys_exit_multiple_exception_attach

Test Reader Thread Received Content-Length: 132

Test Reader Thread Received 

Test Reader Thread Received {"type": "event", "event": "output", "body": {"output": " ", "category": "stdout", "source": {}}, "seq": 1026, "pydevd_cmd_id": 116}
Message returned in get_next_message(): {"type": "event", "event": "output", "body": {"output": " ", "category": "stdout", "source": {}}, "seq": 1026, "pydevd_cmd_id": 116} --  ctx: wait_for_message, asked at:
 --  File "C:\Users\rchiodo\source\repos\PyDev.Debugger\tests_python\test_debugger_json.py", line 1443, in test_case_sys_exit_multiple_exception_attach

Test Reader Thread Received Content-Length: 136

Test Reader Thread Received 

Test Reader Thread Received {"type": "event", "event": "output", "body": {"output": "3.0.4", "category": "stdout", "source": {}}, "seq": 1028, "pydevd_cmd_id": 116}
Test Reader Thread Received Content-Length: 133

Test Reader Thread Received 

Test Reader Thread Received {"type": "event", "event": "output", "body": {"output": "\n", "category": "stdout", "source": {}}, "seq": 1030, "pydevd_cmd_id": 116}
Message returned in get_next_message(): {"type": "event", "event": "output", "body": {"output": "3.0.4", "category": "stdout", "source": {}}, "seq": 1028, "pydevd_cmd_id": 116} --  ctx: wait_for_message, asked at:
 --  File "C:\Users\rchiodo\source\repos\PyDev.Debugger\tests_python\test_debugger_json.py", line 1443, in test_case_sys_exit_multiple_exception_attach

Message returned in get_next_message(): {"type": "event", "event": "output", "body": {"output": "\n", "category": "stdout", "source": {}}, "seq": 1030, "pydevd_cmd_id": 116} --  ctx: wait_for_message, asked at:
 --  File "C:\Users\rchiodo\source\repos\PyDev.Debugger\tests_python\test_debugger_json.py", line 1443, in test_case_sys_exit_multiple_exception_attach

stdout:     {0}=={1}
Test Reader Thread Received Content-Length: 145

Test Reader Thread Received 

Test Reader Thread Received {"type": "event", "event": "output", "body": {"output": "    {0}=={1}\n", "category": "stdout", "source": {}}, "seq": 1032, "pydevd_cmd_id": 116}
Message returned in get_next_message(): {"type": "event", "event": "output", "body": {"output": "    {0}=={1}\n", "category": "stdout", "source": {}}, "seq": 1032, "pydevd_cmd_id": 116} --  ctx: wait_for_message, asked at:
 --  File "C:\Users\rchiodo\source\repos\PyDev.Debugger\tests_python\test_debugger_json.py", line 1443, in test_case_sys_exit_multiple_exception_attach

Test Reader Thread Received Content-Length: 132

Test Reader Thread Received 

Test Reader Thread Received {"type": "event", "event": "output", "body": {"output": " ", "category": "stdout", "source": {}}, "seq": 1034, "pydevd_cmd_id": 116}
Message returned in get_next_message(): {"type": "event", "event": "output", "body": {"output": " ", "category": "stdout", "source": {}}, "seq": 1034, "pydevd_cmd_id": 116} --  ctx: wait_for_message, asked at:
 --  File "C:\Users\rchiodo\source\repos\PyDev.Debugger\tests_python\test_debugger_json.py", line 1443, in test_case_sys_exit_multiple_exception_attach

Test Reader Thread Received Content-Length: 136

Test Reader Thread Received 

stdout:  wheel 0.44.0
Test Reader Thread Received {"type": "event", "event": "output", "body": {"output": "wheel", "category": "stdout", "source": {}}, "seq": 1036, "pydevd_cmd_id": 116}
Message returned in get_next_message(): {"type": "event", "event": "output", "body": {"output": "wheel", "category": "stdout", "source": {}}, "seq": 1036, "pydevd_cmd_id": 116} --  ctx: wait_for_message, asked at:
 --  File "C:\Users\rchiodo\source\repos\PyDev.Debugger\tests_python\test_debugger_json.py", line 1443, in test_case_sys_exit_multiple_exception_attach

Test Reader Thread Received Content-Length: 132

Test Reader Thread Received 

Test Reader Thread Received {"type": "event", "event": "output", "body": {"output": " ", "category": "stdout", "source": {}}, "seq": 1038, "pydevd_cmd_id": 116}
Message returned in get_next_message(): {"type": "event", "event": "output", "body": {"output": " ", "category": "stdout", "source": {}}, "seq": 1038, "pydevd_cmd_id": 116} --  ctx: wait_for_message, asked at:
 --  File "C:\Users\rchiodo\source\repos\PyDev.Debugger\tests_python\test_debugger_json.py", line 1443, in test_case_sys_exit_multiple_exception_attach

Test Reader Thread Received Content-Length: 137

Test Reader Thread Received 

Test Reader Thread Received {"type": "event", "event": "output", "body": {"output": "0.44.0", "category": "stdout", "source": {}}, "seq": 1040, "pydevd_cmd_id": 116}
Message returned in get_next_message(): {"type": "event", "event": "output", "body": {"output": "0.44.0", "category": "stdout", "source": {}}, "seq": 1040, "pydevd_cmd_id": 116} --  ctx: wait_for_message, asked at:
 --  File "C:\Users\rchiodo\source\repos\PyDev.Debugger\tests_python\test_debugger_json.py", line 1443, in test_case_sys_exit_multiple_exception_attach

Test Reader Thread Received Content-Length: 133

Test Reader Thread Received 

Test Reader Thread Received {"type": "event", "event": "output", "body": {"output": "\n", "category": "stdout", "source": {}}, "seq": 1042, "pydevd_cmd_id": 116}
Message returned in get_next_message(): {"type": "event", "event": "output", "body": {"output": "\n", "category": "stdout", "source": {}}, "seq": 1042, "pydevd_cmd_id": 116} --  ctx: wait_for_message, asked at:
 --  File "C:\Users\rchiodo\source\repos\PyDev.Debugger\tests_python\test_debugger_json.py", line 1443, in test_case_sys_exit_multiple_exception_attach

stdout:     {0}=={1}
Test Reader Thread Received Content-Length: 145

Test Reader Thread Received 

Test Reader Thread Received {"type": "event", "event": "output", "body": {"output": "    {0}=={1}\n", "category": "stdout", "source": {}}, "seq": 1044, "pydevd_cmd_id": 116}
Message returned in get_next_message(): {"type": "event", "event": "output", "body": {"output": "    {0}=={1}\n", "category": "stdout", "source": {}}, "seq": 1044, "pydevd_cmd_id": 116} --  ctx: wait_for_message, asked at:
 --  File "C:\Users\rchiodo\source\repos\PyDev.Debugger\tests_python\test_debugger_json.py", line 1443, in test_case_sys_exit_multiple_exception_attach

Test Reader Thread Received Content-Length: 132

Test Reader Thread Received 

Test Reader Thread Received {"type": "event", "event": "output", "body": {"output": " ", "category": "stdout", "source": {}}, "seq": 1046, "pydevd_cmd_id": 116}
Test Reader Thread Received Content-Length: 142

Test Reader Thread Received 

Test Reader Thread Received {"type": "event", "event": "output", "body": {"output": "zc.lockfile", "category": "stdout", "source": {}}, "seq": 1048, "pydevd_cmd_id": 116}
Message returned in get_next_message(): {"type": "event", "event": "output", "body": {"output": " ", "category": "stdout", "source": {}}, "seq": 1046, "pydevd_cmd_id": 116} --  ctx: wait_for_message, asked at:
 --  File "C:\Users\rchiodo\source\repos\PyDev.Debugger\tests_python\test_debugger_json.py", line 1443, in test_case_sys_exit_multiple_exception_attach

stdout:  zc.lockfile 3.0.post1
Message returned in get_next_message(): {"type": "event", "event": "output", "body": {"output": "zc.lockfile", "category": "stdout", "source": {}}, "seq": 1048, "pydevd_cmd_id": 116} --  ctx: wait_for_message, asked at:
 --  File "C:\Users\rchiodo\source\repos\PyDev.Debugger\tests_python\test_debugger_json.py", line 1443, in test_case_sys_exit_multiple_exception_attach

Test Reader Thread Received Content-Length: 132

Test Reader Thread Received 

Test Reader Thread Received {"type": "event", "event": "output", "body": {"output": " ", "category": "stdout", "source": {}}, "seq": 1050, "pydevd_cmd_id": 116}
Message returned in get_next_message(): {"type": "event", "event": "output", "body": {"output": " ", "category": "stdout", "source": {}}, "seq": 1050, "pydevd_cmd_id": 116} --  ctx: wait_for_message, asked at:
 --  File "C:\Users\rchiodo\source\repos\PyDev.Debugger\tests_python\test_debugger_json.py", line 1443, in test_case_sys_exit_multiple_exception_attach

Test Reader Thread Received Content-Length: 140

Test Reader Thread Received 

Test Reader Thread Received {"type": "event", "event": "output", "body": {"output": "3.0.post1", "category": "stdout", "source": {}}, "seq": 1052, "pydevd_cmd_id": 116}
Test Reader Thread Received Content-Length: 133

Test Reader Thread Received 

Message returned in get_next_message(): {"type": "event", "event": "output", "body": {"output": "3.0.post1", "category": "stdout", "source": {}}, "seq": 1052, "pydevd_cmd_id": 116} --  ctx: wait_for_message, asked at:
 --  File "C:\Users\rchiodo\source\repos\PyDev.Debugger\tests_python\test_debugger_json.py", line 1443, in test_case_sys_exit_multiple_exception_attach

Test Reader Thread Received {"type": "event", "event": "output", "body": {"output": "\n", "category": "stdout", "source": {}}, "seq": 1054, "pydevd_cmd_id": 116}
Message returned in get_next_message(): {"type": "event", "event": "output", "body": {"output": "\n", "category": "stdout", "source": {}}, "seq": 1054, "pydevd_cmd_id": 116} --  ctx: wait_for_message, asked at:
 --  File "C:\Users\rchiodo\source\repos\PyDev.Debugger\tests_python\test_debugger_json.py", line 1443, in test_case_sys_exit_multiple_exception_attach

stdout:     {0}=={1}
Test Reader Thread Received Content-Length: 145

Test Reader Thread Received 

Test Reader Thread Received {"type": "event", "event": "output", "body": {"output": "    {0}=={1}\n", "category": "stdout", "source": {}}, "seq": 1056, "pydevd_cmd_id": 116}
Message returned in get_next_message(): {"type": "event", "event": "output", "body": {"output": "    {0}=={1}\n", "category": "stdout", "source": {}}, "seq": 1056, "pydevd_cmd_id": 116} --  ctx: wait_for_message, asked at:
 --  File "C:\Users\rchiodo\source\repos\PyDev.Debugger\tests_python\test_debugger_json.py", line 1443, in test_case_sys_exit_multiple_exception_attach

Test Reader Thread Received Content-Length: 132

Test Reader Thread Received 

Test Reader Thread Received {"type": "event", "event": "output", "body": {"output": " ", "category": "stdout", "source": {}}, "seq": 1058, "pydevd_cmd_id": 116}
Test Reader Thread Received Content-Length: 135

Test Reader Thread Received 

Message returned in get_next_message(): {"type": "event", "event": "output", "body": {"output": " ", "category": "stdout", "source": {}}, "seq": 1058, "pydevd_cmd_id": 116} --  ctx: wait_for_message, asked at:
 --  File "C:\Users\rchiodo\source\repos\PyDev.Debugger\tests_python\test_debugger_json.py", line 1443, in test_case_sys_exit_multiple_exception_attach

Test Reader Thread Received {"type": "event", "event": "output", "body": {"output": "zipp", "category": "stdout", "source": {}}, "seq": 1060, "pydevd_cmd_id": 116}
stdout:  zipp 3.20.2
Test Reader Thread Received Content-Length: 132

Test Reader Thread Received 

Message returned in get_next_message(): {"type": "event", "event": "output", "body": {"output": "zipp", "category": "stdout", "source": {}}, "seq": 1060, "pydevd_cmd_id": 116} --  ctx: wait_for_message, asked at:
 --  File "C:\Users\rchiodo\source\repos\PyDev.Debugger\tests_python\test_debugger_json.py", line 1443, in test_case_sys_exit_multiple_exception_attach

Test Reader Thread Received {"type": "event", "event": "output", "body": {"output": " ", "category": "stdout", "source": {}}, "seq": 1062, "pydevd_cmd_id": 116}
Test Reader Thread Received Content-Length: 137

Test Reader Thread Received 

Message returned in get_next_message(): {"type": "event", "event": "output", "body": {"output": " ", "category": "stdout", "source": {}}, "seq": 1062, "pydevd_cmd_id": 116} --  ctx: wait_for_message, asked at:
 --  File "C:\Users\rchiodo\source\repos\PyDev.Debugger\tests_python\test_debugger_json.py", line 1443, in test_case_sys_exit_multiple_exception_attach

Test Reader Thread Received {"type": "event", "event": "output", "body": {"output": "3.20.2", "category": "stdout", "source": {}}, "seq": 1064, "pydevd_cmd_id": 116}
Test Reader Thread Received Content-Length: 133

Test Reader Thread Received 

Test Reader Thread Received {"type": "event", "event": "output", "body": {"output": "\n", "category": "stdout", "source": {}}, "seq": 1066, "pydevd_cmd_id": 116}
Message returned in get_next_message(): {"type": "event", "event": "output", "body": {"output": "3.20.2", "category": "stdout", "source": {}}, "seq": 1064, "pydevd_cmd_id": 116} --  ctx: wait_for_message, asked at:
 --  File "C:\Users\rchiodo\source\repos\PyDev.Debugger\tests_python\test_debugger_json.py", line 1443, in test_case_sys_exit_multiple_exception_attach

Message returned in get_next_message(): {"type": "event", "event": "output", "body": {"output": "\n", "category": "stdout", "source": {}}, "seq": 1066, "pydevd_cmd_id": 116} --  ctx: wait_for_message, asked at:
 --  File "C:\Users\rchiodo\source\repos\PyDev.Debugger\tests_python\test_debugger_json.py", line 1443, in test_case_sys_exit_multiple_exception_attach

stdout:     {0}=={1}
Test Reader Thread Received Content-Length: 145

Test Reader Thread Received 

Test Reader Thread Received {"type": "event", "event": "output", "body": {"output": "    {0}=={1}\n", "category": "stdout", "source": {}}, "seq": 1068, "pydevd_cmd_id": 116}
Test Reader Thread Received Content-Length: 132

Test Reader Thread Received 

Message returned in get_next_message(): {"type": "event", "event": "output", "body": {"output": "    {0}=={1}\n", "category": "stdout", "source": {}}, "seq": 1068, "pydevd_cmd_id": 116} --  ctx: wait_for_message, asked at:
 --  File "C:\Users\rchiodo\source\repos\PyDev.Debugger\tests_python\test_debugger_json.py", line 1443, in test_case_sys_exit_multiple_exception_attach

Test Reader Thread Received {"type": "event", "event": "output", "body": {"output": " ", "category": "stdout", "source": {}}, "seq": 1070, "pydevd_cmd_id": 116}
Test Reader Thread Received Content-Length: 141

Test Reader Thread Received 

Test Reader Thread Received {"type": "event", "event": "output", "body": {"output": "zope.event", "category": "stdout", "source": {}}, "seq": 1072, "pydevd_cmd_id": 116}
Test Reader Thread Received Content-Length: 132

Test Reader Thread Received 

stdout:  zope.event 5.0
Test Reader Thread Received {"type": "event", "event": "output", "body": {"output": " ", "category": "stdout", "source": {}}, "seq": 1074, "pydevd_cmd_id": 116}
Message returned in get_next_message(): {"type": "event", "event": "output", "body": {"output": " ", "category": "stdout", "source": {}}, "seq": 1070, "pydevd_cmd_id": 116} --  ctx: wait_for_message, asked at:
 --  File "C:\Users\rchiodo\source\repos\PyDev.Debugger\tests_python\test_debugger_json.py", line 1443, in test_case_sys_exit_multiple_exception_attach

Test Reader Thread Received Content-Length: 134

Test Reader Thread Received 

Message returned in get_next_message(): {"type": "event", "event": "output", "body": {"output": "zope.event", "category": "stdout", "source": {}}, "seq": 1072, "pydevd_cmd_id": 116} --  ctx: wait_for_message, asked at:
 --  File "C:\Users\rchiodo\source\repos\PyDev.Debugger\tests_python\test_debugger_json.py", line 1443, in test_case_sys_exit_multiple_exception_attach

Test Reader Thread Received {"type": "event", "event": "output", "body": {"output": "5.0", "category": "stdout", "source": {}}, "seq": 1076, "pydevd_cmd_id": 116}
Test Reader Thread Received Content-Length: 133

Test Reader Thread Received 

Test Reader Thread Received {"type": "event", "event": "output", "body": {"output": "\n", "category": "stdout", "source": {}}, "seq": 1078, "pydevd_cmd_id": 116}
Message returned in get_next_message(): {"type": "event", "event": "output", "body": {"output": " ", "category": "stdout", "source": {}}, "seq": 1074, "pydevd_cmd_id": 116} --  ctx: wait_for_message, asked at:
 --  File "C:\Users\rchiodo\source\repos\PyDev.Debugger\tests_python\test_debugger_json.py", line 1443, in test_case_sys_exit_multiple_exception_attach

Message returned in get_next_message(): {"type": "event", "event": "output", "body": {"output": "5.0", "category": "stdout", "source": {}}, "seq": 1076, "pydevd_cmd_id": 116} --  ctx: wait_for_message, asked at:
 --  File "C:\Users\rchiodo\source\repos\PyDev.Debugger\tests_python\test_debugger_json.py", line 1443, in test_case_sys_exit_multiple_exception_attach

Message returned in get_next_message(): {"type": "event", "event": "output", "body": {"output": "\n", "category": "stdout", "source": {}}, "seq": 1078, "pydevd_cmd_id": 116} --  ctx: wait_for_message, asked at:
 --  File "C:\Users\rchiodo\source\repos\PyDev.Debugger\tests_python\test_debugger_json.py", line 1443, in test_case_sys_exit_multiple_exception_attach

stdout:     {0}=={1}
Test Reader Thread Received Content-Length: 145

Test Reader Thread Received 

Test Reader Thread Received {"type": "event", "event": "output", "body": {"output": "    {0}=={1}\n", "category": "stdout", "source": {}}, "seq": 1080, "pydevd_cmd_id": 116}
Message returned in get_next_message(): {"type": "event", "event": "output", "body": {"output": "    {0}=={1}\n", "category": "stdout", "source": {}}, "seq": 1080, "pydevd_cmd_id": 116} --  ctx: wait_for_message, asked at:
 --  File "C:\Users\rchiodo\source\repos\PyDev.Debugger\tests_python\test_debugger_json.py", line 1443, in test_case_sys_exit_multiple_exception_attach

Test Reader Thread Received Content-Length: 132

Test Reader Thread Received 

Test Reader Thread Received {"type": "event", "event": "output", "body": {"output": " ", "category": "stdout", "source": {}}, "seq": 1082, "pydevd_cmd_id": 116}
stdout:  zope.interface 7.0.3
Message returned in get_next_message(): {"type": "event", "event": "output", "body": {"output": " ", "category": "stdout", "source": {}}, "seq": 1082, "pydevd_cmd_id": 116} --  ctx: wait_for_message, asked at:
 --  File "C:\Users\rchiodo\source\repos\PyDev.Debugger\tests_python\test_debugger_json.py", line 1443, in test_case_sys_exit_multiple_exception_attach

Test Reader Thread Received Content-Length: 145

Test Reader Thread Received 

Test Reader Thread Received {"type": "event", "event": "output", "body": {"output": "zope.interface", "category": "stdout", "source": {}}, "seq": 1084, "pydevd_cmd_id": 116}
Message returned in get_next_message(): {"type": "event", "event": "output", "body": {"output": "zope.interface", "category": "stdout", "source": {}}, "seq": 1084, "pydevd_cmd_id": 116} --  ctx: wait_for_message, asked at:
 --  File "C:\Users\rchiodo\source\repos\PyDev.Debugger\tests_python\test_debugger_json.py", line 1443, in test_case_sys_exit_multiple_exception_attach

Test Reader Thread Received Content-Length: 132

Test Reader Thread Received 

Test Reader Thread Received {"type": "event", "event": "output", "body": {"output": " ", "category": "stdout", "source": {}}, "seq": 1086, "pydevd_cmd_id": 116}
Message returned in get_next_message(): {"type": "event", "event": "output", "body": {"output": " ", "category": "stdout", "source": {}}, "seq": 1086, "pydevd_cmd_id": 116} --  ctx: wait_for_message, asked at:
 --  File "C:\Users\rchiodo\source\repos\PyDev.Debugger\tests_python\test_debugger_json.py", line 1443, in test_case_sys_exit_multiple_exception_attach

Test Reader Thread Received Content-Length: 136

Test Reader Thread Received 

Test Reader Thread Received {"type": "event", "event": "output", "body": {"output": "7.0.3", "category": "stdout", "source": {}}, "seq": 1088, "pydevd_cmd_id": 116}
Test Reader Thread Received Content-Length: 133

Test Reader Thread Received 

Test Reader Thread Received {"type": "event", "event": "output", "body": {"output": "\n", "category": "stdout", "source": {}}, "seq": 1090, "pydevd_cmd_id": 116}
Message returned in get_next_message(): {"type": "event", "event": "output", "body": {"output": "7.0.3", "category": "stdout", "source": {}}, "seq": 1088, "pydevd_cmd_id": 116} --  ctx: wait_for_message, asked at:
 --  File "C:\Users\rchiodo\source\repos\PyDev.Debugger\tests_python\test_debugger_json.py", line 1443, in test_case_sys_exit_multiple_exception_attach

Message returned in get_next_message(): {"type": "event", "event": "output", "body": {"output": "\n", "category": "stdout", "source": {}}, "seq": 1090, "pydevd_cmd_id": 116} --  ctx: wait_for_message, asked at:
 --  File "C:\Users\rchiodo\source\repos\PyDev.Debugger\tests_python\test_debugger_json.py", line 1443, in test_case_sys_exit_multiple_exception_attach

stdout: sys.exit(1)
Test Reader Thread Received Content-Length: 142

Test Reader Thread Received 

Test Reader Thread Received {"type": "event", "event": "output", "body": {"output": "sys.exit(1)", "category": "stdout", "source": {}}, "seq": 1092, "pydevd_cmd_id": 116}
Message returned in get_next_message(): {"type": "event", "event": "output", "body": {"output": "sys.exit(1)", "category": "stdout", "source": {}}, "seq": 1092, "pydevd_cmd_id": 116} --  ctx: wait_for_message, asked at:
 --  File "C:\Users\rchiodo\source\repos\PyDev.Debugger\tests_python\test_debugger_json.py", line 1443, in test_case_sys_exit_multiple_exception_attach

Test Reader Thread Received Content-Length: 133

Test Reader Thread Received 

Test Reader Thread Received {"type": "event", "event": "output", "body": {"output": "\n", "category": "stdout", "source": {}}, "seq": 1094, "pydevd_cmd_id": 116}
stdout: TEST SUCEEDED!
Message returned in get_next_message(): {"type": "event", "event": "output", "body": {"output": "\n", "category": "stdout", "source": {}}, "seq": 1094, "pydevd_cmd_id": 116} --  ctx: wait_for_message, asked at:
 --  File "C:\Users\rchiodo\source\repos\PyDev.Debugger\tests_python\test_debugger_json.py", line 1443, in test_case_sys_exit_multiple_exception_attach

Test Reader Thread Received Content-Length: 145

Test Reader Thread Received 

Test Reader Thread Received {"type": "event", "event": "output", "body": {"output": "TEST SUCEEDED!", "category": "stdout", "source": {}}, "seq": 1096, "pydevd_cmd_id": 116}
Message returned in get_next_message(): {"type": "event", "event": "output", "body": {"output": "TEST SUCEEDED!", "category": "stdout", "source": {}}, "seq": 1096, "pydevd_cmd_id": 116} --  ctx: wait_for_message, asked at:
 --  File "C:\Users\rchiodo\source\repos\PyDev.Debugger\tests_python\test_debugger_json.py", line 1443, in test_case_sys_exit_multiple_exception_attach

Test Reader Thread Received Content-Length: 133

Test Reader Thread Received 

Test Reader Thread Received {"type": "event", "event": "output", "body": {"output": "\n", "category": "stdout", "source": {}}, "seq": 1098, "pydevd_cmd_id": 116}
Message returned in get_next_message(): {"type": "event", "event": "output", "body": {"output": "\n", "category": "stdout", "source": {}}, "seq": 1098, "pydevd_cmd_id": 116} --  ctx: wait_for_message, asked at:
 --  File "C:\Users\rchiodo\source\repos\PyDev.Debugger\tests_python\test_debugger_json.py", line 1443, in test_case_sys_exit_multiple_exception_attach

Test Reader Thread Received Content-Length: 217

Test Reader Thread Received 

Test Reader Thread Received {"type": "event", "event": "stopped", "body": {"reason": "exception", "description": "1", "threadId": 1, "preserveFocusHint": false, "text": "SystemExit", "allThreadsStopped": true}, "seq": 1100, "pydevd_cmd_id": 157}
Message returned in get_next_message(): {"type": "event", "event": "stopped", "body": {"reason": "exception", "description": "1", "threadId": 1, "preserveFocusHint": false, "text": "SystemExit", "allThreadsStopped": true}, "seq": 1100, "pydevd_cmd_id": 157} --  ctx: wait_for_message, asked at:
 --  File "C:\Users\rchiodo\source\repos\PyDev.Debugger\tests_python\test_debugger_json.py", line 1443, in test_case_sys_exit_multiple_exception_attach

Test Writer Thread Written {"type": "request", "command": "stackTrace", "arguments": {"threadId": 1, "format": {}}, "seq": 25}
Test Reader Thread Received Content-Length: 271

Test Reader Thread Received 

Test Reader Thread Received {"type": "event", "event": "module", "body": {"reason": "new", "module": {"id": 1, "name": "<run_path>", "path": "C:\\Users\\rchiodo\\source\\repos\\PyDev.Debugger\\tests_python\\resources\\_debugger_case_sysexit_unhandled_attach.py"}}, "seq": 1102, "pydevd_cmd_id": 203}
Test Reader Thread Received Content-Length: 397

Test Reader Thread Received 

Test Reader Thread Received {"type": "response", "request_seq": 25, "success": true, "command": "stackTrace", "body": {"stackFrames": [{"id": 8, "name": "<module>", "line": 8, "column": 5, "source": {"path": "C:\\Users\\rchiodo\\source\\repos\\PyDev.Debugger\\tests_python\\resources\\_debugger_case_sysexit_unhandled_attach.py", "sourceReference": 0}, "endColumn": 24}], "totalFrames": 1}, "seq": 1104, "pydevd_cmd_id": 502}
Message returned in get_next_message(): {"type": "event", "event": "module", "body": {"reason": "new", "module": {"id": 1, "name": "<run_path>", "path": "C:\\Users\\rchiodo\\source\\repos\\PyDev.Debugger\\tests_python\\resources\\_debugger_case_sysexit_unhandled_attach.py"}}, "seq": 1102, "pydevd_cmd_id": 203} --  ctx: wait_for_message, asked at:
 --  File "C:\Users\rchiodo\source\repos\PyDev.Debugger\tests_python\test_debugger_json.py", line 1443, in test_case_sys_exit_multiple_exception_attach

Message returned in get_next_message(): {"type": "response", "request_seq": 25, "success": true, "command": "stackTrace", "body": {"stackFrames": [{"id": 8, "name": "<module>", "line": 8, "column": 5, "source": {"path": "C:\\Users\\rchiodo\\source\\repos\\PyDev.Debugger\\tests_python\\resources\\_debugger_case_sysexit_unhandled_attach.py", "sourceReference": 0}, "endColumn": 24}], "totalFrames": 1}, "seq": 1104, "pydevd_cmd_id": 502} --  ctx: wait_for_message, asked at:
 --  File "C:\Users\rchiodo\source\repos\PyDev.Debugger\tests_python\test_debugger_json.py", line 1443, in test_case_sys_exit_multiple_exception_attach

Test Writer Thread Written {"type": "request", "command": "continue", "arguments": {"threadId": "*"}, "seq": 27}
Test Reader Thread Received Content-Length: 128

Test Reader Thread Received 

Test Reader Thread Received {"type": "event", "event": "continued", "body": {"threadId": 1, "allThreadsContinued": true}, "seq": 1106, "pydevd_cmd_id": 158}
Message returned in get_next_message(): {"type": "event", "event": "continued", "body": {"threadId": 1, "allThreadsContinued": true}, "seq": 1106, "pydevd_cmd_id": 158} --  ctx: wait_for_message, asked at:
 --  File "C:\Users\rchiodo\source\repos\PyDev.Debugger\tests_python\test_debugger_json.py", line 1447, in test_case_sys_exit_multiple_exception_attach

Test Reader Thread Received Content-Length: 153

Test Reader Thread Received 

Test Reader Thread Received {"type": "response", "request_seq": 27, "success": true, "command": "continue", "body": {"allThreadsContinued": true}, "seq": 1108, "pydevd_cmd_id": 502}
Message returned in get_next_message(): {"type": "response", "request_seq": 27, "success": true, "command": "continue", "body": {"allThreadsContinued": true}, "seq": 1108, "pydevd_cmd_id": 502} --  ctx: wait_for_message, asked at:
 --  File "C:\Users\rchiodo\source\repos\PyDev.Debugger\tests_python\test_debugger_json.py", line 1447, in test_case_sys_exit_multiple_exception_attach

Test Reader Thread Received Content-Length: 217

Test Reader Thread Received 

Test Reader Thread Received {"type": "event", "event": "stopped", "body": {"reason": "exception", "description": "1", "threadId": 1, "preserveFocusHint": false, "text": "SystemExit", "allThreadsStopped": true}, "seq": 1110, "pydevd_cmd_id": 157}
Message returned in get_next_message(): {"type": "event", "event": "stopped", "body": {"reason": "exception", "description": "1", "threadId": 1, "preserveFocusHint": false, "text": "SystemExit", "allThreadsStopped": true}, "seq": 1110, "pydevd_cmd_id": 157} --  ctx: wait_for_message, asked at:
 --  File "C:\Users\rchiodo\source\repos\PyDev.Debugger\tests_python\test_debugger_json.py", line 1449, in test_case_sys_exit_multiple_exception_attach

Test Writer Thread Written {"type": "request", "command": "stackTrace", "arguments": {"threadId": 1, "format": {}}, "seq": 29}
Test Reader Thread Received Content-Length: 398

Test Reader Thread Received 

Test Reader Thread Received {"type": "response", "request_seq": 29, "success": true, "command": "stackTrace", "body": {"stackFrames": [{"id": 8, "name": "<module>", "line": 11, "column": 1, "source": {"path": "C:\\Users\\rchiodo\\source\\repos\\PyDev.Debugger\\tests_python\\resources\\_debugger_case_sysexit_unhandled_attach.py", "sourceReference": 0}, "endColumn": 20}], "totalFrames": 1}, "seq": 1112, "pydevd_cmd_id": 502}
Message returned in get_next_message(): {"type": "response", "request_seq": 29, "success": true, "command": "stackTrace", "body": {"stackFrames": [{"id": 8, "name": "<module>", "line": 11, "column": 1, "source": {"path": "C:\\Users\\rchiodo\\source\\repos\\PyDev.Debugger\\tests_python\\resources\\_debugger_case_sysexit_unhandled_attach.py", "sourceReference": 0}, "endColumn": 20}], "totalFrames": 1}, "seq": 1112, "pydevd_cmd_id": 502} --  ctx: wait_for_message, asked at:
 --  File "C:\Users\rchiodo\source\repos\PyDev.Debugger\tests_python\test_debugger_json.py", line 1449, in test_case_sys_exit_multiple_exception_attach

Test Writer Thread Written {"type": "request", "command": "continue", "arguments": {"threadId": "*"}, "seq": 31}
Test Reader Thread Received Content-Length: 128

Test Reader Thread Received 

Test Reader Thread Received {"type": "event", "event": "continued", "body": {"threadId": 1, "allThreadsContinued": true}, "seq": 1114, "pydevd_cmd_id": 158}
Message returned in get_next_message(): {"type": "event", "event": "continued", "body": {"threadId": 1, "allThreadsContinued": true}, "seq": 1114, "pydevd_cmd_id": 158} --  ctx: wait_for_message, asked at:
 --  File "C:\Users\rchiodo\source\repos\PyDev.Debugger\tests_python\test_debugger_json.py", line 1453, in test_case_sys_exit_multiple_exception_attach

Test Reader Thread Received Content-Length: 153

Test Reader Thread Received 

Test Reader Thread Received {"type": "response", "request_seq": 31, "success": true, "command": "continue", "body": {"allThreadsContinued": true}, "seq": 1116, "pydevd_cmd_id": 502}
Message returned in get_next_message(): {"type": "response", "request_seq": 31, "success": true, "command": "continue", "body": {"allThreadsContinued": true}, "seq": 1116, "pydevd_cmd_id": 502} --  ctx: wait_for_message, asked at:
 --  File "C:\Users\rchiodo\source\repos\PyDev.Debugger\tests_python\test_debugger_json.py", line 1453, in test_case_sys_exit_multiple_exception_attach

Test Reader Thread Received Content-Length: 217

Test Reader Thread Received 

Test Reader Thread Received {"type": "event", "event": "stopped", "body": {"reason": "exception", "description": "1", "threadId": 1, "preserveFocusHint": false, "text": "SystemExit", "allThreadsStopped": true}, "seq": 1118, "pydevd_cmd_id": 157}
Message returned in get_next_message(): {"type": "event", "event": "stopped", "body": {"reason": "exception", "description": "1", "threadId": 1, "preserveFocusHint": false, "text": "SystemExit", "allThreadsStopped": true}, "seq": 1118, "pydevd_cmd_id": 157} --  ctx: wait_for_message, asked at:
 --  File "C:\Users\rchiodo\source\repos\PyDev.Debugger\tests_python\test_debugger_json.py", line 1462, in test_case_sys_exit_multiple_exception_attach

Test Writer Thread Written {"type": "request", "command": "stackTrace", "arguments": {"threadId": 1, "format": {}}, "seq": 33}
Test Reader Thread Received Content-Length: 398

Test Reader Thread Received 

Test Reader Thread Received {"type": "response", "request_seq": 33, "success": true, "command": "stackTrace", "body": {"stackFrames": [{"id": 8, "name": "<module>", "line": 11, "column": 1, "source": {"path": "C:\\Users\\rchiodo\\source\\repos\\PyDev.Debugger\\tests_python\\resources\\_debugger_case_sysexit_unhandled_attach.py", "sourceReference": 0}, "endColumn": 20}], "totalFrames": 1}, "seq": 1120, "pydevd_cmd_id": 502}
Message returned in get_next_message(): {"type": "response", "request_seq": 33, "success": true, "command": "stackTrace", "body": {"stackFrames": [{"id": 8, "name": "<module>", "line": 11, "column": 1, "source": {"path": "C:\\Users\\rchiodo\\source\\repos\\PyDev.Debugger\\tests_python\\resources\\_debugger_case_sysexit_unhandled_attach.py", "sourceReference": 0}, "endColumn": 20}], "totalFrames": 1}, "seq": 1120, "pydevd_cmd_id": 502} --  ctx: wait_for_message, asked at:
 --  File "C:\Users\rchiodo\source\repos\PyDev.Debugger\tests_python\test_debugger_json.py", line 1462, in test_case_sys_exit_multiple_exception_attach

Test Writer Thread Written {"type": "request", "command": "continue", "arguments": {"threadId": "*"}, "seq": 35}
Test Reader Thread Received Content-Length: 128

Test Reader Thread Received 

Test Reader Thread Received {"type": "event", "event": "continued", "body": {"threadId": 1, "allThreadsContinued": true}, "seq": 1122, "pydevd_cmd_id": 158}
Message returned in get_next_message(): {"type": "event", "event": "continued", "body": {"threadId": 1, "allThreadsContinued": true}, "seq": 1122, "pydevd_cmd_id": 158} --  ctx: wait_for_message, asked at:
 --  File "C:\Users\rchiodo\source\repos\PyDev.Debugger\tests_python\test_debugger_json.py", line 1466, in test_case_sys_exit_multiple_exception_attach

Test Reader Thread Received Content-Length: 153

Test Reader Thread Received 

Test Reader Thread Received {"type": "response", "request_seq": 35, "success": true, "command": "continue", "body": {"allThreadsContinued": true}, "seq": 1124, "pydevd_cmd_id": 502}
Message returned in get_next_message(): {"type": "response", "request_seq": 35, "success": true, "command": "continue", "body": {"allThreadsContinued": true}, "seq": 1124, "pydevd_cmd_id": 502} --  ctx: wait_for_message, asked at:
 --  File "C:\Users\rchiodo\source\repos\PyDev.Debugger\tests_python\test_debugger_json.py", line 1466, in test_case_sys_exit_multiple_exception_attach

Test Reader Thread Received Content-Length: 116

Test Reader Thread Received 

Test Reader Thread Received {"type": "event", "event": "thread", "body": {"reason": "exited", "threadId": 1}, "seq": 1126, "pydevd_cmd_id": 104}
Test Reader Thread Received Content-Length: 87

Test Reader Thread Received 

Test Reader Thread Received {"type": "event", "event": "terminated", "seq": 1128, "body": {}, "pydevd_cmd_id": 129}
PASSED

============================== 1 passed in 6.89s ==============================
